Component: ARM Compiler 5.06 update 6 (build 750) Tool: armlink [4d35ed]

==============================================================================

Section Cross References

    gd32f30x_adc.o(i.adc_deinit) refers to gd32f30x_rcu.o(i.rcu_periph_reset_enable) for rcu_periph_reset_enable
    gd32f30x_adc.o(i.adc_deinit) refers to gd32f30x_rcu.o(i.rcu_periph_reset_disable) for rcu_periph_reset_disable
    gd32f30x_bkp.o(i.bkp_deinit) refers to gd32f30x_rcu.o(i.rcu_bkp_reset_enable) for rcu_bkp_reset_enable
    gd32f30x_bkp.o(i.bkp_deinit) refers to gd32f30x_rcu.o(i.rcu_bkp_reset_disable) for rcu_bkp_reset_disable
    gd32f30x_can.o(i.can_debug_freeze_disable) refers to gd32f30x_dbg.o(i.dbg_periph_enable) for dbg_periph_enable
    gd32f30x_can.o(i.can_debug_freeze_enable) refers to gd32f30x_dbg.o(i.dbg_periph_enable) for dbg_periph_enable
    gd32f30x_can.o(i.can_deinit) refers to gd32f30x_rcu.o(i.rcu_periph_reset_enable) for rcu_periph_reset_enable
    gd32f30x_can.o(i.can_deinit) refers to gd32f30x_rcu.o(i.rcu_periph_reset_disable) for rcu_periph_reset_disable
    gd32f30x_ctc.o(i.ctc_deinit) refers to gd32f30x_rcu.o(i.rcu_periph_reset_enable) for rcu_periph_reset_enable
    gd32f30x_ctc.o(i.ctc_deinit) refers to gd32f30x_rcu.o(i.rcu_periph_reset_disable) for rcu_periph_reset_disable
    gd32f30x_dac.o(i.dac_deinit) refers to gd32f30x_rcu.o(i.rcu_periph_reset_enable) for rcu_periph_reset_enable
    gd32f30x_dac.o(i.dac_deinit) refers to gd32f30x_rcu.o(i.rcu_periph_reset_disable) for rcu_periph_reset_disable
    gd32f30x_dma.o(i.dma_channel_disable) refers to gd32f30x_dma.o(i.dma_periph_and_channel_check) for dma_periph_and_channel_check
    gd32f30x_dma.o(i.dma_channel_enable) refers to gd32f30x_dma.o(i.dma_periph_and_channel_check) for dma_periph_and_channel_check
    gd32f30x_dma.o(i.dma_circulation_disable) refers to gd32f30x_dma.o(i.dma_periph_and_channel_check) for dma_periph_and_channel_check
    gd32f30x_dma.o(i.dma_circulation_enable) refers to gd32f30x_dma.o(i.dma_periph_and_channel_check) for dma_periph_and_channel_check
    gd32f30x_dma.o(i.dma_deinit) refers to gd32f30x_dma.o(i.dma_periph_and_channel_check) for dma_periph_and_channel_check
    gd32f30x_dma.o(i.dma_init) refers to gd32f30x_dma.o(i.dma_periph_and_channel_check) for dma_periph_and_channel_check
    gd32f30x_dma.o(i.dma_interrupt_disable) refers to gd32f30x_dma.o(i.dma_periph_and_channel_check) for dma_periph_and_channel_check
    gd32f30x_dma.o(i.dma_interrupt_enable) refers to gd32f30x_dma.o(i.dma_periph_and_channel_check) for dma_periph_and_channel_check
    gd32f30x_dma.o(i.dma_memory_address_config) refers to gd32f30x_dma.o(i.dma_periph_and_channel_check) for dma_periph_and_channel_check
    gd32f30x_dma.o(i.dma_memory_increase_disable) refers to gd32f30x_dma.o(i.dma_periph_and_channel_check) for dma_periph_and_channel_check
    gd32f30x_dma.o(i.dma_memory_increase_enable) refers to gd32f30x_dma.o(i.dma_periph_and_channel_check) for dma_periph_and_channel_check
    gd32f30x_dma.o(i.dma_memory_to_memory_disable) refers to gd32f30x_dma.o(i.dma_periph_and_channel_check) for dma_periph_and_channel_check
    gd32f30x_dma.o(i.dma_memory_to_memory_enable) refers to gd32f30x_dma.o(i.dma_periph_and_channel_check) for dma_periph_and_channel_check
    gd32f30x_dma.o(i.dma_memory_width_config) refers to gd32f30x_dma.o(i.dma_periph_and_channel_check) for dma_periph_and_channel_check
    gd32f30x_dma.o(i.dma_periph_address_config) refers to gd32f30x_dma.o(i.dma_periph_and_channel_check) for dma_periph_and_channel_check
    gd32f30x_dma.o(i.dma_periph_increase_disable) refers to gd32f30x_dma.o(i.dma_periph_and_channel_check) for dma_periph_and_channel_check
    gd32f30x_dma.o(i.dma_periph_increase_enable) refers to gd32f30x_dma.o(i.dma_periph_and_channel_check) for dma_periph_and_channel_check
    gd32f30x_dma.o(i.dma_periph_width_config) refers to gd32f30x_dma.o(i.dma_periph_and_channel_check) for dma_periph_and_channel_check
    gd32f30x_dma.o(i.dma_priority_config) refers to gd32f30x_dma.o(i.dma_periph_and_channel_check) for dma_periph_and_channel_check
    gd32f30x_dma.o(i.dma_transfer_direction_config) refers to gd32f30x_dma.o(i.dma_periph_and_channel_check) for dma_periph_and_channel_check
    gd32f30x_dma.o(i.dma_transfer_number_config) refers to gd32f30x_dma.o(i.dma_periph_and_channel_check) for dma_periph_and_channel_check
    gd32f30x_dma.o(i.dma_transfer_number_get) refers to gd32f30x_dma.o(i.dma_periph_and_channel_check) for dma_periph_and_channel_check
    gd32f30x_fmc.o(i.fmc_bank0_erase) refers to gd32f30x_fmc.o(i.fmc_bank0_ready_wait) for fmc_bank0_ready_wait
    gd32f30x_fmc.o(i.fmc_bank0_ready_wait) refers to gd32f30x_fmc.o(i.fmc_bank0_state_get) for fmc_bank0_state_get
    gd32f30x_fmc.o(i.fmc_bank1_erase) refers to gd32f30x_fmc.o(i.fmc_bank1_ready_wait) for fmc_bank1_ready_wait
    gd32f30x_fmc.o(i.fmc_bank1_ready_wait) refers to gd32f30x_fmc.o(i.fmc_bank1_state_get) for fmc_bank1_state_get
[...]
    Removing usbd_std.o(.rev16_text), (4 bytes).
    Removing usbd_std.o(.revsh_text), (4 bytes).
    Removing custom_hid_core.o(.rev16_text), (4 bytes).
    Removing custom_hid_core.o(.revsh_text), (4 bytes).
    Removing custom_hid_core.o(i.USB_HID_INIT), (128 bytes).
    Removing custom_hid_core.o(i.custom_hid_report_send), (30 bytes).
    Removing custom_hid_core.o(i.custom_hid_send), (72 bytes).
    Removing bbb_scsi_driver.o(.rev16_text), (4 bytes).
    Removing bbb_scsi_driver.o(.revsh_text), (4 bytes).
    Removing bbb_scsi_driver.o(i.bbb_report_array_to_host), (192 bytes).
    Removing bbb_scsi_driver.o(i.bbb_set_csw), (28 bytes).
    Removing bbb_scsi_driver.o(i.process_scsi_command), (1132 bytes).
    Removing bbb_scsi_driver.o(i.scsi_command_parse), (32 bytes).
    Removing bbb_scsi_driver.o(.bss), (4160 bytes).
    Removing bbb_scsi_driver.o(.data), (104 bytes).
    Removing flash_access.o(.rev16_text), (4 bytes).
    Removing flash_access.o(.revsh_text), (4 bytes).
    Removing flash_access.o(i.flash_init), (4 bytes).
    Removing flash_access.o(i.flash_read_multi_blocks), (28 bytes).
    Removing flash_access.o(i.flash_write_multi_blocks), (34 bytes).
    Removing flash_access.o(.bss), (512 bytes).
    Removing msc_core.o(.rev16_text), (4 bytes).
    Removing msc_core.o(.revsh_text), (4 bytes).
    Removing msc_core.o(i.USB_MSC_INIT), (128 bytes).
    Removing msc_core.o(i.msc_data_handler), (84 bytes).
    Removing msc_core.o(i.msc_deinit), (52 bytes).
    Removing msc_core.o(i.msc_init), (64 bytes).
    Removing msc_core.o(i.msc_req_handler), (168 bytes).
    Removing msc_core.o(.constdata), (124 bytes).
    Removing msc_core.o(.data), (200 bytes).
    Removing diskio.o(.rev16_text), (4 bytes).
    Removing diskio.o(.revsh_text), (4 bytes).
    Removing diskio.o(i.disk_initialize), (48 bytes).
    Removing diskio.o(i.disk_ioctl), (68 bytes).
    Removing diskio.o(i.disk_read), (44 bytes).
    Removing diskio.o(i.disk_status), (44 bytes).
    Removing diskio.o(i.disk_write), (50 bytes).
    Removing diskio.o(i.get_fattime), (8 bytes).
    Removing ff.o(i.check_fs), (144 bytes).
    Removing ff.o(i.chk_chr), (24 bytes).
    Removing ff.o(i.clust2sect), (26 bytes).
    Removing ff.o(i.create_chain), (214 bytes).
    Removing ff.o(i.create_name), (280 bytes).
    Removing ff.o(i.dir_alloc), (92 bytes).
    Removing ff.o(i.dir_find), (92 bytes).
    Removing ff.o(i.dir_next), (314 bytes).
    Removing ff.o(i.dir_read), (114 bytes).
    Removing ff.o(i.dir_register), (58 bytes).
    Removing ff.o(i.dir_remove), (54 bytes).
    Removing ff.o(i.dir_sdi), (200 bytes).
    Removing ff.o(i.f_chmod), (84 bytes).
    Removing ff.o(i.f_close), (32 bytes).
    Removing ff.o(i.f_closedir), (22 bytes).
    Removing ff.o(i.f_getfree), (258 bytes).
    Removing ff.o(i.f_lseek), (410 bytes).
    Removing ff.o(i.f_mkdir), (352 bytes).
    Removing ff.o(i.f_mkfs), (1668 bytes).
    Removing ff.o(i.f_mount), (92 bytes).
    Removing ff.o(i.f_open), (374 bytes).
    Removing ff.o(i.f_opendir), (110 bytes).
    Removing ff.o(i.f_read), (464 bytes).
    Removing ff.o(i.f_readdir), (88 bytes).
    Removing ff.o(i.f_rename), (258 bytes).
    Removing ff.o(i.f_stat), (60 bytes).
    Removing ff.o(i.f_sync), (176 bytes).
    Removing ff.o(i.f_truncate), (184 bytes).
    Removing ff.o(i.f_unlink), (166 bytes).
    Removing ff.o(i.f_utime), (86 bytes).
    Removing ff.o(i.f_write), (524 bytes).
    Removing ff.o(i.find_volume), (984 bytes).
    Removing ff.o(i.follow_path), (146 bytes).
    Removing ff.o(i.get_fat), (318 bytes).
    Removing ff.o(i.get_fileinfo), (114 bytes).
    Removing ff.o(i.get_ldnumber), (76 bytes).
    Removing ff.o(i.ld_clust), (32 bytes).
    Removing ff.o(i.mem_cmp), (38 bytes).
    Removing ff.o(i.mem_cpy), (26 bytes).
    Removing ff.o(i.mem_set), (20 bytes).
    Removing ff.o(i.move_window), (52 bytes).
    Removing ff.o(i.put_fat), (392 bytes).
    Removing ff.o(i.remove_chain), (108 bytes).
    Removing ff.o(i.st_clust), (16 bytes).
    Removing ff.o(i.sync_fs), (200 bytes).
    Removing ff.o(i.sync_window), (82 bytes).
    Removing ff.o(i.validate), (50 bytes).
    Removing ff.o(.constdata), (44 bytes).
    Removing ff.o(.data), (10 bytes).
    Removing interrupt.o(.rev16_text), (4 bytes).
    Removing interrupt.o(.revsh_text), (4 bytes).
    Removing _dac.o(.rev16_text), (4 bytes).
    Removing _dac.o(.revsh_text), (4 bytes).
    Removing _dac.o(i._dac_gpio_init), (32 bytes).
    Removing _dac.o(i._dac_init), (58 bytes).
    Removing _dac.o(i._dac_put), (16 bytes).
    Removing _pwm.o(.rev16_text), (4 bytes).
    Removing _pwm.o(.revsh_text), (4 bytes).
    Removing _pwm.o(i._pwm_gpio_init), (44 bytes).
    Removing _pwm.o(i._pwm_init), (12 bytes).
    Removing _pwm.o(i._pwm_out), (18 bytes).
    Removing _pwm.o(i._timers_init), (164 bytes).
    Removing dac.o(.rev16_text), (4 bytes).
    Removing dac.o(.revsh_text), (4 bytes).
    Removing dac.o(i.dac_gpio_init), (32 bytes).
    Removing dac.o(i.dac_init), (58 bytes).
    Removing dac.o(i.dac_put), (16 bytes).
    Removing fatfs_test.o(.rev16_text), (4 bytes).
    Removing fatfs_test.o(.revsh_text), (4 bytes).
    Removing fatfs_test.o(i.fatfs_test), (236 bytes).
    Removing fatfs_test.o(.bss), (9300 bytes).
    Removing fatfs_test.o(.data), (23 bytes).
    Removing file.o(.rev16_text), (4 bytes).
    Removing file.o(.revsh_text), (4 bytes).
    Removing file.o(i.close), (16 bytes).
    Removing file.o(i.fatfs_format), (56 bytes).
    Removing file.o(i.fatfs_init), (72 bytes).
    Removing file.o(i.openRead), (24 bytes).
    Removing file.o(i.openWrite), (20 bytes).
    Removing file.o(i.read), (28 bytes).
    Removing file.o(i.read_file), (56 bytes).
    Removing file.o(i.write), (44 bytes).
    Removing file.o(i.write_file), (92 bytes).
    Removing file.o(.bss), (8276 bytes).
    Removing fsmc.o(.rev16_text), (4 bytes).
    Removing fsmc.o(.revsh_text), (4 bytes).
    Removing fsmc.o(i.exmc_gpio_init), (92 bytes).
    Removing fsmc.o(i.exmc_init), (98 bytes).
    Removing fsmc.o(i.read_data), (14 bytes).
    Removing fsmc.o(i.write_data), (10 bytes).
    Removing led.o(.rev16_text), (4 bytes).
    Removing led.o(.revsh_text), (4 bytes).
    Removing led.o(i.debug_led_breath), (48 bytes).
    Removing led.o(i.debug_led_breath_period), (56 bytes).
    Removing led.o(i.debug_led_display), (52 bytes).
    Removing led.o(i.debug_led_onff), (36 bytes).
    Removing led.o(i.status_led_event_timing), (24 bytes).
    Removing led.o(i.status_led_twink), (100 bytes).
    Removing pwm.o(.rev16_text), (4 bytes).
    Removing pwm.o(.revsh_text), (4 bytes).
    Removing pwm.o(i.pwm_gpio_init), (44 bytes).
    Removing pwm.o(i.pwm_init), (12 bytes).
    Removing pwm.o(i.pwm_out), (18 bytes).
    Removing pwm.o(i.timers_init), (164 bytes).
    Removing systick.o(.rev16_text), (4 bytes).
    Removing systick.o(.revsh_text), (4 bytes).
    Removing systick.o(i.delay_1ms), (20 bytes).
    Removing time.o(i.sleep_us), (20 bytes).
    Removing usart.o(.rev16_text), (4 bytes).
    Removing usart.o(.revsh_text), (4 bytes).
    Removing usart.o(i.usart_send_string), (26 bytes).
    Removing usart.o(i.usart_send_value), (36 bytes).
    Removing w25q16.o(.rev16_text), (4 bytes).
    Removing w25q16.o(.revsh_text), (4 bytes).
    Removing w25q16.o(i.read_w25q16_id), (84 bytes).
    Removing w25q16.o(i.tesing_w25q16_busy), (56 bytes).
    Removing w25q16.o(i.w25q16_gpio_init), (84 bytes).
    Removing w25q16.o(i.w25q16_page_write), (96 bytes).
    Removing w25q16.o(i.w25q16_power_off), (36 bytes).
    Removing w25q16.o(i.w25q16_power_on), (36 bytes).
    Removing w25q16.o(i.w25q16_read_data), (84 bytes).
    Removing w25q16.o(i.w25q16_read_datas), (88 bytes).
    Removing w25q16.o(i.w25q16_receive_byte), (4 bytes).
    Removing w25q16.o(i.w25q16_sector_erase), (72 bytes).
    Removing w25q16.o(i.w25q16_send_byte), (84 bytes).
    Removing w25q16.o(i.w25q16_spibus_init), (76 bytes).
    Removing w25q16.o(i.w25q16_write_enable), (40 bytes).
    Removing w25q16.o(i.w25q16_write_pro), (226 bytes).
    Removing w25q16.o(.bss), (32 bytes).
    Removing wdog.o(.rev16_text), (4 bytes).
    Removing wdog.o(.revsh_text), (4 bytes).
    Removing wdog.o(i.wdog_init), (40 bytes).
    Removing main.o(.rev16_text), (4 bytes).
    Removing main.o(.revsh_text), (4 bytes).
    Removing main.o(.data), (4 bytes).
    Removing usb.o(.rev16_text), (4 bytes).
    Removing usb.o(.revsh_text), (4 bytes).
    Removing usb.o(i.usb_mode_init), (18 bytes).
    Removing flash.o(.rev16_text), (4 bytes).
    Removing flash.o(.revsh_text), (4 bytes).
    Removing flash.o(i.flash_read_protection), (30 bytes).
    Removing flash.o(i.fmc_erase_pages), (86 bytes).
    Removing flash.o(i.fmc_read), (36 bytes).
    Removing flash.o(i.fmc_write), (80 bytes).
    Removing flash.o(.data), (4 bytes).
    Removing log.o(.rev16_text), (4 bytes).
    Removing log.o(.revsh_text), (4 bytes).
    Removing timer.o(.rev16_text), (4 bytes).
    Removing timer.o(.revsh_text), (4 bytes).
    Removing hub.o(.rev16_text), (4 bytes).
    Removing hub.o(.revsh_text), (4 bytes).
    Removing message_pool.o(.rev16_text), (4 bytes).
    Removing message_pool.o(.revsh_text), (4 bytes).
    Removing controller.o(.rev16_text), (4 bytes).
    Removing controller.o(.revsh_text), (4 bytes).
    Removing dadd.o(.text), (334 bytes).
    Removing dmul.o(.text), (228 bytes).
    Removing ddiv.o(.text), (222 bytes).
    Removing dfixul.o(.text), (48 bytes).
    Removing cdrcmple.o(.text), (48 bytes).
    Removing depilogue.o(.text), (186 bytes).

826 unused section(s) (total 63367 bytes) removed from the image.

==============================================================================

Image Symbol Table

    Local Symbols

    Symbol Name                              Value     Ov Type        Size  Object(Section)

    ../clib/../cmprslib/zerorunl2.c          0x00000000   Number         0  __dczerorl2.o ABSOLUTE
    ../clib/microlib/division.c              0x00000000   Number         0  uidiv.o ABSOLUTE
    ../clib/microlib/division.c              0x00000000   Number         0  uldiv.o ABSOLUTE
    ../clib/microlib/init/entry.s            0x00000000   Number         0  entry10b.o ABSOLUTE
    ../clib/microlib/init/entry.s            0x00000000   Number         0  entry11b.o ABSOLUTE
    ../clib/microlib/init/entry.s            0x00000000   Number         0  entry10a.o ABSOLUTE
    ../clib/microlib/init/entry.s            0x00000000   Number         0  entry11a.o ABSOLUTE
    ../clib/microlib/init/entry.s            0x00000000   Number         0  entry8b.o ABSOLUTE
    ../clib/microlib/init/entry.s            0x00000000   Number         0  entry9a.o ABSOLUTE
    ../clib/microlib/init/entry.s            0x00000000   Number         0  entry9b.o ABSOLUTE
    ../clib/microlib/init/entry.s            0x00000000   Number         0  entry5.o ABSOLUTE
    ../clib/microlib/init/entry.s            0x00000000   Number         0  entry8a.o ABSOLUTE
    ../clib/microlib/init/entry.s            0x00000000   Number         0  entry7b.o ABSOLUTE
    ../clib/microlib/init/entry.s            0x00000000   Number         0  entry.o ABSOLUTE
    ../clib/microlib/init/entry.s            0x00000000   Number         0  entry7a.o ABSOLUTE
    ../clib/microlib/init/entry.s            0x00000000   Number         0  entry2.o ABSOLUTE
    ../clib/microlib/longlong.c              0x00000000   Number         0  llshl.o ABSOLUTE
    ../clib/microlib/longlong.c              0x00000000   Number         0  llushr.o ABSOLUTE
    ../clib/microlib/longlong.c              0x00000000   Number         0  llsshr.o ABSOLUTE
    ../clib/microlib/printf/printf.c         0x00000000   Number         0  printfa.o ABSOLUTE
    ../clib/microlib/stdio/fputc.c           0x00000000   Number         0  fputc.o ABSOLUTE
    ../clib/microlib/stdio/semi.s            0x00000000   Number         0  semi.o ABSOLUTE
    ../clib/microlib/stdio/streams.c         0x00000000   Number         0  stdout.o ABSOLUTE
    ../clib/microlib/string/memcpy.c         0x00000000   Number         0  memcpyb.o ABSOLUTE
    ../clib/microlib/string/memcpy.c         0x00000000   Number         0  memcpya.o ABSOLUTE
    ../clib/microlib/string/memset.c         0x00000000   Number         0  memseta.o ABSOLUTE
    ../clib/microlib/stubs.s                 0x00000000   Number         0  iusefp.o ABSOLUTE
    ../clib/microlib/stubs.s                 0x00000000   Number         0  iusesemip.o ABSOLUTE
    ../fplib/microlib/fpadd.c                0x00000000   Number         0  dadd.o ABSOLUTE
    ../fplib/microlib/fpdiv.c                0x00000000   Number         0  ddiv.o ABSOLUTE
    ../fplib/microlib/fpepilogue.c           0x00000000   Number         0  depilogue.o ABSOLUTE
    ../fplib/microlib/fpfix.c                0x00000000   Number         0  dfixul.o ABSOLUTE
    ../fplib/microlib/fpmul.c                0x00000000   Number         0  dmul.o ABSOLUTE
    ..\\libraries\\CMSIS\\GD\\GD32F30x\\Source\\system_gd32f30x.c 0x00000000   Number         0  system_gd32f30x.o ABSOLUTE
    ..\\libraries\\GD32F30x_standard_peripheral\\Source\\gd32f30x_adc.c 0x00000000   Number         0  gd32f30x_adc.o ABSOLUTE
    ..\\libraries\\GD32F30x_standard_peripheral\\Source\\gd32f30x_bkp.c 0x00000000   Number         0  gd32f30x_bkp.o ABSOLUTE
    ..\\libraries\\GD32F30x_standard_peripheral\\Source\\gd32f30x_can.c 0x00000000   Number         0  gd32f30x_can.o ABSOLUTE
    ..\\libraries\\GD32F30x_standard_peripheral\\Source\\gd32f30x_crc.c 0x00000000   Number         0  gd32f30x_crc.o ABSOLUTE
    ..\\libraries\\GD32F30x_standard_peripheral\\Source\\gd32f30x_ctc.c 0x00000000   Number         0  gd32f30x_ctc.o ABSOLUTE
    ..\\libraries\\GD32F30x_standard_peripheral\\Source\\gd32f30x_dac.c 0x00000000   Number         0  gd32f30x_dac.o ABSOLUTE
    ..\\libraries\\GD32F30x_standard_peripheral\\Source\\gd32f30x_dbg.c 0x00000000   Number         0  gd32f30x_dbg.o ABSOLUTE
    ..\\libraries\\GD32F30x_standard_peripheral\\Source\\gd32f30x_dma.c 0x00000000   Number         0  gd32f30x_dma.o ABSOLUTE
    ..\\libraries\\GD32F30x_standard_peripheral\\Source\\gd32f30x_enet.c 0x00000000   Number         0  gd32f30x_enet.o ABSOLUTE
    ..\\libraries\\GD32F30x_standard_peripheral\\Source\\gd32f30x_exmc.c 0x00000000   Number         0  gd32f30x_exmc.o ABSOLUTE
    ..\\libraries\\GD32F30x_standard_peripheral\\Source\\gd32f30x_exti.c 0x00000000   Number         0  gd32f30x_exti.o ABSOLUTE
    ..\\libraries\\GD32F30x_standard_peripheral\\Source\\gd32f30x_fmc.c 0x00000000   Number         0  gd32f30x_fmc.o ABSOLUTE
    ..\\libraries\\GD32F30x_standard_peripheral\\Source\\gd32f30x_fwdgt.c 0x00000000   Number         0  gd32f30x_fwdgt.o ABSOLUTE
    ..\\libraries\\GD32F30x_standard_peripheral\\Source\\gd32f30x_gpio.c 0x00000000   Number         0  gd32f30x_gpio.o ABSOLUTE
    ..\\libraries\\GD32F30x_standard_peripheral\\Source\\gd32f30x_i2c.c 0x00000000   Number         0  gd32f30x_i2c.o ABSOLUTE
    ..\\libraries\\GD32F30x_standard_peripheral\\Source\\gd32f30x_misc.c 0x00000000   Number         0  gd32f30x_misc.o ABSOLUTE
    ..\\libraries\\GD32F30x_standard_peripheral\\Source\\gd32f30x_pmu.c 0x00000000   Number         0  gd32f30x_pmu.o ABSOLUTE
    ..\\libraries\\GD32F30x_standard_peripheral\\Source\\gd32f30x_rcu.c 0x00000000   Number         0  gd32f30x_rcu.o ABSOLUTE
    ..\\libraries\\GD32F30x_standard_peripheral\\Source\\gd32f30x_rtc.c 0x00000000   Number         0  gd32f30x_rtc.o ABSOLUTE
    ..\\libraries\\GD32F30x_standard_peripheral\\Source\\gd32f30x_sdio.c 0x00000000   Number         0  gd32f30x_sdio.o ABSOLUTE
    ..\\libraries\\GD32F30x_standard_peripheral\\Source\\gd32f30x_spi.c 0x00000000   Number         0  gd32f30x_spi.o ABSOLUTE
    ..\\libraries\\GD32F30x_standard_peripheral\\Source\\gd32f30x_timer.c 0x00000000   Number         0  gd32f30x_timer.o ABSOLUTE
    ..\\libraries\\GD32F30x_standard_peripheral\\Source\\gd32f30x_usart.c 0x00000000   Number         0  gd32f30x_usart.o ABSOLUTE
    ..\\libraries\\GD32F30x_standard_peripheral\\Source\\gd32f30x_wwdgt.c 0x00000000   Number         0  gd32f30x_wwdgt.o ABSOLUTE
    ..\\libraries\\GD32F30x_usbd_driver\\Source\\usbd_core.c 0x00000000   Number         0  usbd_core.o ABSOLUTE
    ..\\libraries\\GD32F30x_usbd_driver\\Source\\usbd_int.c 0x00000000   Number         0  usbd_int.o ABSOLUTE
    ..\\libraries\\GD32F30x_usbd_driver\\Source\\usbd_pwr.c 0x00000000   Number         0  usbd_pwr.o ABSOLUTE
    ..\\libraries\\GD32F30x_usbd_driver\\Source\\usbd_std.c 0x00000000   Number         0  usbd_std.o ABSOLUTE
    ..\\src\\fatfs\\src\\diskio.c            0x00000000   Number         0  diskio.o ABSOLUTE
    ..\\src\\interrupt\\src\\interrupt.c     0x00000000   Number         0  interrupt.o ABSOLUTE
    ..\\src\\source\\main.c                  0x00000000   Number         0  main.o ABSOLUTE
    ..\\src\\source\\src\\_dac.c             0x00000000   Number         0  _dac.o ABSOLUTE
    ..\\src\\source\\src\\_pwm.c             0x00000000   Number         0  _pwm.o ABSOLUTE
    ..\\src\\source\\src\\controller.c       0x00000000   Number         0  controller.o ABSOLUTE
    ..\\src\\source\\src\\dac.c              0x00000000   Number         0  dac.o ABSOLUTE
    ..\\src\\source\\src\\fatfs_test.c       0x00000000   Number         0  fatfs_test.o ABSOLUTE
    ..\\src\\source\\src\\file.c             0x00000000   Number         0  file.o ABSOLUTE
    ..\\src\\source\\src\\flash.c            0x00000000   Number         0  flash.o ABSOLUTE
    ..\\src\\source\\src\\fsmc.c             0x00000000   Number         0  fsmc.o ABSOLUTE
    ..\\src\\source\\src\\hub.c              0x00000000   Number         0  hub.o ABSOLUTE
    ..\\src\\source\\src\\led.c              0x00000000   Number         0  led.o ABSOLUTE
    ..\\src\\source\\src\\log.c              0x00000000   Number         0  log.o ABSOLUTE
    ..\\src\\source\\src\\message_pool.c     0x00000000   Number         0  message_pool.o ABSOLUTE
    ..\\src\\source\\src\\pwm.c              0x00000000   Number         0  pwm.o ABSOLUTE
    ..\\src\\source\\src\\systick.c          0x00000000   Number         0  systick.o ABSOLUTE
    ..\\src\\source\\src\\timer.c            0x00000000   Number         0  timer.o ABSOLUTE
    ..\\src\\source\\src\\usart.c            0x00000000   Number         0  usart.o ABSOLUTE
    ..\\src\\source\\src\\usb.c              0x00000000   Number         0  usb.o ABSOLUTE
    ..\\src\\source\\src\\w25q16.c           0x00000000   Number         0  w25q16.o ABSOLUTE
    ..\\src\\source\\src\\wdog.c             0x00000000   Number         0  wdog.o ABSOLUTE
    ..\\src\\usb_hid\\src\\custom_hid_core.c 0x00000000   Number         0  custom_hid_core.o ABSOLUTE
    ..\\src\\usb_msc\\src\\bbb_scsi_driver.c 0x00000000   Number         0  bbb_scsi_driver.o ABSOLUTE
    ..\\src\\usb_msc\\src\\flash_access.c    0x00000000   Number         0  flash_access.o ABSOLUTE
    ..\\src\\usb_msc\\src\\msc_core.c        0x00000000   Number         0  msc_core.o ABSOLUTE
    ..\libraries\CMSIS\GD\GD32F30x\Source\ARM\startup_gd32f30x_xd.s 0x00000000   Number         0  startup_gd32f30x_xd.o ABSOLUTE
    ..\libraries\CMSIS\GD\GD32F30x\Source\system_gd32f30x.c 0x00000000   Number         0  system_gd32f30x.o ABSOLUTE
    ..\libraries\GD32F30x_standard_peripheral\Source\gd32f30x_adc.c 0x00000000   Number         0  gd32f30x_adc.o ABSOLUTE
    ..\libraries\GD32F30x_standard_peripheral\Source\gd32f30x_bkp.c 0x00000000   Number         0  gd32f30x_bkp.o ABSOLUTE
    ..\libraries\GD32F30x_standard_peripheral\Source\gd32f30x_can.c 0x00000000   Number         0  gd32f30x_can.o ABSOLUTE
    ..\libraries\GD32F30x_standard_peripheral\Source\gd32f30x_crc.c 0x00000000   Number         0  gd32f30x_crc.o ABSOLUTE
    ..\libraries\GD32F30x_standard_peripheral\Source\gd32f30x_ctc.c 0x00000000   Number         0  gd32f30x_ctc.o ABSOLUTE
    ..\libraries\GD32F30x_standard_peripheral\Source\gd32f30x_dac.c 0x00000000   Number         0  gd32f30x_dac.o ABSOLUTE
    ..\libraries\GD32F30x_standard_peripheral\Source\gd32f30x_dbg.c 0x00000000   Number         0  gd32f30x_dbg.o ABSOLUTE
    ..\libraries\GD32F30x_standard_peripheral\Source\gd32f30x_dma.c 0x00000000   Number         0  gd32f30x_dma.o ABSOLUTE
    ..\libraries\GD32F30x_standard_peripheral\Source\gd32f30x_enet.c 0x00000000   Number         0  gd32f30x_enet.o ABSOLUTE
    ..\libraries\GD32F30x_standard_peripheral\Source\gd32f30x_exmc.c 0x00000000   Number         0  gd32f30x_exmc.o ABSOLUTE
    ..\libraries\GD32F30x_standard_peripheral\Source\gd32f30x_exti.c 0x00000000   Number         0  gd32f30x_exti.o ABSOLUTE
    ..\libraries\GD32F30x_standard_peripheral\Source\gd32f30x_fmc.c 0x00000000   Number         0  gd32f30x_fmc.o ABSOLUTE
    ..\libraries\GD32F30x_standard_peripheral\Source\gd32f30x_fwdgt.c 0x00000000   Number         0  gd32f30x_fwdgt.o ABSOLUTE
    ..\libraries\GD32F30x_standard_peripheral\Source\gd32f30x_gpio.c 0x00000000   Number         0  gd32f30x_gpio.o ABSOLUTE
    ..\libraries\GD32F30x_standard_peripheral\Source\gd32f30x_i2c.c 0x00000000   Number         0  gd32f30x_i2c.o ABSOLUTE
    ..\libraries\GD32F30x_standard_peripheral\Source\gd32f30x_misc.c 0x00000000   Number         0  gd32f30x_misc.o ABSOLUTE
    ..\libraries\GD32F30x_standard_peripheral\Source\gd32f30x_pmu.c 0x00000000   Number         0  gd32f30x_pmu.o ABSOLUTE
    ..\libraries\GD32F30x_standard_peripheral\Source\gd32f30x_rcu.c 0x00000000   Number         0  gd32f30x_rcu.o ABSOLUTE
    ..\libraries\GD32F30x_standard_peripheral\Source\gd32f30x_rtc.c 0x00000000   Number         0  gd32f30x_rtc.o ABSOLUTE
    ..\libraries\GD32F30x_standard_peripheral\Source\gd32f30x_sdio.c 0x00000000   Number         0  gd32f30x_sdio.o ABSOLUTE
    ..\libraries\GD32F30x_standard_peripheral\Source\gd32f30x_spi.c 0x00000000   Number         0  gd32f30x_spi.o ABSOLUTE
    ..\libraries\GD32F30x_standard_peripheral\Source\gd32f30x_timer.c 0x00000000   Number         0  gd32f30x_timer.o ABSOLUTE
    ..\libraries\GD32F30x_standard_peripheral\Source\gd32f30x_usart.c 0x00000000   Number         0  gd32f30x_usart.o ABSOLUTE
    ..\libraries\GD32F30x_standard_peripheral\Source\gd32f30x_wwdgt.c 0x00000000   Number         0  gd32f30x_wwdgt.o ABSOLUTE
    ..\libraries\GD32F30x_usbd_driver\Source\usbd_core.c 0x00000000   Number         0  usbd_core.o ABSOLUTE
    ..\libraries\GD32F30x_usbd_driver\Source\usbd_int.c 0x00000000   Number         0  usbd_int.o ABSOLUTE
    ..\libraries\GD32F30x_usbd_driver\Source\usbd_pwr.c 0x00000000   Number         0  usbd_pwr.o ABSOLUTE
    ..\libraries\GD32F30x_usbd_driver\Source\usbd_std.c 0x00000000   Number         0  usbd_std.o ABSOLUTE
    ..\src\fatfs\src\diskio.c                0x00000000   Number         0  diskio.o ABSOLUTE
    ..\src\fatfs\src\ff.c                    0x00000000   Number         0  ff.o ABSOLUTE
    ..\src\interrupt\src\interrupt.c         0x00000000   Number         0  interrupt.o ABSOLUTE
    ..\src\source\main.c                     0x00000000   Number         0  main.o ABSOLUTE
    ..\src\source\src\_dac.c                 0x00000000   Number         0  _dac.o ABSOLUTE
    ..\src\source\src\_pwm.c                 0x00000000   Number         0  _pwm.o ABSOLUTE
    ..\src\source\src\controller.c           0x00000000   Number         0  controller.o ABSOLUTE
    ..\src\source\src\dac.c                  0x00000000   Number         0  dac.o ABSOLUTE
    ..\src\source\src\fatfs_test.c           0x00000000   Number         0  fatfs_test.o ABSOLUTE
    ..\src\source\src\file.c                 0x00000000   Number         0  file.o ABSOLUTE
    ..\src\source\src\flash.c                0x00000000   Number         0  flash.o ABSOLUTE
    ..\src\source\src\fsmc.c                 0x00000000   Number         0  fsmc.o ABSOLUTE
    ..\src\source\src\hub.c                  0x00000000   Number         0  hub.o ABSOLUTE
    ..\src\source\src\led.c                  0x00000000   Number         0  led.o ABSOLUTE
    ..\src\source\src\log.c                  0x00000000   Number         0  log.o ABSOLUTE
    ..\src\source\src\message_pool.c         0x00000000   Number         0  message_pool.o ABSOLUTE
    ..\src\source\src\pwm.c                  0x00000000   Number         0  pwm.o ABSOLUTE
    ..\src\source\src\systick.c              0x00000000   Number         0  systick.o ABSOLUTE
    ..\src\source\src\time.c                 0x00000000   Number         0  time.o ABSOLUTE
    ..\src\source\src\timer.c                0x00000000   Number         0  timer.o ABSOLUTE
    ..\src\source\src\usart.c                0x00000000   Number         0  usart.o ABSOLUTE
    ..\src\source\src\usb.c                  0x00000000   Number         0  usb.o ABSOLUTE
    ..\src\source\src\w25q16.c               0x00000000   Number         0  w25q16.o ABSOLUTE
    ..\src\source\src\wdog.c                 0x00000000   Number         0  wdog.o ABSOLUTE
    ..\src\usb_hid\src\custom_hid_core.c     0x00000000   Number         0  custom_hid_core.o ABSOLUTE
    ..\src\usb_msc\src\bbb_scsi_driver.c     0x00000000   Number         0  bbb_scsi_driver.o ABSOLUTE
    ..\src\usb_msc\src\flash_access.c        0x00000000   Number         0  flash_access.o ABSOLUTE
    ..\src\usb_msc\src\msc_core.c            0x00000000   Number         0  msc_core.o ABSOLUTE
    cdrcmple.s                               0x00000000   Number         0  cdrcmple.o ABSOLUTE
    dc.s                                     0x00000000   Number         0  dc.o ABSOLUTE
    handlers.s                               0x00000000   Number         0  handlers.o ABSOLUTE
    init.s                                   0x00000000   Number         0  init.o ABSOLUTE
    RESET                                    0x08000000   Section      304  startup_gd32f30x_xd.o(RESET)
    .ARM.Collect$$$$00000000                 0x08000130   Section        0  entry.o(.ARM.Collect$$$$00000000)
    .ARM.Collect$$$$00000001                 0x08000130   Section        4  entry2.o(.ARM.Collect$$$$00000001)
    .ARM.Collect$$$$00000004                 0x08000134   Section        4  entry5.o(.ARM.Collect$$$$00000004)
    .ARM.Collect$$$$00000008                 0x08000138   Section        0  entry7b.o(.ARM.Collect$$$$00000008)
    .ARM.Collect$$$$0000000A                 0x08000138   Section        0  entry8b.o(.ARM.Collect$$$$0000000A)
    .ARM.Collect$$$$0000000B                 0x08000138   Section        8  entry9a.o(.ARM.Collect$$$$0000000B)
    .ARM.Collect$$$$0000000D                 0x08000140   Section        0  entry10a.o(.ARM.Collect$$$$0000000D)
    .ARM.Collect$$$$0000000F                 0x08000140   Section        0  entry11a.o(.ARM.Collect$$$$0000000F)
    .ARM.Collect$$$$00002712                 0x08000140   Section        4  entry2.o(.ARM.Collect$$$$00002712)
    __lit__00000000                          0x08000140   Data           4  entry2.o(.ARM.Collect$$$$00002712)
    .text                                    0x08000144   Section       36  startup_gd32f30x_xd.o(.text)
    $v0                                      0x08000144   Number         0  startup_gd32f30x_xd.o(.text)
    .text                                    0x08000168   Section        0  memcpya.o(.text)
    .text                                    0x0800018c   Section        0  memseta.o(.text)
    .text                                    0x080001b0   Section       36  init.o(.text)
    .text                                    0x080001d4   Section        0  __dczerorl2.o(.text)
    i.BusFault_Handler                       0x0800022a   Section        0  interrupt.o(i.BusFault_Handler)
    i.DebugMon_Handler                       0x0800022e   Section        0  interrupt.o(i.DebugMon_Handler)
    i.HardFault_Handler                      0x08000230   Section        0  interrupt.o(i.HardFault_Handler)
    i.MemManage_Handler                      0x08000234   Section        0  interrupt.o(i.MemManage_Handler)
    i.NMI_Handler                            0x08000238   Section        0  interrupt.o(i.NMI_Handler)
    i.NVIC_SetPriority                       0x0800023c   Section        0  systick.o(i.NVIC_SetPriority)
    NVIC_SetPriority                         0x0800023d   Thumb Code    32  systick.o(i.NVIC_SetPriority)
    i.PendSV_Handler                         0x08000264   Section        0  interrupt.o(i.PendSV_Handler)
    i.SVC_Handler                            0x08000266   Section        0  interrupt.o(i.SVC_Handler)
    i.SysTick_Handler                        0x08000268   Section        0  systick.o(i.SysTick_Handler)
    i.SystemInit                             0x08000284   Section        0  system_gd32f30x.o(i.SystemInit)
    i.TIMER1_IRQHandler                      0x080002f4   Section        0  timer.o(i.TIMER1_IRQHandler)
    i.USART2_IRQHandler                      0x08000324   Section        0  usart.o(i.USART2_IRQHandler)
    i.USBD_LP_CAN0_RX0_IRQHandler            0x0800039c   Section        0  usb.o(i.USBD_LP_CAN0_RX0_IRQHandler)
    i.UsageFault_Handler                     0x080003a4   Section        0  interrupt.o(i.UsageFault_Handler)
    i.__scatterload_copy                     0x080003a8   Section       14  handlers.o(i.__scatterload_copy)
    i.__scatterload_null                     0x080003b6   Section        2  handlers.o(i.__scatterload_null)
    i.__scatterload_zeroinit                 0x080003b8   Section       14  handlers.o(i.__scatterload_zeroinit)
    i.auth_data                              0x080003c6   Section        0  controller.o(i.auth_data)
    i.board_version_response                 0x080003ea   Section        0  controller.o(i.board_version_response)
    i.client_exist_timing                    0x08000418   Section        0  controller.o(i.client_exist_timing)
    i.client_exits_response                  0x0800043c   Section        0  controller.o(i.client_exits_response)
    i.custom_hid_data_handler                0x0800046c   Section        0  custom_hid_core.o(i.custom_hid_data_handler)
    i.custom_hid_deinit                      0x080004b4   Section        0  custom_hid_core.o(i.custom_hid_deinit)
    i.custom_hid_init                        0x080004d0   Section        0  custom_hid_core.o(i.custom_hid_init)
    i.custom_hid_req_handler                 0x08000504   Section        0  custom_hid_core.o(i.custom_hid_req_handler)
    i.data_speed_led_event_timing            0x08000628   Section        0  controller.o(i.data_speed_led_event_timing)
    i.data_speed_led_setting                 0x08000640   Section        0  controller.o(i.data_speed_led_setting)
    i.data_speed_led_twink                   0x0800064c   Section        0  controller.o(i.data_speed_led_twink)
    i.debug_led_event_timing                 0x080006b0   Section        0  led.o(i.debug_led_event_timing)
    i.debug_led_gpio_init                    0x080006c8   Section        0  led.o(i.debug_led_gpio_init)
    i.debug_led_twink                        0x080006e8   Section        0  led.o(i.debug_led_twink)
    i.gpio_bit_reset                         0x08000750   Section        0  gd32f30x_gpio.o(i.gpio_bit_reset)
    i.gpio_bit_set                           0x08000754   Section        0  gd32f30x_gpio.o(i.gpio_bit_set)
    i.gpio_bit_write                         0x08000758   Section        0  gd32f30x_gpio.o(i.gpio_bit_write)
    i.gpio_init                              0x08000762   Section        0  gd32f30x_gpio.o(i.gpio_init)
    i.gpio_input_bit_get                     0x0800081e   Section        0  gd32f30x_gpio.o(i.gpio_input_bit_get)
    i.gpio_pin_remap_config                  0x08000830   Section        0  gd32f30x_gpio.o(i.gpio_pin_remap_config)
    i.handshake_response                     0x080008c0   Section        0  controller.o(i.handshake_response)
    i.hub_gpio_init                          0x080008f0   Section        0  hub.o(i.hub_gpio_init)
    i.hub_send_data                          0x08000be8   Section        0  hub.o(i.hub_send_data)
    i.hub_timer_init                         0x08000c34   Section        0  timer.o(i.hub_timer_init)
    i.hw_modules_init                        0x08000c8c   Section        0  main.o(i.hw_modules_init)
    i.input_pool                             0x08000cc0   Section        0  message_pool.o(i.input_pool)
    i.main                                   0x08000d2e   Section        0  main.o(i.main)
    i.message_buf_size                       0x08000d3e   Section        0  controller.o(i.message_buf_size)
    i.message_event                          0x08000d44   Section        0  controller.o(i.message_event)
    i.message_event_doing                    0x08000e38   Section        0  controller.o(i.message_event_doing)
    i.nvic_irq_enable                        0x08001018   Section        0  gd32f30x_misc.o(i.nvic_irq_enable)
    i.nvic_priority_group_set                0x080010dc   Section        0  gd32f30x_misc.o(i.nvic_priority_group_set)
    i.output_pool                            0x080010f0   Section        0  message_pool.o(i.output_pool)
    i.pool_empty                             0x08001132   Section        0  message_pool.o(i.pool_empty)
    i.pool_full                              0x08001144   Section        0  message_pool.o(i.pool_full)
    i.pool_init                              0x08001164   Section        0  message_pool.o(i.pool_init)
    i.rcu_clock_freq_get                     0x0800117c   Section        0  gd32f30x_rcu.o(i.rcu_clock_freq_get)
    i.rcu_periph_clock_enable                0x080012dc   Section        0  gd32f30x_rcu.o(i.rcu_periph_clock_enable)
    i.rcu_periph_reset_disable               0x080012fc   Section        0  gd32f30x_rcu.o(i.rcu_periph_reset_disable)
    i.rcu_periph_reset_enable                0x0800131c   Section        0  gd32f30x_rcu.o(i.rcu_periph_reset_enable)
    i.read_hub_data                          0x0800133c   Section        0  hub.o(i.read_hub_data)
    i.resume_mcu                             0x08001460   Section        0  usbd_pwr.o(i.resume_mcu)
    i.set_level_type                         0x08001480   Section        0  hub.o(i.set_level_type)
    i.sleep_ms                               0x080014b8   Section        0  time.o(i.sleep_ms)
    i.status_led_gpio_init                   0x080014d0   Section        0  led.o(i.status_led_gpio_init)
    i.status_led_onff                        0x080014ec   Section        0  led.o(i.status_led_onff)
    i.sw_modules_init                        0x0800150c   Section        0  main.o(i.sw_modules_init)
    i.system_clock_120m_hxtal                0x0800151c   Section        0  system_gd32f30x.o(i.system_clock_120m_hxtal)
    system_clock_120m_hxtal                  0x0800151d   Thumb Code   258  system_gd32f30x.o(i.system_clock_120m_hxtal)
    i.system_clock_config                    0x08001630   Section        0  system_gd32f30x.o(i.system_clock_config)
    system_clock_config                      0x08001631   Thumb Code     8  system_gd32f30x.o(i.system_clock_config)
    i.systick_config                         0x08001638   Section        0  systick.o(i.systick_config)
    i.timer_deinit                           0x08001688   Section        0  gd32f30x_timer.o(i.timer_deinit)
    i.timer_enable                           0x08001764   Section        0  gd32f30x_timer.o(i.timer_enable)
    i.timer_init                             0x08001770   Section        0  gd32f30x_timer.o(i.timer_init)
    i.timer_interrupt_enable                 0x08001808   Section        0  gd32f30x_timer.o(i.timer_interrupt_enable)
    i.timer_interrupt_flag_clear             0x08001810   Section        0  gd32f30x_timer.o(i.timer_interrupt_flag_clear)
    i.timer_interrupt_flag_get               0x08001816   Section        0  gd32f30x_timer.o(i.timer_interrupt_flag_get)
    i.usart_baudrate_set                     0x08001830   Section        0  gd32f30x_usart.o(i.usart_baudrate_set)
    i.usart_data_receive                     0x080018c0   Section        0  gd32f30x_usart.o(i.usart_data_receive)
    i.usart_data_transmit                    0x080018ca   Section        0  gd32f30x_usart.o(i.usart_data_transmit)
    i.usart_deinit                           0x080018d4   Section        0  gd32f30x_usart.o(i.usart_deinit)
    i.usart_enable                           0x08001964   Section        0  gd32f30x_usart.o(i.usart_enable)
    i.usart_flag_get                         0x0800196e   Section        0  gd32f30x_usart.o(i.usart_flag_get)
    i.usart_gpio_init                        0x0800198c   Section        0  usart.o(i.usart_gpio_init)
    i.usart_init                             0x080019d4   Section        0  usart.o(i.usart_init)
    i.usart_interrupt_enable                 0x08001a24   Section        0  gd32f30x_usart.o(i.usart_interrupt_enable)
    i.usart_interrupt_flag_get               0x08001a3e   Section        0  gd32f30x_usart.o(i.usart_interrupt_flag_get)
    i.usart_receive_config                   0x08001a76   Section        0  gd32f30x_usart.o(i.usart_receive_config)
    i.usart_send_byte                        0x08001a88   Section        0  usart.o(i.usart_send_byte)
    i.usart_transmit_config                  0x08001aa8   Section        0  gd32f30x_usart.o(i.usart_transmit_config)
    i.usbd_clearfeature                      0x08001ab8   Section        0  usbd_std.o(i.usbd_clearfeature)
    usbd_clearfeature                        0x08001ab9   Thumb Code   280  usbd_std.o(i.usbd_clearfeature)
    i.usbd_configuration_descriptor_get      0x08001bd8   Section        0  usbd_std.o(i.usbd_configuration_descriptor_get)
    usbd_configuration_descriptor_get        0x08001bd9   Thumb Code    16  usbd_std.o(i.usbd_configuration_descriptor_get)
    i.usbd_device_class_request              0x08001be8   Section        0  usbd_std.o(i.usbd_device_class_request)
    i.usbd_device_descriptor_get             0x08001c54   Section        0  usbd_std.o(i.usbd_device_descriptor_get)
    usbd_device_descriptor_get               0x08001c55   Thumb Code    16  usbd_std.o(i.usbd_device_descriptor_get)
    i.usbd_enum_error                        0x08001c64   Section        0  usbd_std.o(i.usbd_enum_error)
    i.usbd_ep_clear_stall                    0x08001c74   Section        0  usbd_core.o(i.usbd_ep_clear_stall)
    i.usbd_ep_data_read                      0x08001d4c   Section        0  usbd_core.o(i.usbd_ep_data_read)
    i.usbd_ep_data_write                     0x08001d70   Section        0  usbd_core.o(i.usbd_ep_data_write)
    i.usbd_ep_deinit                         0x08001d94   Section        0  usbd_core.o(i.usbd_ep_deinit)
    i.usbd_ep_init                           0x08001e48   Section        0  usbd_core.o(i.usbd_ep_init)
    i.usbd_ep_rx                             0x08001f80   Section        0  usbd_core.o(i.usbd_ep_rx)
    i.usbd_ep_stall                          0x08001fcc   Section        0  usbd_core.o(i.usbd_ep_stall)
    i.usbd_ep_tx                             0x0800206c   Section        0  usbd_core.o(i.usbd_ep_tx)
    i.usbd_getconfiguration                  0x080020fc   Section        0  usbd_std.o(i.usbd_getconfiguration)
    usbd_getconfiguration                    0x080020fd   Thumb Code    80  usbd_std.o(i.usbd_getconfiguration)
    i.usbd_getdescriptor                     0x0800214c   Section        0  usbd_std.o(i.usbd_getdescriptor)
    usbd_getdescriptor                       0x0800214d   Thumb Code   144  usbd_std.o(i.usbd_getdescriptor)
    i.usbd_getinterface                      0x080021e0   Section        0  usbd_std.o(i.usbd_getinterface)
    usbd_getinterface                        0x080021e1   Thumb Code    68  usbd_std.o(i.usbd_getinterface)
    i.usbd_getstatus                         0x08002224   Section        0  usbd_std.o(i.usbd_getstatus)
    usbd_getstatus                           0x08002225   Thumb Code   250  usbd_std.o(i.usbd_getstatus)
    i.usbd_in_transaction                    0x08002320   Section        0  usbd_std.o(i.usbd_in_transaction)
    i.usbd_intf_esof                         0x0800243c   Section        0  usbd_int.o(i.usbd_intf_esof)
    usbd_intf_esof                           0x0800243d   Thumb Code    84  usbd_int.o(i.usbd_intf_esof)
    i.usbd_intf_lpst                         0x0800249c   Section        0  usbd_int.o(i.usbd_intf_lpst)
    usbd_intf_lpst                           0x0800249d   Thumb Code   340  usbd_int.o(i.usbd_intf_lpst)
    i.usbd_intf_reset                        0x080025fc   Section        0  usbd_int.o(i.usbd_intf_reset)
    usbd_intf_reset                          0x080025fd   Thumb Code   130  usbd_int.o(i.usbd_intf_reset)
    i.usbd_intf_sof                          0x08002690   Section        0  usbd_int.o(i.usbd_intf_sof)
    usbd_intf_sof                            0x08002691   Thumb Code    24  usbd_int.o(i.usbd_intf_sof)
    i.usbd_intf_suspend                      0x080026ac   Section        0  usbd_int.o(i.usbd_intf_suspend)
    usbd_intf_suspend                        0x080026ad   Thumb Code    34  usbd_int.o(i.usbd_intf_suspend)
    i.usbd_intf_wakeup                       0x080026d8   Section        0  usbd_int.o(i.usbd_intf_wakeup)
    usbd_intf_wakeup                         0x080026d9   Thumb Code    22  usbd_int.o(i.usbd_intf_wakeup)
    i.usbd_isr                               0x080026f4   Section        0  usbd_int.o(i.usbd_isr)
    i.usbd_out_transaction                   0x080027d8   Section        0  usbd_std.o(i.usbd_out_transaction)
    i.usbd_reserved                          0x08002880   Section        0  usbd_std.o(i.usbd_reserved)
    usbd_reserved                            0x08002881   Thumb Code     2  usbd_std.o(i.usbd_reserved)
    i.usbd_rx_count_get                      0x08002882   Section        0  usbd_core.o(i.usbd_rx_count_get)
    i.usbd_setaddress                        0x08002898   Section        0  usbd_std.o(i.usbd_setaddress)
    usbd_setaddress                          0x08002899   Thumb Code   104  usbd_std.o(i.usbd_setaddress)
    i.usbd_setconfiguration                  0x0800290c   Section        0  usbd_std.o(i.usbd_setconfiguration)
    usbd_setconfiguration                    0x0800290d   Thumb Code   328  usbd_std.o(i.usbd_setconfiguration)
    i.usbd_setdescriptor                     0x08002a60   Section        0  usbd_std.o(i.usbd_setdescriptor)
    usbd_setdescriptor                       0x08002a61   Thumb Code     2  usbd_std.o(i.usbd_setdescriptor)
    i.usbd_setfeature                        0x08002a64   Section        0  usbd_std.o(i.usbd_setfeature)
    usbd_setfeature                          0x08002a65   Thumb Code   242  usbd_std.o(i.usbd_setfeature)
    i.usbd_setinterface                      0x08002b60   Section        0  usbd_std.o(i.usbd_setinterface)
    usbd_setinterface                        0x08002b61   Thumb Code   102  usbd_std.o(i.usbd_setinterface)
    i.usbd_setup_request_parse               0x08002bd0   Section        0  usbd_std.o(i.usbd_setup_request_parse)
    i.usbd_setup_transaction                 0x08002c02   Section        0  usbd_std.o(i.usbd_setup_transaction)
    i.usbd_standard_request                  0x08002c50   Section        0  usbd_std.o(i.usbd_standard_request)
    i.usbd_string_descriptor_get             0x08002c6c   Section        0  usbd_std.o(i.usbd_string_descriptor_get)
    usbd_string_descriptor_get               0x08002c6d   Thumb Code    18  usbd_std.o(i.usbd_string_descriptor_get)
    i.usbd_suspend                           0x08002c80   Section        0  usbd_pwr.o(i.usbd_suspend)
    i.usbd_synchframe                        0x08002c94   Section        0  usbd_std.o(i.usbd_synchframe)
    usbd_synchframe                          0x08002c95   Thumb Code     2  usbd_std.o(i.usbd_synchframe)
    i.usbd_vendor_request                    0x08002c96   Section        0  usbd_std.o(i.usbd_vendor_request)
    i.write_hub_data                         0x08002c9c   Section        0  hub.o(i.write_hub_data)
    .constdata                               0x08002d88   Section      187  custom_hid_core.o(.constdata)
    <Data1>                                  0x08002d88   Data          18  custom_hid_core.o(.constdata)
    <Data2>                                  0x08002d9a   Data          18  custom_hid_core.o(.constdata)
    <Data3>                                  0x08002dac   Data          18  custom_hid_core.o(.constdata)
    device_descripter                        0x08002dbe   Data          18  custom_hid_core.o(.constdata)
    usbd_language_id_desc                    0x08002dd0   Data           4  custom_hid_core.o(.constdata)
    usbd_strings                             0x08002dd4   Data          16  custom_hid_core.o(.constdata)
    .constdata                               0x08002e43   Section       38  controller.o(.constdata)
    .data                                    0x20000000   Section        4  system_gd32f30x.o(.data)
    .data                                    0x20000004   Section       12  usbd_core.o(.data)
    .data                                    0x20000010   Section        4  usbd_int.o(.data)
    .data                                    0x20000014   Section        3  usbd_pwr.o(.data)
    .data                                    0x20000018   Section       69  usbd_std.o(.data)
    standard_device_request                  0x2000001c   Data          52  usbd_std.o(.data)
    standard_descriptor_get                  0x20000050   Data          12  usbd_std.o(.data)
    cfgidx                                   0x2000005c   Data           1  usbd_std.o(.data)
    .data                                    0x20000060   Section      228  custom_hid_core.o(.data)
    usbd_customhid_altset                    0x20000064   Data           4  custom_hid_core.o(.data)
    usbd_customhid_protocol                  0x20000068   Data           4  custom_hid_core.o(.data)
    usbd_customhid_idlestate                 0x2000006c   Data           4  custom_hid_core.o(.data)
    configuration_descriptor                 0x20000074   Data          41  custom_hid_core.o(.data)
    .data                                    0x20000144   Section       32  led.o(.data)
    .data                                    0x20000164   Section        5  systick.o(.data)
    t                                        0x20000168   Data           1  systick.o(.data)
    .data                                    0x2000016c   Section        4  usart.o(.data)
    .data                                    0x20000170   Section        8  hub.o(.data)
    .data                                    0x20000178   Section       28  controller.o(.data)
    .bss                                     0x20000194   Section    10240  custom_hid_core.o(.bss)
    .bss                                     0x20002994   Section       64  usart.o(.bss)
    .bss                                     0x200029d4   Section     1090  message_pool.o(.bss)
    .bss                                     0x20002e16   Section       34  controller.o(.bss)
    STACK                                    0x20002e38   Section     1024  startup_gd32f30x_xd.o(STACK)

    Global Symbols

    Symbol Name                              Value     Ov Type        Size  Object(Section)

    BuildAttributes$$THM_ISAv4$E$P$D$K$B$S$7EM$VFPi3$EXTD16$VFPS$VFMA$PE$A:L22UL41UL21$X:L11$S22US41US21$IEEE1$IW$USESV6$~STKCKD$USESV7$~SHL$OSPACE$ROPI$EBA8$MICROLIB$REQ8$PRES8$EABIv2 0x00000000   Number         0  anon$$obj.o ABSOLUTE
    __ARM_use_no_argv                        0x00000000   Number         0  main.o ABSOLUTE
    __cpp_initialize__aeabi_                  - Undefined Weak Reference
    __cxa_finalize                            - Undefined Weak Reference
    _clock_init                               - Undefined Weak Reference
    _microlib_exit                            - Undefined Weak Reference
    __Vectors_Size                           0x00000130   Number         0  startup_gd32f30x_xd.o ABSOLUTE
    __Vectors                                0x08000000   Data           4  startup_gd32f30x_xd.o(RESET)
    __Vectors_End                            0x08000130   Data           0  startup_gd32f30x_xd.o(RESET)
    __main                                   0x08000131   Thumb Code     0  entry.o(.ARM.Collect$$$$00000000)
    _main_stk                                0x08000131   Thumb Code     0  entry2.o(.ARM.Collect$$$$00000001)
    _main_scatterload                        0x08000135   Thumb Code     0  entry5.o(.ARM.Collect$$$$00000004)
    __main_after_scatterload                 0x08000139   Thumb Code     0  entry5.o(.ARM.Collect$$$$00000004)
    _main_clock                              0x08000139   Thumb Code     0  entry7b.o(.ARM.Collect$$$$00000008)
    _main_cpp_init                           0x08000139   Thumb Code     0  entry8b.o(.ARM.Collect$$$$0000000A)
    _main_init                               0x08000139   Thumb Code     0  entry9a.o(.ARM.Collect$$$$0000000B)
    __rt_final_cpp                           0x08000141   Thumb Code     0  entry10a.o(.ARM.Collect$$$$0000000D)
    __rt_final_exit                          0x08000141   Thumb Code     0  entry11a.o(.ARM.Collect$$$$0000000F)
    Reset_Handler                            0x08000145   Thumb Code     8  startup_gd32f30x_xd.o(.text)
    ADC0_1_IRQHandler                        0x0800015f   Thumb Code     0  startup_gd32f30x_xd.o(.text)
    ADC2_IRQHandler                          0x0800015f   Thumb Code     0  startup_gd32f30x_xd.o(.text)
    CAN0_EWMC_IRQHandler                     0x0800015f   Thumb Code     0  startup_gd32f30x_xd.o(.text)
    CAN0_RX1_IRQHandler                      0x0800015f   Thumb Code     0  startup_gd32f30x_xd.o(.text)
    DMA0_Channel0_IRQHandler                 0x0800015f   Thumb Code     0  startup_gd32f30x_xd.o(.text)
    DMA0_Channel1_IRQHandler                 0x0800015f   Thumb Code     0  startup_gd32f30x_xd.o(.text)
    DMA0_Channel2_IRQHandler                 0x0800015f   Thumb Code     0  startup_gd32f30x_xd.o(.text)
    DMA0_Channel3_IRQHandler                 0x0800015f   Thumb Code     0  startup_gd32f30x_xd.o(.text)
    DMA0_Channel4_IRQHandler                 0x0800015f   Thumb Code     0  startup_gd32f30x_xd.o(.text)
    DMA0_Channel5_IRQHandler                 0x0800015f   Thumb Code     0  startup_gd32f30x_xd.o(.text)
    DMA0_Channel6_IRQHandler                 0x0800015f   Thumb Code     0  startup_gd32f30x_xd.o(.text)
    DMA1_Channel0_IRQHandler                 0x0800015f   Thumb Code     0  startup_gd32f30x_xd.o(.text)
    DMA1_Channel1_IRQHandler                 0x0800015f   Thumb Code     0  startup_gd32f30x_xd.o(.text)
    DMA1_Channel2_IRQHandler                 0x0800015f   Thumb Code     0  startup_gd32f30x_xd.o(.text)
    DMA1_Channel3_4_IRQHandler               0x0800015f   Thumb Code     0  startup_gd32f30x_xd.o(.text)
    EXMC_IRQHandler                          0x0800015f   Thumb Code     0  startup_gd32f30x_xd.o(.text)
    EXTI0_IRQHandler                         0x0800015f   Thumb Code     0  startup_gd32f30x_xd.o(.text)
    EXTI10_15_IRQHandler                     0x0800015f   Thumb Code     0  startup_gd32f30x_xd.o(.text)
    EXTI1_IRQHandler                         0x0800015f   Thumb Code     0  startup_gd32f30x_xd.o(.text)
    EXTI2_IRQHandler                         0x0800015f   Thumb Code     0  startup_gd32f30x_xd.o(.text)
    EXTI3_IRQHandler                         0x0800015f   Thumb Code     0  startup_gd32f30x_xd.o(.text)
    EXTI4_IRQHandler                         0x0800015f   Thumb Code     0  startup_gd32f30x_xd.o(.text)
    EXTI5_9_IRQHandler                       0x0800015f   Thumb Code     0  startup_gd32f30x_xd.o(.text)
    FMC_IRQHandler                           0x0800015f   Thumb Code     0  startup_gd32f30x_xd.o(.text)
    I2C0_ER_IRQHandler                       0x0800015f   Thumb Code     0  startup_gd32f30x_xd.o(.text)
    I2C0_EV_IRQHandler                       0x0800015f   Thumb Code     0  startup_gd32f30x_xd.o(.text)
    I2C1_ER_IRQHandler                       0x0800015f   Thumb Code     0  startup_gd32f30x_xd.o(.text)
    I2C1_EV_IRQHandler                       0x0800015f   Thumb Code     0  startup_gd32f30x_xd.o(.text)
    LVD_IRQHandler                           0x0800015f   Thumb Code     0  startup_gd32f30x_xd.o(.text)
    RCU_CTC_IRQHandler                       0x0800015f   Thumb Code     0  startup_gd32f30x_xd.o(.text)
    RTC_Alarm_IRQHandler                     0x0800015f   Thumb Code     0  startup_gd32f30x_xd.o(.text)
    RTC_IRQHandler                           0x0800015f   Thumb Code     0  startup_gd32f30x_xd.o(.text)
    SDIO_IRQHandler                          0x0800015f   Thumb Code     0  startup_gd32f30x_xd.o(.text)
    SPI0_IRQHandler                          0x0800015f   Thumb Code     0  startup_gd32f30x_xd.o(.text)
    SPI1_IRQHandler                          0x0800015f   Thumb Code     0  startup_gd32f30x_xd.o(.text)
    SPI2_IRQHandler                          0x0800015f   Thumb Code     0  startup_gd32f30x_xd.o(.text)
    TAMPER_IRQHandler                        0x0800015f   Thumb Code     0  startup_gd32f30x_xd.o(.text)
    TIMER0_BRK_TIMER8_IRQHandler             0x0800015f   Thumb Code     0  startup_gd32f30x_xd.o(.text)
    TIMER0_Channel_IRQHandler                0x0800015f   Thumb Code     0  startup_gd32f30x_xd.o(.text)
    TIMER0_TRG_CMT_TIMER10_IRQHandler        0x0800015f   Thumb Code     0  startup_gd32f30x_xd.o(.text)
    TIMER0_UP_TIMER9_IRQHandler              0x0800015f   Thumb Code     0  startup_gd32f30x_xd.o(.text)
    TIMER2_IRQHandler                        0x0800015f   Thumb Code     0  startup_gd32f30x_xd.o(.text)
    TIMER3_IRQHandler                        0x0800015f   Thumb Code     0  startup_gd32f30x_xd.o(.text)
    TIMER4_IRQHandler                        0x0800015f   Thumb Code     0  startup_gd32f30x_xd.o(.text)
    TIMER5_IRQHandler                        0x0800015f   Thumb Code     0  startup_gd32f30x_xd.o(.text)
    TIMER6_IRQHandler                        0x0800015f   Thumb Code     0  startup_gd32f30x_xd.o(.text)
    TIMER7_BRK_TIMER11_IRQHandler            0x0800015f   Thumb Code     0  startup_gd32f30x_xd.o(.text)
    TIMER7_Channel_IRQHandler                0x0800015f   Thumb Code     0  startup_gd32f30x_xd.o(.text)
    TIMER7_TRG_CMT_TIMER13_IRQHandler        0x0800015f   Thumb Code     0  startup_gd32f30x_xd.o(.text)
    TIMER7_UP_TIMER12_IRQHandler             0x0800015f   Thumb Code     0  startup_gd32f30x_xd.o(.text)
    UART3_IRQHandler                         0x0800015f   Thumb Code     0  startup_gd32f30x_xd.o(.text)
    UART4_IRQHandler                         0x0800015f   Thumb Code     0  startup_gd32f30x_xd.o(.text)
    USART0_IRQHandler                        0x0800015f   Thumb Code     0  startup_gd32f30x_xd.o(.text)
    USART1_IRQHandler                        0x0800015f   Thumb Code     0  startup_gd32f30x_xd.o(.text)
    USBD_HP_CAN0_TX_IRQHandler               0x0800015f   Thumb Code     0  startup_gd32f30x_xd.o(.text)
    USBD_WKUP_IRQHandler                     0x0800015f   Thumb Code     0  startup_gd32f30x_xd.o(.text)
    WWDGT_IRQHandler                         0x0800015f   Thumb Code     0  startup_gd32f30x_xd.o(.text)
    __aeabi_memcpy                           0x08000169   Thumb Code    36  memcpya.o(.text)
    __aeabi_memcpy4                          0x08000169   Thumb Code     0  memcpya.o(.text)
    __aeabi_memcpy8                          0x08000169   Thumb Code     0  memcpya.o(.text)
    __aeabi_memset                           0x0800018d   Thumb Code    14  memseta.o(.text)
    __aeabi_memset4                          0x0800018d   Thumb Code     0  memseta.o(.text)
    __aeabi_memset8                          0x0800018d   Thumb Code     0  memseta.o(.text)
    __aeabi_memclr                           0x0800019b   Thumb Code     4  memseta.o(.text)
    __aeabi_memclr4                          0x0800019b   Thumb Code     0  memseta.o(.text)
    __aeabi_memclr8                          0x0800019b   Thumb Code     0  memseta.o(.text)
    _memset$wrapper                          0x0800019f   Thumb Code    18  memseta.o(.text)
    __scatterload                            0x080001b1   Thumb Code    28  init.o(.text)
    __scatterload_rt2                        0x080001b1   Thumb Code     0  init.o(.text)
    __decompress                             0x080001d5   Thumb Code     0  __dczerorl2.o(.text)
    __decompress1                            0x080001d5   Thumb Code    86  __dczerorl2.o(.text)
    BusFault_Handler                         0x0800022b   Thumb Code     4  interrupt.o(i.BusFault_Handler)
    DebugMon_Handler                         0x0800022f   Thumb Code     2  interrupt.o(i.DebugMon_Handler)
    HardFault_Handler                        0x08000231   Thumb Code     4  interrupt.o(i.HardFault_Handler)
    MemManage_Handler                        0x08000235   Thumb Code     4  interrupt.o(i.MemManage_Handler)
    NMI_Handler                              0x08000239   Thumb Code     2  interrupt.o(i.NMI_Handler)
    PendSV_Handler                           0x08000265   Thumb Code     2  interrupt.o(i.PendSV_Handler)
    SVC_Handler                              0x08000267   Thumb Code     2  interrupt.o(i.SVC_Handler)
    SysTick_Handler                          0x08000269   Thumb Code    24  systick.o(i.SysTick_Handler)
    SystemInit                               0x08000285   Thumb Code   100  system_gd32f30x.o(i.SystemInit)
    TIMER1_IRQHandler                        0x080002f5   Thumb Code    44  timer.o(i.TIMER1_IRQHandler)
    USART2_IRQHandler                        0x08000325   Thumb Code    98  usart.o(i.USART2_IRQHandler)
    USBD_LP_CAN0_RX0_IRQHandler              0x0800039d   Thumb Code     8  usb.o(i.USBD_LP_CAN0_RX0_IRQHandler)
    UsageFault_Handler                       0x080003a5   Thumb Code     4  interrupt.o(i.UsageFault_Handler)
    __scatterload_copy                       0x080003a9   Thumb Code    14  handlers.o(i.__scatterload_copy)
    __scatterload_null                       0x080003b7   Thumb Code     2  handlers.o(i.__scatterload_null)
    __scatterload_zeroinit                   0x080003b9   Thumb Code    14  handlers.o(i.__scatterload_zeroinit)
    auth_data                                0x080003c7   Thumb Code    36  controller.o(i.auth_data)
    board_version_response                   0x080003eb   Thumb Code    46  controller.o(i.board_version_response)
    client_exist_timing                      0x08000419   Thumb Code    26  controller.o(i.client_exist_timing)
    client_exits_response                    0x0800043d   Thumb Code    46  controller.o(i.client_exits_response)
    custom_hid_data_handler                  0x0800046d   Thumb Code    68  custom_hid_core.o(i.custom_hid_data_handler)
    custom_hid_deinit                        0x080004b5   Thumb Code    26  custom_hid_core.o(i.custom_hid_deinit)
    custom_hid_init                          0x080004d1   Thumb Code    42  custom_hid_core.o(i.custom_hid_init)
    custom_hid_req_handler                   0x08000505   Thumb Code   260  custom_hid_core.o(i.custom_hid_req_handler)
    data_speed_led_event_timing              0x08000629   Thumb Code    18  controller.o(i.data_speed_led_event_timing)
    data_speed_led_setting                   0x08000641   Thumb Code     8  controller.o(i.data_speed_led_setting)
    data_speed_led_twink                     0x0800064d   Thumb Code    92  controller.o(i.data_speed_led_twink)
    debug_led_event_timing                   0x080006b1   Thumb Code    18  led.o(i.debug_led_event_timing)
    debug_led_gpio_init                      0x080006c9   Thumb Code    26  led.o(i.debug_led_gpio_init)
    debug_led_twink                          0x080006e9   Thumb Code    96  led.o(i.debug_led_twink)
    gpio_bit_reset                           0x08000751   Thumb Code     4  gd32f30x_gpio.o(i.gpio_bit_reset)
    gpio_bit_set                             0x08000755   Thumb Code     4  gd32f30x_gpio.o(i.gpio_bit_set)
    gpio_bit_write                           0x08000759   Thumb Code    10  gd32f30x_gpio.o(i.gpio_bit_write)
    gpio_init                                0x08000763   Thumb Code   188  gd32f30x_gpio.o(i.gpio_init)
    gpio_input_bit_get                       0x0800081f   Thumb Code    16  gd32f30x_gpio.o(i.gpio_input_bit_get)
    gpio_pin_remap_config                    0x08000831   Thumb Code   138  gd32f30x_gpio.o(i.gpio_pin_remap_config)
    handshake_response                       0x080008c1   Thumb Code    46  controller.o(i.handshake_response)
    hub_gpio_init                            0x080008f1   Thumb Code   738  hub.o(i.hub_gpio_init)
    hub_send_data                            0x08000be9   Thumb Code    68  hub.o(i.hub_send_data)
    hub_timer_init                           0x08000c35   Thumb Code    88  timer.o(i.hub_timer_init)
    hw_modules_init                          0x08000c8d   Thumb Code    52  main.o(i.hw_modules_init)
    input_pool                               0x08000cc1   Thumb Code   110  message_pool.o(i.input_pool)
    main                                     0x08000d2f   Thumb Code    16  main.o(i.main)
    message_buf_size                         0x08000d3f   Thumb Code     4  controller.o(i.message_buf_size)
    message_event                            0x08000d45   Thumb Code   214  controller.o(i.message_event)
    message_event_doing                      0x08000e39   Thumb Code   438  controller.o(i.message_event_doing)
    nvic_irq_enable                          0x08001019   Thumb Code   186  gd32f30x_misc.o(i.nvic_irq_enable)
    nvic_priority_group_set                  0x080010dd   Thumb Code    10  gd32f30x_misc.o(i.nvic_priority_group_set)
    output_pool                              0x080010f1   Thumb Code    66  message_pool.o(i.output_pool)
    pool_empty                               0x08001133   Thumb Code    18  message_pool.o(i.pool_empty)
    pool_full                                0x08001145   Thumb Code    32  message_pool.o(i.pool_full)
    pool_init                                0x08001165   Thumb Code    22  message_pool.o(i.pool_init)
    rcu_clock_freq_get                       0x0800117d   Thumb Code   310  gd32f30x_rcu.o(i.rcu_clock_freq_get)
    rcu_periph_clock_enable                  0x080012dd   Thumb Code    28  gd32f30x_rcu.o(i.rcu_periph_clock_enable)
    rcu_periph_reset_disable                 0x080012fd   Thumb Code    28  gd32f30x_rcu.o(i.rcu_periph_reset_disable)
    rcu_periph_reset_enable                  0x0800131d   Thumb Code    28  gd32f30x_rcu.o(i.rcu_periph_reset_enable)
    read_hub_data                            0x0800133d   Thumb Code   276  hub.o(i.read_hub_data)
    resume_mcu                               0x08001461   Thumb Code    28  usbd_pwr.o(i.resume_mcu)
    set_level_type                           0x08001481   Thumb Code    52  hub.o(i.set_level_type)
    sleep_ms                                 0x080014b9   Thumb Code    22  time.o(i.sleep_ms)
    status_led_gpio_init                     0x080014d1   Thumb Code    24  led.o(i.status_led_gpio_init)
    status_led_onff                          0x080014ed   Thumb Code    26  led.o(i.status_led_onff)
    sw_modules_init                          0x0800150d   Thumb Code    10  main.o(i.sw_modules_init)
    systick_config                           0x08001639   Thumb Code    74  systick.o(i.systick_config)
    timer_deinit                             0x08001689   Thumb Code   210  gd32f30x_timer.o(i.timer_deinit)
    timer_enable                             0x08001765   Thumb Code    10  gd32f30x_timer.o(i.timer_enable)
    timer_init                               0x08001771   Thumb Code   122  gd32f30x_timer.o(i.timer_init)
    timer_interrupt_enable                   0x08001809   Thumb Code     8  gd32f30x_timer.o(i.timer_interrupt_enable)
    timer_interrupt_flag_clear               0x08001811   Thumb Code     6  gd32f30x_timer.o(i.timer_interrupt_flag_clear)
    timer_interrupt_flag_get                 0x08001817   Thumb Code    24  gd32f30x_timer.o(i.timer_interrupt_flag_get)
    usart_baudrate_set                       0x08001831   Thumb Code   136  gd32f30x_usart.o(i.usart_baudrate_set)
    usart_data_receive                       0x080018c1   Thumb Code    10  gd32f30x_usart.o(i.usart_data_receive)
    usart_data_transmit                      0x080018cb   Thumb Code     8  gd32f30x_usart.o(i.usart_data_transmit)
    usart_deinit                             0x080018d5   Thumb Code   136  gd32f30x_usart.o(i.usart_deinit)
    usart_enable                             0x08001965   Thumb Code    10  gd32f30x_usart.o(i.usart_enable)
    usart_flag_get                           0x0800196f   Thumb Code    30  gd32f30x_usart.o(i.usart_flag_get)
    usart_gpio_init                          0x0800198d   Thumb Code    64  usart.o(i.usart_gpio_init)
    usart_init                               0x080019d5   Thumb Code    74  usart.o(i.usart_init)
    usart_interrupt_enable                   0x08001a25   Thumb Code    26  gd32f30x_usart.o(i.usart_interrupt_enable)
    usart_interrupt_flag_get                 0x08001a3f   Thumb Code    56  gd32f30x_usart.o(i.usart_interrupt_flag_get)
    usart_receive_config                     0x08001a77   Thumb Code    16  gd32f30x_usart.o(i.usart_receive_config)
    usart_send_byte                          0x08001a89   Thumb Code    28  usart.o(i.usart_send_byte)
    usart_transmit_config                    0x08001aa9   Thumb Code    16  gd32f30x_usart.o(i.usart_transmit_config)
    usbd_device_class_request                0x08001be9   Thumb Code    98  usbd_std.o(i.usbd_device_class_request)
    usbd_enum_error                          0x08001c65   Thumb Code    16  usbd_std.o(i.usbd_enum_error)
    usbd_ep_clear_stall                      0x08001c75   Thumb Code   212  usbd_core.o(i.usbd_ep_clear_stall)
    usbd_ep_data_read                        0x08001d4d   Thumb Code    32  usbd_core.o(i.usbd_ep_data_read)
    usbd_ep_data_write                       0x08001d71   Thumb Code    30  usbd_core.o(i.usbd_ep_data_write)
    usbd_ep_deinit                           0x08001d95   Thumb Code   174  usbd_core.o(i.usbd_ep_deinit)
    usbd_ep_init                             0x08001e49   Thumb Code   298  usbd_core.o(i.usbd_ep_init)
    usbd_ep_rx                               0x08001f81   Thumb Code    70  usbd_core.o(i.usbd_ep_rx)
    usbd_ep_stall                            0x08001fcd   Thumb Code   156  usbd_core.o(i.usbd_ep_stall)
    usbd_ep_tx                               0x0800206d   Thumb Code   134  usbd_core.o(i.usbd_ep_tx)
    usbd_in_transaction                      0x08002321   Thumb Code   274  usbd_std.o(i.usbd_in_transaction)
    usbd_isr                                 0x080026f5   Thumb Code   214  usbd_int.o(i.usbd_isr)
    usbd_out_transaction                     0x080027d9   Thumb Code   158  usbd_std.o(i.usbd_out_transaction)
    usbd_rx_count_get                        0x08002883   Thumb Code    20  usbd_core.o(i.usbd_rx_count_get)
    usbd_setup_request_parse                 0x08002bd1   Thumb Code    50  usbd_std.o(i.usbd_setup_request_parse)
    usbd_setup_transaction                   0x08002c03   Thumb Code    78  usbd_std.o(i.usbd_setup_transaction)
    usbd_standard_request                    0x08002c51   Thumb Code    24  usbd_std.o(i.usbd_standard_request)
    usbd_suspend                             0x08002c81   Thumb Code    16  usbd_pwr.o(i.usbd_suspend)
    usbd_vendor_request                      0x08002c97   Thumb Code     6  usbd_std.o(i.usbd_vendor_request)
    write_hub_data                           0x08002c9d   Thumb Code   224  hub.o(i.write_hub_data)
    customhid_report_descriptor              0x08002de4   Data          95  custom_hid_core.o(.constdata)
    message_header                           0x08002e43   Data           5  controller.o(.constdata)
    message_headers                          0x08002e48   Data           5  controller.o(.constdata)
    message_data                             0x08002e4d   Data          28  controller.o(.constdata)
    Region$$Table$$Base                      0x08002e6c   Number         0  anon$$obj.o(Region$$Table)
    Region$$Table$$Limit                     0x08002e8c   Number         0  anon$$obj.o(Region$$Table)
    SystemCoreClock                          0x20000000   Data           4  system_gd32f30x.o(.data)
    g_interrupt_mask                         0x20000004   Data           4  usbd_core.o(.data)
    g_free_buf_addr                          0x20000008   Data           4  usbd_core.o(.data)
    pbuf_reg                                 0x2000000c   Data           4  usbd_core.o(.data)
    usb_device_dev                           0x20000010   Data           4  usbd_int.o(.data)
    g_ESOF_count                             0x20000014   Data           1  usbd_pwr.o(.data)
    g_suspend_enabled                        0x20000015   Data           1  usbd_pwr.o(.data)
    g_remote_wakeup_on                       0x20000016   Data           1  usbd_pwr.o(.data)
    g_device_address                         0x20000018   Data           1  usbd_std.o(.data)
    usbd_customhid_report_id                 0x20000060   Data           1  custom_hid_core.o(.data)
    flag                                     0x20000061   Data           1  custom_hid_core.o(.data)
    usbd_int_fops                            0x20000070   Data           4  custom_hid_core.o(.data)
    usb_device_hid_dev                       0x200000a0   Data         164  custom_hid_core.o(.data)
    sled_display                             0x20000144   Data          16  led.o(.data)
    dled_display                             0x20000154   Data          16  led.o(.data)
    sleep_t                                  0x20000164   Data           4  systick.o(.data)
    receive_index                            0x2000016c   Data           4  usart.o(.data)
    data_speed                               0x20000170   Data           4  hub.o(.data)
    hub_data_return_time                     0x20000174   Data           4  hub.o(.data)
    handshake_status                         0x20000178   Data           1  controller.o(.data)
    send_data_status                         0x20000179   Data           1  controller.o(.data)
    client_exist_time                        0x2000017c   Data           4  controller.o(.data)
    active_output                            0x20000180   Data           1  controller.o(.data)
    output_data                              0x20000182   Data           2  controller.o(.data)
    data_speed_led                           0x20000184   Data          16  controller.o(.data)
    report_buf                               0x20000194   Data       10240  custom_hid_core.o(.bss)
    receive_data                             0x20002994   Data          64  usart.o(.bss)
    message_pool                             0x200029d4   Data        1090  message_pool.o(.bss)
    controller_message                       0x20002e16   Data          34  controller.o(.bss)
    __initial_sp                             0x20003238   Data           0  startup_gd32f30x_xd.o(STACK)



==============================================================================

Memory Map of the image

  Image Entry point : 0x08000131

  Load Region LR_IROM1 (Base: 0x08000000, Size: 0x00003020, Max: 0x00080000, ABSOLUTE, COMPRESSED[0x00002f28])

    Execution Region ER_IROM1 (Exec base: 0x08000000, Load base: 0x08000000, Size: 0x00002e8c, Max: 0x00080000, ABSOLUTE)

    Exec Addr    Load Addr    Size         Type   Attr      Idx    E Section Name        Object

    0x08000000   0x08000000   0x00000130   Data   RO         4036    RESET               startup_gd32f30x_xd.o
    0x08000130   0x08000130   0x00000000   Code   RO         6038  * .ARM.Collect$$$$00000000  mc_w.l(entry.o)
    0x08000130   0x08000130   0x00000004   Code   RO         6075    .ARM.Collect$$$$00000001  mc_w.l(entry2.o)
    0x08000134   0x08000134   0x00000004   Code   RO         6078    .ARM.Collect$$$$00000004  mc_w.l(entry5.o)
    0x08000138   0x08000138   0x00000000   Code   RO         6080    .ARM.Collect$$$$00000008  mc_w.l(entry7b.o)
    0x08000138   0x08000138   0x00000000   Code   RO         6082    .ARM.Collect$$$$0000000A  mc_w.l(entry8b.o)
    0x08000138   0x08000138   0x00000008   Code   RO         6083    .ARM.Collect$$$$0000000B  mc_w.l(entry9a.o)
    0x08000140   0x08000140   0x00000000   Code   RO         6085    .ARM.Collect$$$$0000000D  mc_w.l(entry10a.o)
    0x08000140   0x08000140   0x00000000   Code   RO         6087    .ARM.Collect$$$$0000000F  mc_w.l(entry11a.o)
    0x08000140   0x08000140   0x00000004   Code   RO         6076    .ARM.Collect$$$$00002712  mc_w.l(entry2.o)
    0x08000144   0x08000144   0x00000024   Code   RO         4037    .text               startup_gd32f30x_xd.o
    0x08000168   0x08000168   0x00000024   Code   RO         6041    .text               mc_w.l(memcpya.o)
    0x0800018c   0x0800018c   0x00000024   Code   RO         6043    .text               mc_w.l(memseta.o)
    0x080001b0   0x080001b0   0x00000024   Code   RO         6107    .text               mc_w.l(init.o)
    0x080001d4   0x080001d4   0x00000056   Code   RO         6127    .text               mc_w.l(__dczerorl2.o)
    0x0800022a   0x0800022a   0x00000004   Code   RO         4955    i.BusFault_Handler  interrupt.o
    0x0800022e   0x0800022e   0x00000002   Code   RO         4956    i.DebugMon_Handler  interrupt.o
    0x08000230   0x08000230   0x00000004   Code   RO         4957    i.HardFault_Handler  interrupt.o
    0x08000234   0x08000234   0x00000004   Code   RO         4958    i.MemManage_Handler  interrupt.o
    0x08000238   0x08000238   0x00000002   Code   RO         4959    i.NMI_Handler       interrupt.o
    0x0800023a   0x0800023a   0x00000002   PAD
    0x0800023c   0x0800023c   0x00000028   Code   RO         5406    i.NVIC_SetPriority  systick.o
    0x08000264   0x08000264   0x00000002   Code   RO         4960    i.PendSV_Handler    interrupt.o
    0x08000266   0x08000266   0x00000002   Code   RO         4961    i.SVC_Handler       interrupt.o
    0x08000268   0x08000268   0x0000001c   Code   RO         5407    i.SysTick_Handler   systick.o
    0x08000284   0x08000284   0x00000070   Code   RO         3995    i.SystemInit        system_gd32f30x.o
    0x080002f4   0x080002f4   0x00000030   Code   RO         5823    i.TIMER1_IRQHandler  timer.o
    0x08000324   0x08000324   0x00000078   Code   RO         5475    i.USART2_IRQHandler  usart.o
    0x0800039c   0x0800039c   0x00000008   Code   RO         5704    i.USBD_LP_CAN0_RX0_IRQHandler  usb.o
    0x080003a4   0x080003a4   0x00000004   Code   RO         4962    i.UsageFault_Handler  interrupt.o
    0x080003a8   0x080003a8   0x0000000e   Code   RO         6121    i.__scatterload_copy  mc_w.l(handlers.o)
    0x080003b6   0x080003b6   0x00000002   Code   RO         6122    i.__scatterload_null  mc_w.l(handlers.o)
    0x080003b8   0x080003b8   0x0000000e   Code   RO         6123    i.__scatterload_zeroinit  mc_w.l(handlers.o)
    0x080003c6   0x080003c6   0x00000024   Code   RO         5952    i.auth_data         controller.o
    0x080003ea   0x080003ea   0x0000002e   Code   RO         5953    i.board_version_response  controller.o
    0x08000418   0x08000418   0x00000024   Code   RO         5954    i.client_exist_timing  controller.o
    0x0800043c   0x0800043c   0x0000002e   Code   RO         5955    i.client_exits_response  controller.o
    0x0800046a   0x0800046a   0x00000002   PAD
    0x0800046c   0x0800046c   0x00000048   Code   RO         4402    i.custom_hid_data_handler  custom_hid_core.o
    0x080004b4   0x080004b4   0x0000001a   Code   RO         4403    i.custom_hid_deinit  custom_hid_core.o
    0x080004ce   0x080004ce   0x00000002   PAD
    0x080004d0   0x080004d0   0x00000034   Code   RO         4404    i.custom_hid_init   custom_hid_core.o
    0x08000504   0x08000504   0x00000124   Code   RO         4406    i.custom_hid_req_handler  custom_hid_core.o
    0x08000628   0x08000628   0x00000018   Code   RO         5956    i.data_speed_led_event_timing  controller.o
    0x08000640   0x08000640   0x0000000c   Code   RO         5957    i.data_speed_led_setting  controller.o
    0x0800064c   0x0800064c   0x00000064   Code   RO         5958    i.data_speed_led_twink  controller.o
    0x080006b0   0x080006b0   0x00000018   Code   RO         5283    i.debug_led_event_timing  led.o
    0x080006c8   0x080006c8   0x00000020   Code   RO         5284    i.debug_led_gpio_init  led.o
    0x080006e8   0x080006e8   0x00000068   Code   RO         5286    i.debug_led_twink   led.o
    0x08000750   0x08000750   0x00000004   Code   RO         1783    i.gpio_bit_reset    gd32f30x_gpio.o
    0x08000754   0x08000754   0x00000004   Code   RO         1784    i.gpio_bit_set      gd32f30x_gpio.o
    0x08000758   0x08000758   0x0000000a   Code   RO         1785    i.gpio_bit_write    gd32f30x_gpio.o
    0x08000762   0x08000762   0x000000bc   Code   RO         1793    i.gpio_init         gd32f30x_gpio.o
    0x0800081e   0x0800081e   0x00000010   Code   RO         1794    i.gpio_input_bit_get  gd32f30x_gpio.o
    0x0800082e   0x0800082e   0x00000002   PAD
    0x08000830   0x08000830   0x00000090   Code   RO         1799    i.gpio_pin_remap_config  gd32f30x_gpio.o
    0x080008c0   0x080008c0   0x0000002e   Code   RO         5959    i.handshake_response  controller.o
    0x080008ee   0x080008ee   0x00000002   PAD
    0x080008f0   0x080008f0   0x000002f8   Code   RO         5852    i.hub_gpio_init     hub.o
    0x08000be8   0x08000be8   0x0000004c   Code   RO         5853    i.hub_send_data     hub.o
    0x08000c34   0x08000c34   0x00000058   Code   RO         5824    i.hub_timer_init    timer.o
    0x08000c8c   0x08000c8c   0x00000034   Code   RO         5662    i.hw_modules_init   main.o
    0x08000cc0   0x08000cc0   0x0000006e   Code   RO         5902    i.input_pool        message_pool.o
    0x08000d2e   0x08000d2e   0x00000010   Code   RO         5663    i.main              main.o
    0x08000d3e   0x08000d3e   0x00000004   Code   RO         5960    i.message_buf_size  controller.o
    0x08000d42   0x08000d42   0x00000002   PAD
    0x08000d44   0x08000d44   0x000000f4   Code   RO         5961    i.message_event     controller.o
    0x08000e38   0x08000e38   0x000001e0   Code   RO         5962    i.message_event_doing  controller.o
    0x08001018   0x08001018   0x000000c4   Code   RO         2111    i.nvic_irq_enable   gd32f30x_misc.o
    0x080010dc   0x080010dc   0x00000014   Code   RO         2112    i.nvic_priority_group_set  gd32f30x_misc.o
    0x080010f0   0x080010f0   0x00000042   Code   RO         5903    i.output_pool       message_pool.o
    0x08001132   0x08001132   0x00000012   Code   RO         5904    i.pool_empty        message_pool.o
    0x08001144   0x08001144   0x00000020   Code   RO         5905    i.pool_full         message_pool.o
    0x08001164   0x08001164   0x00000016   Code   RO         5906    i.pool_init         message_pool.o
    0x0800117a   0x0800117a   0x00000002   PAD
    0x0800117c   0x0800117c   0x00000160   Code   RO         2309    i.rcu_clock_freq_get  gd32f30x_rcu.o
    0x080012dc   0x080012dc   0x00000020   Code   RO         2327    i.rcu_periph_clock_enable  gd32f30x_rcu.o
    0x080012fc   0x080012fc   0x00000020   Code   RO         2330    i.rcu_periph_reset_disable  gd32f30x_rcu.o
    0x0800131c   0x0800131c   0x00000020   Code   RO         2331    i.rcu_periph_reset_enable  gd32f30x_rcu.o
    0x0800133c   0x0800133c   0x00000124   Code   RO         5854    i.read_hub_data     hub.o
    0x08001460   0x08001460   0x00000020   Code   RO         4222    i.resume_mcu        usbd_pwr.o
    0x08001480   0x08001480   0x00000038   Code   RO         5855    i.set_level_type    hub.o
    0x080014b8   0x080014b8   0x00000016   Code   RO         5455    i.sleep_ms          time.o
    0x080014ce   0x080014ce   0x00000002   PAD
    0x080014d0   0x080014d0   0x0000001c   Code   RO         5288    i.status_led_gpio_init  led.o
    0x080014ec   0x080014ec   0x00000020   Code   RO         5289    i.status_led_onff   led.o
    0x0800150c   0x0800150c   0x00000010   Code   RO         5664    i.sw_modules_init   main.o
    0x0800151c   0x0800151c   0x00000114   Code   RO         3996    i.system_clock_120m_hxtal  system_gd32f30x.o
    0x08001630   0x08001630   0x00000008   Code   RO         3997    i.system_clock_config  system_gd32f30x.o
    0x08001638   0x08001638   0x00000050   Code   RO         5409    i.systick_config    systick.o
    0x08001688   0x08001688   0x000000dc   Code   RO         3215    i.timer_deinit      gd32f30x_timer.o
    0x08001764   0x08001764   0x0000000a   Code   RO         3220    i.timer_enable      gd32f30x_timer.o
    0x0800176e   0x0800176e   0x00000002   PAD
    0x08001770   0x08001770   0x00000098   Code   RO         3230    i.timer_init        gd32f30x_timer.o
    0x08001808   0x08001808   0x00000008   Code   RO         3237    i.timer_interrupt_enable  gd32f30x_timer.o
    0x08001810   0x08001810   0x00000006   Code   RO         3238    i.timer_interrupt_flag_clear  gd32f30x_timer.o
    0x08001816   0x08001816   0x00000018   Code   RO         3239    i.timer_interrupt_flag_get  gd32f30x_timer.o
    0x0800182e   0x0800182e   0x00000002   PAD
    0x08001830   0x08001830   0x00000090   Code   RO         3625    i.usart_baudrate_set  gd32f30x_usart.o
    0x080018c0   0x080018c0   0x0000000a   Code   RO         3628    i.usart_data_receive  gd32f30x_usart.o
    0x080018ca   0x080018ca   0x00000008   Code   RO         3629    i.usart_data_transmit  gd32f30x_usart.o
    0x080018d2   0x080018d2   0x00000002   PAD
    0x080018d4   0x080018d4   0x00000090   Code   RO         3630    i.usart_deinit      gd32f30x_usart.o
    0x08001964   0x08001964   0x0000000a   Code   RO         3634    i.usart_enable      gd32f30x_usart.o
    0x0800196e   0x0800196e   0x0000001e   Code   RO         3636    i.usart_flag_get    gd32f30x_usart.o
    0x0800198c   0x0800198c   0x00000048   Code   RO         5476    i.usart_gpio_init   usart.o
    0x080019d4   0x080019d4   0x00000050   Code   RO         5477    i.usart_init        usart.o
    0x08001a24   0x08001a24   0x0000001a   Code   RO         3643    i.usart_interrupt_enable  gd32f30x_usart.o
    0x08001a3e   0x08001a3e   0x00000038   Code   RO         3645    i.usart_interrupt_flag_get  gd32f30x_usart.o
    0x08001a76   0x08001a76   0x00000010   Code   RO         3658    i.usart_receive_config  gd32f30x_usart.o
    0x08001a86   0x08001a86   0x00000002   PAD
    0x08001a88   0x08001a88   0x00000020   Code   RO         5478    i.usart_send_byte   usart.o
    0x08001aa8   0x08001aa8   0x00000010   Code   RO         3672    i.usart_transmit_config  gd32f30x_usart.o
    0x08001ab8   0x08001ab8   0x00000120   Code   RO         4261    i.usbd_clearfeature  usbd_std.o
    0x08001bd8   0x08001bd8   0x00000010   Code   RO         4262    i.usbd_configuration_descriptor_get  usbd_std.o
    0x08001be8   0x08001be8   0x0000006c   Code   RO         4263    i.usbd_device_class_request  usbd_std.o
    0x08001c54   0x08001c54   0x00000010   Code   RO         4264    i.usbd_device_descriptor_get  usbd_std.o
    0x08001c64   0x08001c64   0x00000010   Code   RO         4265    i.usbd_enum_error   usbd_std.o
    0x08001c74   0x08001c74   0x000000d8   Code   RO         4045    i.usbd_ep_clear_stall  usbd_core.o
    0x08001d4c   0x08001d4c   0x00000024   Code   RO         4046    i.usbd_ep_data_read  usbd_core.o
    0x08001d70   0x08001d70   0x00000024   Code   RO         4047    i.usbd_ep_data_write  usbd_core.o
    0x08001d94   0x08001d94   0x000000b4   Code   RO         4048    i.usbd_ep_deinit    usbd_core.o
    0x08001e48   0x08001e48   0x00000138   Code   RO         4049    i.usbd_ep_init      usbd_core.o
    0x08001f80   0x08001f80   0x0000004c   Code   RO         4050    i.usbd_ep_rx        usbd_core.o
    0x08001fcc   0x08001fcc   0x000000a0   Code   RO         4051    i.usbd_ep_stall     usbd_core.o
    0x0800206c   0x0800206c   0x00000090   Code   RO         4053    i.usbd_ep_tx        usbd_core.o
    0x080020fc   0x080020fc   0x00000050   Code   RO         4266    i.usbd_getconfiguration  usbd_std.o
    0x0800214c   0x0800214c   0x00000094   Code   RO         4267    i.usbd_getdescriptor  usbd_std.o
    0x080021e0   0x080021e0   0x00000044   Code   RO         4268    i.usbd_getinterface  usbd_std.o
    0x08002224   0x08002224   0x000000fa   Code   RO         4269    i.usbd_getstatus    usbd_std.o
    0x0800231e   0x0800231e   0x00000002   PAD
    0x08002320   0x08002320   0x0000011c   Code   RO         4270    i.usbd_in_transaction  usbd_std.o
    0x0800243c   0x0800243c   0x00000060   Code   RO         4153    i.usbd_intf_esof    usbd_int.o
    0x0800249c   0x0800249c   0x00000160   Code   RO         4154    i.usbd_intf_lpst    usbd_int.o
    0x080025fc   0x080025fc   0x00000094   Code   RO         4155    i.usbd_intf_reset   usbd_int.o
    0x08002690   0x08002690   0x0000001c   Code   RO         4156    i.usbd_intf_sof     usbd_int.o
    0x080026ac   0x080026ac   0x0000002c   Code   RO         4157    i.usbd_intf_suspend  usbd_int.o
    0x080026d8   0x080026d8   0x0000001c   Code   RO         4158    i.usbd_intf_wakeup  usbd_int.o
    0x080026f4   0x080026f4   0x000000e4   Code   RO         4159    i.usbd_isr          usbd_int.o
    0x080027d8   0x080027d8   0x000000a8   Code   RO         4271    i.usbd_out_transaction  usbd_std.o
    0x08002880   0x08002880   0x00000002   Code   RO         4272    i.usbd_reserved     usbd_std.o
    0x08002882   0x08002882   0x00000014   Code   RO         4054    i.usbd_rx_count_get  usbd_core.o
    0x08002896   0x08002896   0x00000002   PAD
    0x08002898   0x08002898   0x00000074   Code   RO         4273    i.usbd_setaddress   usbd_std.o
    0x0800290c   0x0800290c   0x00000154   Code   RO         4274    i.usbd_setconfiguration  usbd_std.o
    0x08002a60   0x08002a60   0x00000002   Code   RO         4275    i.usbd_setdescriptor  usbd_std.o
    0x08002a62   0x08002a62   0x00000002   PAD
    0x08002a64   0x08002a64   0x000000fc   Code   RO         4276    i.usbd_setfeature   usbd_std.o
    0x08002b60   0x08002b60   0x00000070   Code   RO         4277    i.usbd_setinterface  usbd_std.o
    0x08002bd0   0x08002bd0   0x00000032   Code   RO         4278    i.usbd_setup_request_parse  usbd_std.o
    0x08002c02   0x08002c02   0x0000004e   Code   RO         4279    i.usbd_setup_transaction  usbd_std.o
    0x08002c50   0x08002c50   0x0000001c   Code   RO         4280    i.usbd_standard_request  usbd_std.o
    0x08002c6c   0x08002c6c   0x00000012   Code   RO         4281    i.usbd_string_descriptor_get  usbd_std.o
    0x08002c7e   0x08002c7e   0x00000002   PAD
    0x08002c80   0x08002c80   0x00000014   Code   RO         4224    i.usbd_suspend      usbd_pwr.o
    0x08002c94   0x08002c94   0x00000002   Code   RO         4282    i.usbd_synchframe   usbd_std.o
    0x08002c96   0x08002c96   0x00000006   Code   RO         4283    i.usbd_vendor_request  usbd_std.o
    0x08002c9c   0x08002c9c   0x000000ec   Code   RO         5856    i.write_hub_data    hub.o
    0x08002d88   0x08002d88   0x000000bb   Data   RO         4409    .constdata          custom_hid_core.o
    0x08002e43   0x08002e43   0x00000026   Data   RO         5964    .constdata          controller.o
    0x08002e69   0x08002e69   0x00000003   PAD
    0x08002e6c   0x08002e6c   0x00000020   Data   RO         6119    Region$$Table       anon$$obj.o


    Execution Region RW_IRAM1 (Exec base: 0x20000000, Load base: 0x08002e8c, Size: 0x00003238, Max: 0x00010000, ABSOLUTE, COMPRESSED[0x0000009c])

    Exec Addr    Load Addr    Size         Type   Attr      Idx    E Section Name        Object

    0x20000000   COMPRESSED   0x00000004   Data   RW         3998    .data               system_gd32f30x.o
    0x20000004   COMPRESSED   0x0000000c   Data   RW         4056    .data               usbd_core.o
    0x20000010   COMPRESSED   0x00000004   Data   RW         4160    .data               usbd_int.o
    0x20000014   COMPRESSED   0x00000003   Data   RW         4225    .data               usbd_pwr.o
    0x20000017   COMPRESSED   0x00000001   PAD
    0x20000018   COMPRESSED   0x00000045   Data   RW         4284    .data               usbd_std.o
    0x2000005d   COMPRESSED   0x00000003   PAD
    0x20000060   COMPRESSED   0x000000e4   Data   RW         4410    .data               custom_hid_core.o
    0x20000144   COMPRESSED   0x00000020   Data   RW         5291    .data               led.o
    0x20000164   COMPRESSED   0x00000005   Data   RW         5410    .data               systick.o
    0x20000169   COMPRESSED   0x00000003   PAD
    0x2000016c   COMPRESSED   0x00000004   Data   RW         5482    .data               usart.o
    0x20000170   COMPRESSED   0x00000008   Data   RW         5857    .data               hub.o
    0x20000178   COMPRESSED   0x0000001c   Data   RW         5965    .data               controller.o
    0x20000194        -       0x00002800   Zero   RW         4408    .bss                custom_hid_core.o
    0x20002994        -       0x00000040   Zero   RW         5481    .bss                usart.o
    0x200029d4        -       0x00000442   Zero   RW         5907    .bss                message_pool.o
    0x20002e16        -       0x00000022   Zero   RW         5963    .bss                controller.o
    0x20002e38        -       0x00000400   Zero   RW         4034    STACK               startup_gd32f30x_xd.o


==============================================================================

Image component sizes


      Code (inc. data)   RO Data    RW Data    ZI Data      Debug   Object Name

      1074        114         38         28         34       7797   controller.o
       442         58        187        228      10240       5941   custom_hid_core.o
         0          0          0          0          0        611   diskio.o
         0          0          0          0          0      59568   gd32f30x_adc.o
       366          6          0          0          0       4418   gd32f30x_gpio.o
       216         20          0          0          0       1508   gd32f30x_misc.o
       448         54          0          0          0       3120   gd32f30x_rcu.o
       420         40          0          0          0       4452   gd32f30x_timer.o
       460         16          0          0          0       6878   gd32f30x_usart.o
      1420         62          0          8          0       3364   hub.o
        24          0          0          0          0       3780   interrupt.o
       220         30          0         32          0       3454   led.o
        84          6          0          0          0       1447   main.o
       248          0          0          0       1090       4327   message_pool.o
        36          8        304          0       1024        888   startup_gd32f30x_xd.o
       396         30          0          4          0       2659   system_gd32f30x.o
       148         18          0          5          0      28988   systick.o
        22          0          0          0          0        527   time.o
       136          4          0          0          0       1201   timer.o
       304         40          0          4         64       2766   usart.o
         8          0          0          0          0        506   usb.o
      1180         54          0         12          0      13957   usbd_core.o
       924         76          0          4          0       7620   usbd_int.o
        52          8          0          3          0       1728   usbd_pwr.o
      2448         90          0         69          0      17256   usbd_std.o

    ----------------------------------------------------------------------
     11108        734        564        404      12452     188761   Object Totals
         0          0         32          0          0          0   (incl. Generated)
        32          0          3          7          0          0   (incl. Padding)

    ----------------------------------------------------------------------

      Code (inc. data)   RO Data    RW Data    ZI Data      Debug   Library Member Name

        86          0          0          0          0          0   __dczerorl2.o
         0          0          0          0          0          0   entry.o
         0          0          0          0          0          0   entry10a.o
         0          0          0          0          0          0   entry11a.o
         8          4          0          0          0          0   entry2.o
         4          0          0          0          0          0   entry5.o
         0          0          0          0          0          0   entry7b.o
         0          0          0          0          0          0   entry8b.o
         8          4          0          0          0          0   entry9a.o
        30          0          0          0          0          0   handlers.o
        36          8          0          0          0         68   init.o
        36          0          0          0          0         68   memcpya.o
        36          0          0          0          0        108   memseta.o

    ----------------------------------------------------------------------
       244         16          0          0          0        244   Library Totals
         0          0          0          0          0          0   (incl. Padding)

    ----------------------------------------------------------------------

      Code (inc. data)   RO Data    RW Data    ZI Data      Debug   Library Name

       244         16          0          0          0        244   mc_w.l

    ----------------------------------------------------------------------
       244         16          0          0          0        244   Library Totals

    ----------------------------------------------------------------------

==============================================================================


      Code (inc. data)   RO Data    RW Data    ZI Data      Debug   

     11352        750        564        404      12452     177437   Grand Totals
     11352        750        564        156      12452     177437   ELF Image Totals (compressed)
     11352        750        564        156          0          0   ROM Totals

==============================================================================

    Total RO  Size (Code + RO Data)                11916 (  11.64kB)
    Total RW  Size (RW Data + ZI Data)             12856 (  12.55kB)
    Total ROM Size (Code + RO Data + RW Data)      12072 (  11.79kB)

==============================================================================

