Component: ARM Compiler 5.06 update 6 (build 750) Tool: armlink [4d35ed]

==============================================================================

Section Cross References

    test.o(i.main) refers to test.o(i.remap_gpio_init) for remap_gpio_init
    test.o(i.main) refers to test.o(i.test_gpio_init) for test_gpio_init
    test.o(i.main) refers to usart.o(i.usart_init) for usart_init
    test.o(i.main) refers to usart.o(i.usart_send_fmt_string) for usart_send_fmt_string
    test.o(i.main) refers to time.o(i.sleep_ms) for sleep_ms
    test.o(i.main) refers to test.o(.constdata) for __FUNCTION__
    test.o(i.remap_gpio_init) refers to gd32f30x_rcu.o(i.rcu_periph_clock_enable) for rcu_periph_clock_enable
    test.o(i.remap_gpio_init) refers to gd32f30x_gpio.o(i.gpio_pin_remap_config) for gpio_pin_remap_config
    test.o(i.test_gpio_init) refers to gd32f30x_rcu.o(i.rcu_periph_clock_enable) for rcu_periph_clock_enable
    test.o(i.test_gpio_init) refers to gd32f30x_gpio.o(i.gpio_init) for gpio_init
    message_pool.o(i.input_pool) refers to message_pool.o(i.pool_full) for pool_full
    message_pool.o(i.output_pool) refers to message_pool.o(i.pool_empty) for pool_empty
    message_pool.o(i.output_pool) refers to memcpya.o(.text) for __aeabi_memcpy
    message_pool.o(i.pool_init) refers to memseta.o(.text) for __aeabi_memclr
    usart.o(i.USART0_IRQHandler) refers to gd32f30x_usart.o(i.usart_interrupt_flag_get) for usart_interrupt_flag_get
    usart.o(i.USART0_IRQHandler) refers to gd32f30x_usart.o(i.usart_data_receive) for usart_data_receive
    usart.o(i.USART0_IRQHandler) refers to message_pool.o(i.input_pool) for input_pool
    usart.o(i.USART0_IRQHandler) refers to usart.o(.bss) for receive_data
    usart.o(i.USART0_IRQHandler) refers to usart.o(.data) for receive_index
    usart.o(i.USART0_IRQHandler) refers to message_pool.o(.bss) for message_pool
    usart.o(i.usart_gpio_init) refers to gd32f30x_rcu.o(i.rcu_periph_clock_enable) for rcu_periph_clock_enable
    usart.o(i.usart_gpio_init) refers to gd32f30x_gpio.o(i.gpio_pin_remap_config) for gpio_pin_remap_config
    usart.o(i.usart_gpio_init) refers to gd32f30x_gpio.o(i.gpio_init) for gpio_init
    usart.o(i.usart_init) refers to usart.o(i.usart_gpio_init) for usart_gpio_init
    usart.o(i.usart_init) refers to gd32f30x_misc.o(i.nvic_irq_enable) for nvic_irq_enable
    usart.o(i.usart_init) refers to gd32f30x_rcu.o(i.rcu_periph_clock_enable) for rcu_periph_clock_enable
    usart.o(i.usart_init) refers to gd32f30x_usart.o(i.usart_deinit) for usart_deinit
    usart.o(i.usart_init) refers to gd32f30x_usart.o(i.usart_baudrate_set) for usart_baudrate_set
    usart.o(i.usart_init) refers to gd32f30x_usart.o(i.usart_receive_config) for usart_receive_config
    usart.o(i.usart_init) refers to gd32f30x_usart.o(i.usart_transmit_config) for usart_transmit_config
    usart.o(i.usart_init) refers to gd32f30x_usart.o(i.usart_enable) for usart_enable
    usart.o(i.usart_init) refers to gd32f30x_usart.o(i.usart_interrupt_enable) for usart_interrupt_enable
    usart.o(i.usart_send_byte) refers to gd32f30x_usart.o(i.usart_data_transmit) for usart_data_transmit
    usart.o(i.usart_send_byte) refers to gd32f30x_usart.o(i.usart_flag_get) for usart_flag_get
    usart.o(i.usart_send_fmt_string) refers to printfa.o(i.__0vsprintf) for vsprintf
    usart.o(i.usart_send_fmt_string) refers to usart.o(i.usart_send_string) for usart_send_string
    usart.o(i.usart_send_string) refers to usart.o(i.usart_send_byte) for usart_send_byte
    startup_gd32f30x_xd.o(RESET) refers to startup_gd32f30x_xd.o(STACK) for __initial_sp
    startup_gd32f30x_xd.o(RESET) refers to startup_gd32f30x_xd.o(.text) for Reset_Handler
    startup_gd32f30x_xd.o(RESET) refers to usart.o(i.USART0_IRQHandler) for USART0_IRQHandler
    startup_gd32f30x_xd.o(.text) refers to system_gd32f30x.o(i.SystemInit) for SystemInit
    startup_gd32f30x_xd.o(.text) refers to entry.o(.ARM.Collect$$$$00000000) for __main
    system_gd32f30x.o(i.SystemCoreClockUpdate) refers to system_gd32f30x.o(.data) for SystemCoreClock
    system_gd32f30x.o(i.SystemInit) refers to system_gd32f30x.o(i.system_clock_config) for system_clock_config
    system_gd32f30x.o(i.system_clock_config) refers to system_gd32f30x.o(i.system_clock_120m_irc8m) for system_clock_120m_irc8m
    gd32f30x_adc.o(i.adc_deinit) refers to gd32f30x_rcu.o(i.rcu_periph_reset_enable) for rcu_periph_reset_enable
    gd32f30x_adc.o(i.adc_deinit) refers to gd32f30x_rcu.o(i.rcu_periph_reset_disable) for rcu_periph_reset_disable
    gd32f30x_bkp.o(i.bkp_deinit) refers to gd32f30x_rcu.o(i.rcu_bkp_reset_enable) for rcu_bkp_reset_enable
    gd32f30x_bkp.o(i.bkp_deinit) refers to gd32f30x_rcu.o(i.rcu_bkp_reset_disable) for rcu_bkp_reset_disable
    gd32f30x_can.o(i.can_debug_freeze_disable) refers to gd32f30x_dbg.o(i.dbg_periph_enable) for dbg_periph_enable
    gd32f30x_can.o(i.can_debug_freeze_enable) refers to gd32f30x_dbg.o(i.dbg_periph_enable) for dbg_periph_enable
[...]
    printfa.o(i.__0fprintf) refers to printfa.o(i._printf_core) for _printf_core
    printfa.o(i.__0fprintf) refers to fputc.o(i.fputc) for fputc
    printfa.o(i.__0printf) refers (Special) to iusefp.o(.text) for __I$use$fp
    printfa.o(i.__0printf) refers to printfa.o(i._printf_core) for _printf_core
    printfa.o(i.__0printf) refers to fputc.o(i.fputc) for fputc
    printfa.o(i.__0printf) refers to stdout.o(.data) for __stdout
    printfa.o(i.__0snprintf) refers (Special) to iusefp.o(.text) for __I$use$fp
    printfa.o(i.__0snprintf) refers to printfa.o(i._printf_core) for _printf_core
    printfa.o(i.__0snprintf) refers to printfa.o(i._snputc) for _snputc
    printfa.o(i.__0sprintf) refers (Special) to iusefp.o(.text) for __I$use$fp
    printfa.o(i.__0sprintf) refers to printfa.o(i._printf_core) for _printf_core
    printfa.o(i.__0sprintf) refers to printfa.o(i._sputc) for _sputc
    printfa.o(i.__0vfprintf) refers (Special) to iusefp.o(.text) for __I$use$fp
    printfa.o(i.__0vfprintf) refers to printfa.o(i._printf_core) for _printf_core
    printfa.o(i.__0vfprintf) refers to fputc.o(i.fputc) for fputc
    printfa.o(i.__0vprintf) refers (Special) to iusefp.o(.text) for __I$use$fp
    printfa.o(i.__0vprintf) refers to printfa.o(i._printf_core) for _printf_core
    printfa.o(i.__0vprintf) refers to fputc.o(i.fputc) for fputc
    printfa.o(i.__0vprintf) refers to stdout.o(.data) for __stdout
    printfa.o(i.__0vsnprintf) refers (Special) to iusefp.o(.text) for __I$use$fp
    printfa.o(i.__0vsnprintf) refers to printfa.o(i._printf_core) for _printf_core
    printfa.o(i.__0vsnprintf) refers to printfa.o(i._snputc) for _snputc
    printfa.o(i.__0vsprintf) refers (Special) to iusefp.o(.text) for __I$use$fp
    printfa.o(i.__0vsprintf) refers to printfa.o(i._printf_core) for _printf_core
    printfa.o(i.__0vsprintf) refers to printfa.o(i._sputc) for _sputc
    printfa.o(i._fp_digits) refers (Special) to iusefp.o(.text) for __I$use$fp
    printfa.o(i._fp_digits) refers to dmul.o(.text) for __aeabi_dmul
    printfa.o(i._fp_digits) refers to ddiv.o(.text) for __aeabi_ddiv
    printfa.o(i._fp_digits) refers to cdrcmple.o(.text) for __aeabi_cdrcmple
    printfa.o(i._fp_digits) refers to dadd.o(.text) for __aeabi_dadd
    printfa.o(i._fp_digits) refers to dfixul.o(.text) for __aeabi_d2ulz
    printfa.o(i._fp_digits) refers to uldiv.o(.text) for __aeabi_uldivmod
    printfa.o(i._printf_core) refers (Special) to iusefp.o(.text) for __I$use$fp
    printfa.o(i._printf_core) refers to printfa.o(i._printf_pre_padding) for _printf_pre_padding
    printfa.o(i._printf_core) refers to uldiv.o(.text) for __aeabi_uldivmod
    printfa.o(i._printf_core) refers to printfa.o(i._printf_post_padding) for _printf_post_padding
    printfa.o(i._printf_core) refers to printfa.o(i._fp_digits) for _fp_digits
    printfa.o(i._printf_core) refers to uidiv.o(.text) for __aeabi_uidivmod
    printfa.o(i._printf_post_padding) refers (Special) to iusefp.o(.text) for __I$use$fp
    printfa.o(i._printf_pre_padding) refers (Special) to iusefp.o(.text) for __I$use$fp
    printfa.o(i._snputc) refers (Special) to iusefp.o(.text) for __I$use$fp
    printfa.o(i._sputc) refers (Special) to iusefp.o(.text) for __I$use$fp
    entry2.o(.ARM.Collect$$$$00000001) refers to entry2.o(.ARM.Collect$$$$00002712) for __lit__00000000
    entry2.o(.ARM.Collect$$$$00002712) refers to startup_gd32f30x_xd.o(STACK) for __initial_sp
    entry2.o(__vectab_stack_and_reset_area) refers to startup_gd32f30x_xd.o(STACK) for __initial_sp
    entry2.o(__vectab_stack_and_reset_area) refers to entry.o(.ARM.Collect$$$$00000000) for __main
    entry5.o(.ARM.Collect$$$$00000004) refers to init.o(.text) for __scatterload
    entry9a.o(.ARM.Collect$$$$0000000B) refers to test.o(i.main) for main
    entry9b.o(.ARM.Collect$$$$0000000C) refers to test.o(i.main) for main
    fputc.o(i.fputc) refers (Special) to iusesemip.o(.text) for __I$use$semihosting$fputc
    fputc.o(i.fputc) refers (Special) to semi.o(.text) for __semihosting_library_function
    uldiv.o(.text) refers to llushr.o(.text) for __aeabi_llsr
    uldiv.o(.text) refers to llshl.o(.text) for __aeabi_llsl
    dadd.o(.text) refers to llshl.o(.text) for __aeabi_llsl
    dadd.o(.text) refers to llsshr.o(.text) for __aeabi_lasr
    dadd.o(.text) refers to depilogue.o(.text) for _double_epilogue
    dmul.o(.text) refers to depilogue.o(.text) for _double_epilogue
    ddiv.o(.text) refers to depilogue.o(.text) for _double_round
    dfixul.o(.text) refers to llushr.o(.text) for __aeabi_llsr
    dfixul.o(.text) refers to llshl.o(.text) for __aeabi_llsl
    init.o(.text) refers to entry5.o(.ARM.Collect$$$$00000004) for __main_after_scatterload
    depilogue.o(.text) refers to llshl.o(.text) for __aeabi_llsl
    depilogue.o(.text) refers to llushr.o(.text) for __aeabi_llsr


==============================================================================

Removing Unused input sections from the image.

    Removing test.o(.rev16_text), (4 bytes).
    Removing test.o(.revsh_text), (4 bytes).
    Removing log.o(.rev16_text), (4 bytes).
    Removing log.o(.revsh_text), (4 bytes).
    Removing message_pool.o(.rev16_text), (4 bytes).
    Removing message_pool.o(.revsh_text), (4 bytes).
    Removing message_pool.o(i.output_pool), (66 bytes).
    Removing message_pool.o(i.pool_empty), (18 bytes).
    Removing message_pool.o(i.pool_init), (22 bytes).
    Removing time.o(i.sleep_us), (20 bytes).
    Removing usart.o(.rev16_text), (4 bytes).
    Removing usart.o(.revsh_text), (4 bytes).
    Removing startup_gd32f30x_xd.o(HEAP), (1024 bytes).
    Removing system_gd32f30x.o(.rev16_text), (4 bytes).
    Removing system_gd32f30x.o(.revsh_text), (4 bytes).
    Removing system_gd32f30x.o(i.SystemCoreClockUpdate), (192 bytes).
    Removing system_gd32f30x.o(.data), (4 bytes).
    Removing gd32f30x_adc.o(.rev16_text), (4 bytes).
    Removing gd32f30x_adc.o(.revsh_text), (4 bytes).
    Removing gd32f30x_adc.o(i.adc_calibration_enable), (42 bytes).
    Removing gd32f30x_adc.o(i.adc_channel_length_config), (70 bytes).
    Removing gd32f30x_adc.o(i.adc_data_alignment_config), (22 bytes).
    Removing gd32f30x_adc.o(i.adc_deinit), (88 bytes).
    Removing gd32f30x_adc.o(i.adc_disable), (10 bytes).
    Removing gd32f30x_adc.o(i.adc_discontinuous_mode_config), (76 bytes).
    Removing gd32f30x_adc.o(i.adc_dma_mode_disable), (10 bytes).
    Removing gd32f30x_adc.o(i.adc_dma_mode_enable), (10 bytes).
    Removing gd32f30x_adc.o(i.adc_enable), (18 bytes).
    Removing gd32f30x_adc.o(i.adc_external_trigger_config), (62 bytes).
    Removing gd32f30x_adc.o(i.adc_external_trigger_source_config), (48 bytes).
    Removing gd32f30x_adc.o(i.adc_flag_clear), (8 bytes).
    Removing gd32f30x_adc.o(i.adc_flag_get), (14 bytes).
    Removing gd32f30x_adc.o(i.adc_inserted_channel_config), (120 bytes).
    Removing gd32f30x_adc.o(i.adc_inserted_channel_offset_config), (36 bytes).
    Removing gd32f30x_adc.o(i.adc_inserted_data_read), (46 bytes).
    Removing gd32f30x_adc.o(i.adc_interrupt_disable), (44 bytes).
    Removing gd32f30x_adc.o(i.adc_interrupt_enable), (44 bytes).
    Removing gd32f30x_adc.o(i.adc_interrupt_flag_clear), (8 bytes).
    Removing gd32f30x_adc.o(i.adc_interrupt_flag_get), (88 bytes).
    Removing gd32f30x_adc.o(i.adc_mode_config), (28 bytes).
    Removing gd32f30x_adc.o(i.adc_oversample_mode_config), (58 bytes).
    Removing gd32f30x_adc.o(i.adc_oversample_mode_disable), (14 bytes).
    Removing gd32f30x_adc.o(i.adc_oversample_mode_enable), (14 bytes).
    Removing gd32f30x_adc.o(i.adc_regular_channel_config), (172 bytes).
    Removing gd32f30x_adc.o(i.adc_regular_data_read), (8 bytes).
    Removing gd32f30x_adc.o(i.adc_resolution_config), (20 bytes).
    Removing gd32f30x_adc.o(i.adc_software_trigger_enable), (30 bytes).
    Removing gd32f30x_adc.o(i.adc_special_function_config), (90 bytes).
    Removing gd32f30x_adc.o(i.adc_sync_mode_convert_value_read), (12 bytes).
    Removing gd32f30x_adc.o(i.adc_tempsensor_vrefint_disable), (20 bytes).
    Removing gd32f30x_adc.o(i.adc_tempsensor_vrefint_enable), (20 bytes).
    Removing gd32f30x_adc.o(i.adc_watchdog_disable), (16 bytes).
    Removing gd32f30x_adc.o(i.adc_watchdog_group_channel_enable), (64 bytes).
    Removing gd32f30x_adc.o(i.adc_watchdog_single_channel_enable), (32 bytes).
    Removing gd32f30x_adc.o(i.adc_watchdog_threshold_config), (14 bytes).
    Removing gd32f30x_bkp.o(.rev16_text), (4 bytes).
    Removing gd32f30x_bkp.o(.revsh_text), (4 bytes).
    Removing gd32f30x_bkp.o(i.bkp_deinit), (12 bytes).
    Removing gd32f30x_bkp.o(i.bkp_flag_clear), (20 bytes).
    Removing gd32f30x_bkp.o(i.bkp_flag_get), (24 bytes).
    Removing gd32f30x_bkp.o(i.bkp_interrupt_flag_clear), (20 bytes).
    Removing gd32f30x_bkp.o(i.bkp_interrupt_flag_get), (24 bytes).
    Removing gd32f30x_bkp.o(i.bkp_read_data), (56 bytes).
    Removing gd32f30x_bkp.o(i.bkp_rtc_calibration_output_disable), (20 bytes).
    Removing gd32f30x_bkp.o(i.bkp_rtc_calibration_output_enable), (20 bytes).
    Removing gd32f30x_bkp.o(i.bkp_rtc_calibration_value_set), (24 bytes).
    Removing gd32f30x_bkp.o(i.bkp_rtc_clock_calibration_direction), (24 bytes).
    Removing gd32f30x_bkp.o(i.bkp_rtc_clock_output_select), (28 bytes).
    Removing gd32f30x_bkp.o(i.bkp_rtc_output_select), (28 bytes).
    Removing gd32f30x_bkp.o(i.bkp_rtc_signal_output_disable), (20 bytes).
    Removing gd32f30x_bkp.o(i.bkp_rtc_signal_output_enable), (20 bytes).
    Removing gd32f30x_bkp.o(i.bkp_tamper_active_level_set), (28 bytes).
    Removing gd32f30x_bkp.o(i.bkp_tamper_detection_disable), (20 bytes).
    Removing gd32f30x_bkp.o(i.bkp_tamper_detection_enable), (20 bytes).
    Removing gd32f30x_bkp.o(i.bkp_tamper_interrupt_disable), (20 bytes).
    Removing gd32f30x_bkp.o(i.bkp_tamper_interrupt_enable), (20 bytes).
    Removing gd32f30x_bkp.o(i.bkp_write_data), (52 bytes).
    Removing gd32f30x_can.o(.rev16_text), (4 bytes).
    Removing gd32f30x_can.o(.revsh_text), (4 bytes).
    Removing gd32f30x_can.o(i.can1_filter_start_bank), (56 bytes).
    Removing gd32f30x_can.o(i.can_debug_freeze_disable), (32 bytes).
    Removing gd32f30x_can.o(i.can_debug_freeze_enable), (32 bytes).
    Removing gd32f30x_can.o(i.can_deinit), (32 bytes).
    Removing gd32f30x_can.o(i.can_error_get), (12 bytes).
    Removing gd32f30x_can.o(i.can_fifo_release), (32 bytes).
    Removing gd32f30x_can.o(i.can_filter_init), (272 bytes).
    Removing gd32f30x_can.o(i.can_flag_clear), (26 bytes).
    Removing gd32f30x_can.o(i.can_flag_get), (30 bytes).
    Removing gd32f30x_can.o(i.can_init), (290 bytes).
    Removing gd32f30x_can.o(i.can_interrupt_disable), (8 bytes).
    Removing gd32f30x_can.o(i.can_interrupt_enable), (8 bytes).
    Removing gd32f30x_can.o(i.can_interrupt_flag_clear), (26 bytes).
    Removing gd32f30x_can.o(i.can_interrupt_flag_get), (52 bytes).
    Removing gd32f30x_can.o(i.can_message_receive), (228 bytes).
    Removing gd32f30x_can.o(i.can_message_transmit), (336 bytes).
    Removing gd32f30x_can.o(i.can_receive_error_number_get), (8 bytes).
    Removing gd32f30x_can.o(i.can_receive_message_length_get), (26 bytes).
    Removing gd32f30x_can.o(i.can_struct_para_init), (158 bytes).
    Removing gd32f30x_can.o(i.can_time_trigger_mode_disable), (48 bytes).
    Removing gd32f30x_can.o(i.can_time_trigger_mode_enable), (48 bytes).
    Removing gd32f30x_can.o(i.can_transmission_stop), (80 bytes).
    Removing gd32f30x_can.o(i.can_transmit_error_number_get), (10 bytes).
    Removing gd32f30x_can.o(i.can_transmit_states), (124 bytes).
    Removing gd32f30x_can.o(i.can_wakeup), (48 bytes).
    Removing gd32f30x_can.o(i.can_working_mode_set), (168 bytes).
    Removing gd32f30x_crc.o(.rev16_text), (4 bytes).
    Removing gd32f30x_crc.o(.revsh_text), (4 bytes).
    Removing gd32f30x_crc.o(i.crc_block_data_calculate), (36 bytes).
    Removing gd32f30x_crc.o(i.crc_data_register_read), (12 bytes).
    Removing gd32f30x_crc.o(i.crc_data_register_reset), (20 bytes).
    Removing gd32f30x_crc.o(i.crc_deinit), (24 bytes).
    Removing gd32f30x_crc.o(i.crc_free_data_register_read), (12 bytes).
    Removing gd32f30x_crc.o(i.crc_free_data_register_write), (12 bytes).
    Removing gd32f30x_crc.o(i.crc_single_data_calculate), (16 bytes).
    Removing gd32f30x_ctc.o(.rev16_text), (4 bytes).
    Removing gd32f30x_ctc.o(.revsh_text), (4 bytes).
    Removing gd32f30x_ctc.o(i.ctc_clock_limit_value_config), (28 bytes).
    Removing gd32f30x_ctc.o(i.ctc_counter_capture_value_read), (16 bytes).
    Removing gd32f30x_ctc.o(i.ctc_counter_direction_read), (24 bytes).
    Removing gd32f30x_ctc.o(i.ctc_counter_disable), (20 bytes).
    Removing gd32f30x_ctc.o(i.ctc_counter_enable), (20 bytes).
    Removing gd32f30x_ctc.o(i.ctc_counter_reload_value_config), (28 bytes).
    Removing gd32f30x_ctc.o(i.ctc_counter_reload_value_read), (16 bytes).
    Removing gd32f30x_ctc.o(i.ctc_deinit), (20 bytes).
    Removing gd32f30x_ctc.o(i.ctc_flag_clear), (36 bytes).
    Removing gd32f30x_ctc.o(i.ctc_flag_get), (24 bytes).
    Removing gd32f30x_ctc.o(i.ctc_hardware_trim_mode_config), (28 bytes).
    Removing gd32f30x_ctc.o(i.ctc_interrupt_disable), (16 bytes).
    Removing gd32f30x_ctc.o(i.ctc_interrupt_enable), (16 bytes).
    Removing gd32f30x_ctc.o(i.ctc_interrupt_flag_clear), (36 bytes).
    Removing gd32f30x_ctc.o(i.ctc_interrupt_flag_get), (56 bytes).
    Removing gd32f30x_ctc.o(i.ctc_irc48m_trim_value_config), (28 bytes).
    Removing gd32f30x_ctc.o(i.ctc_irc48m_trim_value_read), (16 bytes).
    Removing gd32f30x_ctc.o(i.ctc_refsource_polarity_config), (28 bytes).
    Removing gd32f30x_ctc.o(i.ctc_refsource_prescaler_config), (28 bytes).
    Removing gd32f30x_ctc.o(i.ctc_refsource_signal_select), (28 bytes).
    Removing gd32f30x_ctc.o(i.ctc_software_refsource_pulse_generate), (20 bytes).
    Removing gd32f30x_dac.o(.rev16_text), (4 bytes).
    Removing gd32f30x_dac.o(.revsh_text), (4 bytes).
    Removing gd32f30x_dac.o(i.dac_concurrent_data_set), (64 bytes).
    Removing gd32f30x_dac.o(i.dac_concurrent_disable), (24 bytes).
    Removing gd32f30x_dac.o(i.dac_concurrent_enable), (24 bytes).
    Removing gd32f30x_dac.o(i.dac_concurrent_output_buffer_disable), (24 bytes).
    Removing gd32f30x_dac.o(i.dac_concurrent_output_buffer_enable), (24 bytes).
    Removing gd32f30x_dac.o(i.dac_concurrent_software_trigger_disable), (20 bytes).
    Removing gd32f30x_dac.o(i.dac_concurrent_software_trigger_enable), (20 bytes).
    Removing gd32f30x_dac.o(i.dac_data_set), (88 bytes).
    Removing gd32f30x_dac.o(i.dac_deinit), (20 bytes).
    Removing gd32f30x_dac.o(i.dac_disable), (36 bytes).
    Removing gd32f30x_dac.o(i.dac_dma_disable), (36 bytes).
    Removing gd32f30x_dac.o(i.dac_dma_enable), (36 bytes).
    Removing gd32f30x_dac.o(i.dac_enable), (36 bytes).
    Removing gd32f30x_dac.o(i.dac_lfsr_noise_config), (52 bytes).
    Removing gd32f30x_dac.o(i.dac_output_buffer_disable), (36 bytes).
    Removing gd32f30x_dac.o(i.dac_output_buffer_enable), (36 bytes).
    Removing gd32f30x_dac.o(i.dac_output_value_get), (28 bytes).
    Removing gd32f30x_dac.o(i.dac_software_trigger_disable), (36 bytes).
    Removing gd32f30x_dac.o(i.dac_software_trigger_enable), (36 bytes).
    Removing gd32f30x_dac.o(i.dac_triangle_noise_config), (52 bytes).
    Removing gd32f30x_dac.o(i.dac_trigger_disable), (36 bytes).
    Removing gd32f30x_dac.o(i.dac_trigger_enable), (36 bytes).
    Removing gd32f30x_dac.o(i.dac_trigger_source_config), (52 bytes).
    Removing gd32f30x_dac.o(i.dac_wave_bit_width_config), (52 bytes).
    Removing gd32f30x_dac.o(i.dac_wave_mode_config), (52 bytes).
    Removing gd32f30x_dbg.o(.rev16_text), (4 bytes).
    Removing gd32f30x_dbg.o(.revsh_text), (4 bytes).
    Removing gd32f30x_dbg.o(i.dbg_deinit), (12 bytes).
    Removing gd32f30x_dbg.o(i.dbg_id_get), (12 bytes).
    Removing gd32f30x_dbg.o(i.dbg_low_power_disable), (16 bytes).
    Removing gd32f30x_dbg.o(i.dbg_low_power_enable), (16 bytes).
    Removing gd32f30x_dbg.o(i.dbg_periph_disable), (32 bytes).
    Removing gd32f30x_dbg.o(i.dbg_periph_enable), (32 bytes).
    Removing gd32f30x_dbg.o(i.dbg_trace_pin_disable), (20 bytes).
    Removing gd32f30x_dbg.o(i.dbg_trace_pin_enable), (20 bytes).
    Removing gd32f30x_dbg.o(i.dbg_trace_pin_mode_set), (28 bytes).
    Removing gd32f30x_dma.o(.rev16_text), (4 bytes).
    Removing gd32f30x_dma.o(.revsh_text), (4 bytes).
    Removing gd32f30x_dma.o(i.dma_channel_disable), (50 bytes).
    Removing gd32f30x_dma.o(i.dma_channel_enable), (50 bytes).
    Removing gd32f30x_dma.o(i.dma_circulation_disable), (50 bytes).
    Removing gd32f30x_dma.o(i.dma_circulation_enable), (50 bytes).
    Removing gd32f30x_dma.o(i.dma_deinit), (112 bytes).
    Removing gd32f30x_dma.o(i.dma_flag_clear), (16 bytes).
    Removing gd32f30x_dma.o(i.dma_flag_get), (24 bytes).
    Removing gd32f30x_dma.o(i.dma_init), (302 bytes).
    Removing gd32f30x_dma.o(i.dma_interrupt_disable), (50 bytes).
    Removing gd32f30x_dma.o(i.dma_interrupt_enable), (50 bytes).
    Removing gd32f30x_dma.o(i.dma_interrupt_flag_clear), (16 bytes).
    Removing gd32f30x_dma.o(i.dma_interrupt_flag_get), (130 bytes).
    Removing gd32f30x_dma.o(i.dma_memory_address_config), (36 bytes).
    Removing gd32f30x_dma.o(i.dma_memory_increase_disable), (50 bytes).
    Removing gd32f30x_dma.o(i.dma_memory_increase_enable), (50 bytes).
    Removing gd32f30x_dma.o(i.dma_memory_to_memory_disable), (50 bytes).
    Removing gd32f30x_dma.o(i.dma_memory_to_memory_enable), (50 bytes).
    Removing gd32f30x_dma.o(i.dma_memory_width_config), (58 bytes).
    Removing gd32f30x_dma.o(i.dma_periph_address_config), (36 bytes).
    Removing gd32f30x_dma.o(i.dma_periph_and_channel_check), (24 bytes).
    Removing gd32f30x_dma.o(i.dma_periph_increase_disable), (50 bytes).
    Removing gd32f30x_dma.o(i.dma_periph_increase_enable), (50 bytes).
    Removing gd32f30x_dma.o(i.dma_periph_width_config), (58 bytes).
    Removing gd32f30x_dma.o(i.dma_priority_config), (58 bytes).
    Removing gd32f30x_dma.o(i.dma_struct_para_init), (22 bytes).
    Removing gd32f30x_dma.o(i.dma_transfer_direction_config), (84 bytes).
    Removing gd32f30x_dma.o(i.dma_transfer_number_config), (38 bytes).
    Removing gd32f30x_dma.o(i.dma_transfer_number_get), (34 bytes).
    Removing gd32f30x_enet.o(.rev16_text), (4 bytes).
    Removing gd32f30x_enet.o(.revsh_text), (4 bytes).
    Removing gd32f30x_exmc.o(.rev16_text), (4 bytes).
    Removing gd32f30x_exmc.o(.revsh_text), (4 bytes).
    Removing gd32f30x_exmc.o(i.exmc_ecc_get), (12 bytes).
    Removing gd32f30x_exmc.o(i.exmc_flag_clear), (20 bytes).
    Removing gd32f30x_exmc.o(i.exmc_flag_get), (28 bytes).
    Removing gd32f30x_exmc.o(i.exmc_interrupt_disable), (20 bytes).
    Removing gd32f30x_exmc.o(i.exmc_interrupt_enable), (20 bytes).
    Removing gd32f30x_exmc.o(i.exmc_interrupt_flag_clear), (22 bytes).
    Removing gd32f30x_exmc.o(i.exmc_interrupt_flag_get), (38 bytes).
    Removing gd32f30x_exmc.o(i.exmc_nand_deinit), (42 bytes).
    Removing gd32f30x_exmc.o(i.exmc_nand_disable), (22 bytes).
    Removing gd32f30x_exmc.o(i.exmc_nand_ecc_config), (48 bytes).
    Removing gd32f30x_exmc.o(i.exmc_nand_enable), (22 bytes).
    Removing gd32f30x_exmc.o(i.exmc_nand_init), (174 bytes).
    Removing gd32f30x_exmc.o(i.exmc_nand_struct_para_init), (54 bytes).
    Removing gd32f30x_exmc.o(i.exmc_norsram_deinit), (52 bytes).
    Removing gd32f30x_exmc.o(i.exmc_norsram_disable), (22 bytes).
    Removing gd32f30x_exmc.o(i.exmc_norsram_enable), (22 bytes).
    Removing gd32f30x_exmc.o(i.exmc_norsram_init), (284 bytes).
    Removing gd32f30x_exmc.o(i.exmc_norsram_page_size_config), (40 bytes).
    Removing gd32f30x_exmc.o(i.exmc_norsram_struct_para_init), (106 bytes).
    Removing gd32f30x_exmc.o(i.exmc_pccard_deinit), (40 bytes).
    Removing gd32f30x_exmc.o(i.exmc_pccard_disable), (24 bytes).
    Removing gd32f30x_exmc.o(i.exmc_pccard_enable), (24 bytes).
    Removing gd32f30x_exmc.o(i.exmc_pccard_init), (192 bytes).
    Removing gd32f30x_exmc.o(i.exmc_pccard_struct_para_init), (60 bytes).
    Removing gd32f30x_exti.o(.rev16_text), (4 bytes).
    Removing gd32f30x_exti.o(.revsh_text), (4 bytes).
    Removing gd32f30x_exti.o(i.exti_deinit), (28 bytes).
    Removing gd32f30x_exti.o(i.exti_event_disable), (16 bytes).
    Removing gd32f30x_exti.o(i.exti_event_enable), (16 bytes).
    Removing gd32f30x_exti.o(i.exti_flag_clear), (12 bytes).
    Removing gd32f30x_exti.o(i.exti_flag_get), (24 bytes).
    Removing gd32f30x_exti.o(i.exti_init), (184 bytes).
    Removing gd32f30x_exti.o(i.exti_interrupt_disable), (16 bytes).
    Removing gd32f30x_exti.o(i.exti_interrupt_enable), (16 bytes).
    Removing gd32f30x_exti.o(i.exti_interrupt_flag_clear), (12 bytes).
    Removing gd32f30x_exti.o(i.exti_interrupt_flag_get), (36 bytes).
    Removing gd32f30x_exti.o(i.exti_software_interrupt_disable), (16 bytes).
    Removing gd32f30x_exti.o(i.exti_software_interrupt_enable), (16 bytes).
    Removing gd32f30x_fmc.o(.rev16_text), (4 bytes).
    Removing gd32f30x_fmc.o(.revsh_text), (4 bytes).
    Removing gd32f30x_fmc.o(i.fmc_bank0_erase), (68 bytes).
    Removing gd32f30x_fmc.o(i.fmc_bank0_lock), (20 bytes).
    Removing gd32f30x_fmc.o(i.fmc_bank0_ready_wait), (34 bytes).
    Removing gd32f30x_fmc.o(i.fmc_bank0_state_get), (48 bytes).
    Removing gd32f30x_fmc.o(i.fmc_bank0_unlock), (36 bytes).
    Removing gd32f30x_fmc.o(i.fmc_bank1_erase), (68 bytes).
    Removing gd32f30x_fmc.o(i.fmc_bank1_lock), (20 bytes).
    Removing gd32f30x_fmc.o(i.fmc_bank1_ready_wait), (34 bytes).
    Removing gd32f30x_fmc.o(i.fmc_bank1_state_get), (48 bytes).
    Removing gd32f30x_fmc.o(i.fmc_bank1_unlock), (36 bytes).
    Removing gd32f30x_fmc.o(i.fmc_flag_clear), (32 bytes).
    Removing gd32f30x_fmc.o(i.fmc_flag_get), (36 bytes).
    Removing gd32f30x_fmc.o(i.fmc_halfword_program), (192 bytes).
    Removing gd32f30x_fmc.o(i.fmc_interrupt_disable), (32 bytes).
    Removing gd32f30x_fmc.o(i.fmc_interrupt_enable), (32 bytes).
    Removing gd32f30x_fmc.o(i.fmc_interrupt_flag_clear), (32 bytes).
    Removing gd32f30x_fmc.o(i.fmc_interrupt_flag_get), (108 bytes).
    Removing gd32f30x_fmc.o(i.fmc_lock), (44 bytes).
    Removing gd32f30x_fmc.o(i.fmc_mass_erase), (196 bytes).
    Removing gd32f30x_fmc.o(i.fmc_page_erase), (236 bytes).
    Removing gd32f30x_fmc.o(i.fmc_unlock), (68 bytes).
    Removing gd32f30x_fmc.o(i.fmc_word_program), (192 bytes).
    Removing gd32f30x_fmc.o(i.fmc_word_reprogram), (244 bytes).
    Removing gd32f30x_fmc.o(i.fmc_wscnt_set), (24 bytes).
    Removing gd32f30x_fmc.o(i.ob_data_get), (16 bytes).
    Removing gd32f30x_fmc.o(i.ob_data_program), (68 bytes).
    Removing gd32f30x_fmc.o(i.ob_erase), (140 bytes).
    Removing gd32f30x_fmc.o(i.ob_lock), (20 bytes).
    Removing gd32f30x_fmc.o(i.ob_security_protection_config), (132 bytes).
    Removing gd32f30x_fmc.o(i.ob_spc_get), (24 bytes).
    Removing gd32f30x_fmc.o(i.ob_unlock), (36 bytes).
    Removing gd32f30x_fmc.o(i.ob_user_get), (16 bytes).
    Removing gd32f30x_fmc.o(i.ob_user_write), (96 bytes).
    Removing gd32f30x_fmc.o(i.ob_write_protection_enable), (168 bytes).
    Removing gd32f30x_fmc.o(i.ob_write_protection_get), (12 bytes).
    Removing gd32f30x_fwdgt.o(.rev16_text), (4 bytes).
    Removing gd32f30x_fwdgt.o(.revsh_text), (4 bytes).
    Removing gd32f30x_fwdgt.o(i.fwdgt_config), (104 bytes).
    Removing gd32f30x_fwdgt.o(i.fwdgt_counter_reload), (16 bytes).
    Removing gd32f30x_fwdgt.o(i.fwdgt_enable), (16 bytes).
    Removing gd32f30x_fwdgt.o(i.fwdgt_flag_get), (24 bytes).
    Removing gd32f30x_fwdgt.o(i.fwdgt_write_disable), (12 bytes).
    Removing gd32f30x_fwdgt.o(i.fwdgt_write_enable), (16 bytes).
    Removing gd32f30x_gpio.o(.rev16_text), (4 bytes).
    Removing gd32f30x_gpio.o(.revsh_text), (4 bytes).
    Removing gd32f30x_gpio.o(i.gpio_afio_deinit), (20 bytes).
    Removing gd32f30x_gpio.o(i.gpio_bit_reset), (4 bytes).
    Removing gd32f30x_gpio.o(i.gpio_bit_set), (4 bytes).
    Removing gd32f30x_gpio.o(i.gpio_bit_write), (10 bytes).
    Removing gd32f30x_gpio.o(i.gpio_compensation_config), (24 bytes).
    Removing gd32f30x_gpio.o(i.gpio_compensation_flag_get), (24 bytes).
    Removing gd32f30x_gpio.o(i.gpio_deinit), (196 bytes).
    Removing gd32f30x_gpio.o(i.gpio_event_output_config), (28 bytes).
    Removing gd32f30x_gpio.o(i.gpio_event_output_disable), (20 bytes).
    Removing gd32f30x_gpio.o(i.gpio_event_output_enable), (20 bytes).
    Removing gd32f30x_gpio.o(i.gpio_exti_source_select), (152 bytes).
    Removing gd32f30x_gpio.o(i.gpio_input_bit_get), (16 bytes).
    Removing gd32f30x_gpio.o(i.gpio_input_port_get), (8 bytes).
    Removing gd32f30x_gpio.o(i.gpio_output_bit_get), (16 bytes).
    Removing gd32f30x_gpio.o(i.gpio_output_port_get), (8 bytes).
    Removing gd32f30x_gpio.o(i.gpio_pin_lock), (18 bytes).
    Removing gd32f30x_gpio.o(i.gpio_port_write), (4 bytes).
    Removing gd32f30x_i2c.o(.rev16_text), (4 bytes).
    Removing gd32f30x_i2c.o(.revsh_text), (4 bytes).
    Removing gd32f30x_i2c.o(i.i2c_ack_config), (24 bytes).
    Removing gd32f30x_i2c.o(i.i2c_ackpos_config), (22 bytes).
    Removing gd32f30x_i2c.o(i.i2c_clock_config), (312 bytes).
    Removing gd32f30x_i2c.o(i.i2c_data_receive), (8 bytes).
    Removing gd32f30x_i2c.o(i.i2c_data_transmit), (6 bytes).
    Removing gd32f30x_i2c.o(i.i2c_deinit), (64 bytes).
    Removing gd32f30x_i2c.o(i.i2c_disable), (10 bytes).
    Removing gd32f30x_i2c.o(i.i2c_dma_enable), (16 bytes).
    Removing gd32f30x_i2c.o(i.i2c_dma_last_transfer_config), (16 bytes).
    Removing gd32f30x_i2c.o(i.i2c_dualaddr_disable), (10 bytes).
    Removing gd32f30x_i2c.o(i.i2c_dualaddr_enable), (12 bytes).
    Removing gd32f30x_i2c.o(i.i2c_enable), (10 bytes).
    Removing gd32f30x_i2c.o(i.i2c_flag_clear), (40 bytes).
    Removing gd32f30x_i2c.o(i.i2c_flag_get), (30 bytes).
    Removing gd32f30x_i2c.o(i.i2c_interrupt_disable), (26 bytes).
    Removing gd32f30x_i2c.o(i.i2c_interrupt_enable), (26 bytes).
    Removing gd32f30x_i2c.o(i.i2c_interrupt_flag_clear), (44 bytes).
    Removing gd32f30x_i2c.o(i.i2c_interrupt_flag_get), (92 bytes).
    Removing gd32f30x_i2c.o(i.i2c_master_addressing), (20 bytes).
    Removing gd32f30x_i2c.o(i.i2c_mode_addr_config), (28 bytes).
    Removing gd32f30x_i2c.o(i.i2c_pec_enable), (16 bytes).
    Removing gd32f30x_i2c.o(i.i2c_pec_transfer_enable), (16 bytes).
    Removing gd32f30x_i2c.o(i.i2c_pec_value_get), (10 bytes).
    Removing gd32f30x_i2c.o(i.i2c_slave_response_to_gcall_config), (16 bytes).
    Removing gd32f30x_i2c.o(i.i2c_smbus_arp_enable), (16 bytes).
    Removing gd32f30x_i2c.o(i.i2c_smbus_issue_alert), (16 bytes).
    Removing gd32f30x_i2c.o(i.i2c_smbus_type_config), (24 bytes).
    Removing gd32f30x_i2c.o(i.i2c_software_reset_config), (16 bytes).
    Removing gd32f30x_i2c.o(i.i2c_start_on_bus), (10 bytes).
    Removing gd32f30x_i2c.o(i.i2c_stop_on_bus), (10 bytes).
    Removing gd32f30x_i2c.o(i.i2c_stretch_scl_low_config), (16 bytes).
    Removing gd32f30x_misc.o(.rev16_text), (4 bytes).
    Removing gd32f30x_misc.o(.revsh_text), (4 bytes).
    Removing gd32f30x_misc.o(i.nvic_irq_disable), (24 bytes).
    Removing gd32f30x_misc.o(i.nvic_vector_table_set), (20 bytes).
    Removing gd32f30x_misc.o(i.system_lowpower_reset), (16 bytes).
    Removing gd32f30x_misc.o(i.system_lowpower_set), (16 bytes).
    Removing gd32f30x_misc.o(i.systick_clksource_set), (40 bytes).
    Removing gd32f30x_pmu.o(.rev16_text), (4 bytes).
    Removing gd32f30x_pmu.o(.revsh_text), (4 bytes).
    Removing gd32f30x_pmu.o(i.pmu_backup_write_disable), (20 bytes).
    Removing gd32f30x_pmu.o(i.pmu_backup_write_enable), (20 bytes).
    Removing gd32f30x_pmu.o(i.pmu_deinit), (20 bytes).
    Removing gd32f30x_pmu.o(i.pmu_flag_clear), (48 bytes).
    Removing gd32f30x_pmu.o(i.pmu_flag_get), (24 bytes).
    Removing gd32f30x_pmu.o(i.pmu_highdriver_mode_disable), (20 bytes).
    Removing gd32f30x_pmu.o(i.pmu_highdriver_mode_enable), (20 bytes).
    Removing gd32f30x_pmu.o(i.pmu_highdriver_switch_select), (44 bytes).
    Removing gd32f30x_pmu.o(i.pmu_ldo_output_select), (28 bytes).
    Removing gd32f30x_pmu.o(i.pmu_lowdriver_mode_disable), (20 bytes).
    Removing gd32f30x_pmu.o(i.pmu_lowdriver_mode_enable), (20 bytes).
    Removing gd32f30x_pmu.o(i.pmu_lowpower_driver_config), (28 bytes).
    Removing gd32f30x_pmu.o(i.pmu_lvd_disable), (20 bytes).
    Removing gd32f30x_pmu.o(i.pmu_lvd_select), (48 bytes).
    Removing gd32f30x_pmu.o(i.pmu_normalpower_driver_config), (28 bytes).
    Removing gd32f30x_pmu.o(i.pmu_to_deepsleepmode), (68 bytes).
    Removing gd32f30x_pmu.o(i.pmu_to_sleepmode), (28 bytes).
    Removing gd32f30x_pmu.o(i.pmu_to_standbymode), (52 bytes).
    Removing gd32f30x_pmu.o(i.pmu_wakeup_pin_disable), (20 bytes).
    Removing gd32f30x_pmu.o(i.pmu_wakeup_pin_enable), (20 bytes).
    Removing gd32f30x_rcu.o(.rev16_text), (4 bytes).
    Removing gd32f30x_rcu.o(.revsh_text), (4 bytes).
    Removing gd32f30x_rcu.o(i.rcu_adc_clock_config), (108 bytes).
    Removing gd32f30x_rcu.o(i.rcu_ahb_clock_config), (24 bytes).
    Removing gd32f30x_rcu.o(i.rcu_all_reset_flag_clear), (20 bytes).
    Removing gd32f30x_rcu.o(i.rcu_apb1_clock_config), (24 bytes).
    Removing gd32f30x_rcu.o(i.rcu_apb2_clock_config), (24 bytes).
    Removing gd32f30x_rcu.o(i.rcu_bkp_reset_disable), (20 bytes).
    Removing gd32f30x_rcu.o(i.rcu_bkp_reset_enable), (20 bytes).
    Removing gd32f30x_rcu.o(i.rcu_ck48m_clock_config), (28 bytes).
    Removing gd32f30x_rcu.o(i.rcu_ckout0_config), (24 bytes).
    Removing gd32f30x_rcu.o(i.rcu_deepsleep_voltage_set), (16 bytes).
    Removing gd32f30x_rcu.o(i.rcu_deinit), (84 bytes).
    Removing gd32f30x_rcu.o(i.rcu_flag_get), (36 bytes).
    Removing gd32f30x_rcu.o(i.rcu_hxtal_clock_monitor_disable), (20 bytes).
    Removing gd32f30x_rcu.o(i.rcu_hxtal_clock_monitor_enable), (20 bytes).
    Removing gd32f30x_rcu.o(i.rcu_interrupt_disable), (32 bytes).
    Removing gd32f30x_rcu.o(i.rcu_interrupt_enable), (32 bytes).
    Removing gd32f30x_rcu.o(i.rcu_interrupt_flag_clear), (32 bytes).
    Removing gd32f30x_rcu.o(i.rcu_interrupt_flag_get), (36 bytes).
    Removing gd32f30x_rcu.o(i.rcu_irc8m_adjust_value_set), (28 bytes).
    Removing gd32f30x_rcu.o(i.rcu_lxtal_drive_capability_config), (24 bytes).
    Removing gd32f30x_rcu.o(i.rcu_osci_bypass_mode_disable), (100 bytes).
    Removing gd32f30x_rcu.o(i.rcu_osci_bypass_mode_enable), (100 bytes).
    Removing gd32f30x_rcu.o(i.rcu_osci_off), (32 bytes).
    Removing gd32f30x_rcu.o(i.rcu_osci_on), (32 bytes).
    Removing gd32f30x_rcu.o(i.rcu_osci_stab_wait), (272 bytes).
    Removing gd32f30x_rcu.o(i.rcu_periph_clock_disable), (32 bytes).
    Removing gd32f30x_rcu.o(i.rcu_periph_clock_sleep_disable), (32 bytes).
    Removing gd32f30x_rcu.o(i.rcu_periph_clock_sleep_enable), (32 bytes).
    Removing gd32f30x_rcu.o(i.rcu_pll_config), (32 bytes).
    Removing gd32f30x_rcu.o(i.rcu_pllpresel_config), (24 bytes).
    Removing gd32f30x_rcu.o(i.rcu_predv0_config), (32 bytes).
    Removing gd32f30x_rcu.o(i.rcu_rtc_clock_config), (24 bytes).
    Removing gd32f30x_rcu.o(i.rcu_system_clock_source_config), (24 bytes).
    Removing gd32f30x_rcu.o(i.rcu_system_clock_source_get), (16 bytes).
    Removing gd32f30x_rcu.o(i.rcu_usb_clock_config), (24 bytes).
    Removing gd32f30x_rtc.o(.rev16_text), (4 bytes).
    Removing gd32f30x_rtc.o(.revsh_text), (4 bytes).
    Removing gd32f30x_rtc.o(i.rtc_alarm_config), (32 bytes).
    Removing gd32f30x_rtc.o(i.rtc_configuration_mode_enter), (20 bytes).
    Removing gd32f30x_rtc.o(i.rtc_configuration_mode_exit), (20 bytes).
    Removing gd32f30x_rtc.o(i.rtc_counter_get), (20 bytes).
    Removing gd32f30x_rtc.o(i.rtc_counter_set), (32 bytes).
    Removing gd32f30x_rtc.o(i.rtc_divider_get), (24 bytes).
    Removing gd32f30x_rtc.o(i.rtc_flag_clear), (16 bytes).
    Removing gd32f30x_rtc.o(i.rtc_flag_get), (24 bytes).
    Removing gd32f30x_rtc.o(i.rtc_interrupt_disable), (16 bytes).
    Removing gd32f30x_rtc.o(i.rtc_interrupt_enable), (16 bytes).
    Removing gd32f30x_rtc.o(i.rtc_lwoff_wait), (20 bytes).
    Removing gd32f30x_rtc.o(i.rtc_prescaler_set), (32 bytes).
    Removing gd32f30x_rtc.o(i.rtc_register_sync_wait), (32 bytes).
    Removing gd32f30x_sdio.o(.rev16_text), (4 bytes).
    Removing gd32f30x_sdio.o(.revsh_text), (4 bytes).
    Removing gd32f30x_sdio.o(i.sdio_bus_mode_set), (28 bytes).
    Removing gd32f30x_sdio.o(i.sdio_ceata_command_completion_disable), (20 bytes).
    Removing gd32f30x_sdio.o(i.sdio_ceata_command_completion_enable), (20 bytes).
    Removing gd32f30x_sdio.o(i.sdio_ceata_command_disable), (20 bytes).
    Removing gd32f30x_sdio.o(i.sdio_ceata_command_enable), (20 bytes).
    Removing gd32f30x_sdio.o(i.sdio_ceata_interrupt_disable), (20 bytes).
    Removing gd32f30x_sdio.o(i.sdio_ceata_interrupt_enable), (20 bytes).
    Removing gd32f30x_sdio.o(i.sdio_clock_config), (52 bytes).
    Removing gd32f30x_sdio.o(i.sdio_clock_disable), (20 bytes).
    Removing gd32f30x_sdio.o(i.sdio_clock_enable), (20 bytes).
    Removing gd32f30x_sdio.o(i.sdio_command_index_get), (12 bytes).
    Removing gd32f30x_sdio.o(i.sdio_command_response_config), (44 bytes).
    Removing gd32f30x_sdio.o(i.sdio_csm_disable), (20 bytes).
    Removing gd32f30x_sdio.o(i.sdio_csm_enable), (20 bytes).
    Removing gd32f30x_sdio.o(i.sdio_data_config), (52 bytes).
    Removing gd32f30x_sdio.o(i.sdio_data_counter_get), (12 bytes).
    Removing gd32f30x_sdio.o(i.sdio_data_read), (12 bytes).
    Removing gd32f30x_sdio.o(i.sdio_data_transfer_config), (28 bytes).
    Removing gd32f30x_sdio.o(i.sdio_data_write), (12 bytes).
    Removing gd32f30x_sdio.o(i.sdio_deinit), (28 bytes).
    Removing gd32f30x_sdio.o(i.sdio_dma_disable), (20 bytes).
    Removing gd32f30x_sdio.o(i.sdio_dma_enable), (20 bytes).
    Removing gd32f30x_sdio.o(i.sdio_dsm_disable), (20 bytes).
    Removing gd32f30x_sdio.o(i.sdio_dsm_enable), (20 bytes).
    Removing gd32f30x_sdio.o(i.sdio_fifo_counter_get), (12 bytes).
    Removing gd32f30x_sdio.o(i.sdio_flag_clear), (12 bytes).
    Removing gd32f30x_sdio.o(i.sdio_flag_get), (24 bytes).
    Removing gd32f30x_sdio.o(i.sdio_hardware_clock_disable), (20 bytes).
    Removing gd32f30x_sdio.o(i.sdio_hardware_clock_enable), (20 bytes).
    Removing gd32f30x_sdio.o(i.sdio_interrupt_disable), (16 bytes).
    Removing gd32f30x_sdio.o(i.sdio_interrupt_enable), (16 bytes).
    Removing gd32f30x_sdio.o(i.sdio_interrupt_flag_clear), (12 bytes).
    Removing gd32f30x_sdio.o(i.sdio_interrupt_flag_get), (24 bytes).
    Removing gd32f30x_sdio.o(i.sdio_operation_disable), (20 bytes).
    Removing gd32f30x_sdio.o(i.sdio_operation_enable), (20 bytes).
    Removing gd32f30x_sdio.o(i.sdio_power_state_get), (12 bytes).
    Removing gd32f30x_sdio.o(i.sdio_power_state_set), (12 bytes).
    Removing gd32f30x_sdio.o(i.sdio_readwait_disable), (20 bytes).
    Removing gd32f30x_sdio.o(i.sdio_readwait_enable), (20 bytes).
    Removing gd32f30x_sdio.o(i.sdio_readwait_type_set), (40 bytes).
    Removing gd32f30x_sdio.o(i.sdio_response_get), (56 bytes).
    Removing gd32f30x_sdio.o(i.sdio_stop_readwait_disable), (20 bytes).
    Removing gd32f30x_sdio.o(i.sdio_stop_readwait_enable), (20 bytes).
    Removing gd32f30x_sdio.o(i.sdio_suspend_disable), (20 bytes).
    Removing gd32f30x_sdio.o(i.sdio_suspend_enable), (20 bytes).
    Removing gd32f30x_sdio.o(i.sdio_wait_type_set), (28 bytes).
    Removing gd32f30x_spi.o(.rev16_text), (4 bytes).
    Removing gd32f30x_spi.o(.revsh_text), (4 bytes).
    Removing gd32f30x_spi.o(i.i2s_disable), (10 bytes).
    Removing gd32f30x_spi.o(i.i2s_enable), (10 bytes).
    Removing gd32f30x_spi.o(i.i2s_init), (28 bytes).
    Removing gd32f30x_spi.o(i.i2s_psc_config), (164 bytes).
    Removing gd32f30x_spi.o(i.qspi_disable), (14 bytes).
    Removing gd32f30x_spi.o(i.qspi_enable), (14 bytes).
    Removing gd32f30x_spi.o(i.qspi_io23_output_disable), (14 bytes).
    Removing gd32f30x_spi.o(i.qspi_io23_output_enable), (14 bytes).
    Removing gd32f30x_spi.o(i.qspi_read_enable), (14 bytes).
    Removing gd32f30x_spi.o(i.qspi_write_enable), (14 bytes).
    Removing gd32f30x_spi.o(i.spi_bidirectional_transfer_config), (26 bytes).
    Removing gd32f30x_spi.o(i.spi_crc_error_clear), (10 bytes).
    Removing gd32f30x_spi.o(i.spi_crc_get), (16 bytes).
    Removing gd32f30x_spi.o(i.spi_crc_next), (10 bytes).
    Removing gd32f30x_spi.o(i.spi_crc_off), (10 bytes).
    Removing gd32f30x_spi.o(i.spi_crc_on), (10 bytes).
    Removing gd32f30x_spi.o(i.spi_crc_polynomial_get), (8 bytes).
    Removing gd32f30x_spi.o(i.spi_crc_polynomial_set), (12 bytes).
    Removing gd32f30x_spi.o(i.spi_disable), (10 bytes).
    Removing gd32f30x_spi.o(i.spi_dma_disable), (22 bytes).
    Removing gd32f30x_spi.o(i.spi_dma_enable), (22 bytes).
    Removing gd32f30x_spi.o(i.spi_enable), (10 bytes).
    Removing gd32f30x_spi.o(i.spi_i2s_data_frame_format_config), (16 bytes).
    Removing gd32f30x_spi.o(i.spi_i2s_data_receive), (8 bytes).
    Removing gd32f30x_spi.o(i.spi_i2s_data_transmit), (4 bytes).
    Removing gd32f30x_spi.o(i.spi_i2s_deinit), (88 bytes).
    Removing gd32f30x_spi.o(i.spi_i2s_flag_get), (16 bytes).
    Removing gd32f30x_spi.o(i.spi_i2s_interrupt_disable), (48 bytes).
    Removing gd32f30x_spi.o(i.spi_i2s_interrupt_enable), (48 bytes).
    Removing gd32f30x_spi.o(i.spi_i2s_interrupt_flag_get), (112 bytes).
    Removing gd32f30x_spi.o(i.spi_init), (50 bytes).
    Removing gd32f30x_spi.o(i.spi_nss_internal_high), (10 bytes).
    Removing gd32f30x_spi.o(i.spi_nss_internal_low), (10 bytes).
    Removing gd32f30x_spi.o(i.spi_nss_output_disable), (10 bytes).
    Removing gd32f30x_spi.o(i.spi_nss_output_enable), (10 bytes).
    Removing gd32f30x_spi.o(i.spi_nssp_mode_disable), (10 bytes).
    Removing gd32f30x_spi.o(i.spi_nssp_mode_enable), (10 bytes).
    Removing gd32f30x_spi.o(i.spi_struct_para_init), (18 bytes).
    Removing gd32f30x_spi.o(i.spi_ti_mode_disable), (10 bytes).
    Removing gd32f30x_spi.o(i.spi_ti_mode_enable), (10 bytes).
    Removing gd32f30x_timer.o(.rev16_text), (4 bytes).
    Removing gd32f30x_timer.o(.revsh_text), (4 bytes).
    Removing gd32f30x_timer.o(i.timer_auto_reload_shadow_disable), (10 bytes).
    Removing gd32f30x_timer.o(i.timer_auto_reload_shadow_enable), (10 bytes).
    Removing gd32f30x_timer.o(i.timer_automatic_output_disable), (10 bytes).
    Removing gd32f30x_timer.o(i.timer_automatic_output_enable), (10 bytes).
    Removing gd32f30x_timer.o(i.timer_autoreload_value_config), (4 bytes).
    Removing gd32f30x_timer.o(i.timer_break_config), (30 bytes).
    Removing gd32f30x_timer.o(i.timer_break_disable), (10 bytes).
    Removing gd32f30x_timer.o(i.timer_break_enable), (10 bytes).
    Removing gd32f30x_timer.o(i.timer_break_struct_para_init), (18 bytes).
    Removing gd32f30x_timer.o(i.timer_channel_capture_value_register_read), (42 bytes).
    Removing gd32f30x_timer.o(i.timer_channel_complementary_output_polarity_config), (70 bytes).
    Removing gd32f30x_timer.o(i.timer_channel_complementary_output_state_config), (70 bytes).
    Removing gd32f30x_timer.o(i.timer_channel_control_shadow_config), (24 bytes).
    Removing gd32f30x_timer.o(i.timer_channel_control_shadow_update_config), (26 bytes).
    Removing gd32f30x_timer.o(i.timer_channel_dma_request_source_select), (26 bytes).
    Removing gd32f30x_timer.o(i.timer_channel_input_capture_prescaler_config), (90 bytes).
    Removing gd32f30x_timer.o(i.timer_channel_input_struct_para_init), (16 bytes).
    Removing gd32f30x_timer.o(i.timer_channel_output_clear_config), (90 bytes).
    Removing gd32f30x_timer.o(i.timer_channel_output_config), (492 bytes).
    Removing gd32f30x_timer.o(i.timer_channel_output_fast_config), (90 bytes).
    Removing gd32f30x_timer.o(i.timer_channel_output_mode_config), (90 bytes).
    Removing gd32f30x_timer.o(i.timer_channel_output_polarity_config), (92 bytes).
    Removing gd32f30x_timer.o(i.timer_channel_output_pulse_value_config), (38 bytes).
    Removing gd32f30x_timer.o(i.timer_channel_output_shadow_config), (90 bytes).
    Removing gd32f30x_timer.o(i.timer_channel_output_state_config), (92 bytes).
    Removing gd32f30x_timer.o(i.timer_channel_output_struct_para_init), (16 bytes).
    Removing gd32f30x_timer.o(i.timer_counter_alignment), (16 bytes).
    Removing gd32f30x_timer.o(i.timer_counter_down_direction), (10 bytes).
    Removing gd32f30x_timer.o(i.timer_counter_read), (8 bytes).
    Removing gd32f30x_timer.o(i.timer_counter_up_direction), (10 bytes).
    Removing gd32f30x_timer.o(i.timer_counter_value_config), (4 bytes).
    Removing gd32f30x_timer.o(i.timer_deinit), (220 bytes).
    Removing gd32f30x_timer.o(i.timer_disable), (10 bytes).
    Removing gd32f30x_timer.o(i.timer_dma_disable), (8 bytes).
    Removing gd32f30x_timer.o(i.timer_dma_enable), (8 bytes).
    Removing gd32f30x_timer.o(i.timer_dma_transfer_config), (24 bytes).
    Removing gd32f30x_timer.o(i.timer_enable), (10 bytes).
    Removing gd32f30x_timer.o(i.timer_event_software_generate), (8 bytes).
    Removing gd32f30x_timer.o(i.timer_external_clock_mode0_config), (40 bytes).
    Removing gd32f30x_timer.o(i.timer_external_clock_mode1_config), (32 bytes).
    Removing gd32f30x_timer.o(i.timer_external_clock_mode1_disable), (10 bytes).
    Removing gd32f30x_timer.o(i.timer_external_trigger_as_external_clock_config), (166 bytes).
    Removing gd32f30x_timer.o(i.timer_external_trigger_config), (30 bytes).
    Removing gd32f30x_timer.o(i.timer_flag_clear), (6 bytes).
    Removing gd32f30x_timer.o(i.timer_flag_get), (16 bytes).
    Removing gd32f30x_timer.o(i.timer_hall_mode_config), (26 bytes).
    Removing gd32f30x_timer.o(i.timer_init), (152 bytes).
    Removing gd32f30x_timer.o(i.timer_input_capture_config), (326 bytes).
    Removing gd32f30x_timer.o(i.timer_input_pwm_capture_config), (356 bytes).
    Removing gd32f30x_timer.o(i.timer_input_trigger_source_select), (16 bytes).
    Removing gd32f30x_timer.o(i.timer_internal_clock_config), (10 bytes).
    Removing gd32f30x_timer.o(i.timer_internal_trigger_as_external_clock_config), (32 bytes).
    Removing gd32f30x_timer.o(i.timer_interrupt_disable), (8 bytes).
    Removing gd32f30x_timer.o(i.timer_interrupt_enable), (8 bytes).
    Removing gd32f30x_timer.o(i.timer_interrupt_flag_clear), (6 bytes).
    Removing gd32f30x_timer.o(i.timer_interrupt_flag_get), (24 bytes).
    Removing gd32f30x_timer.o(i.timer_master_output_trigger_source_select), (16 bytes).
    Removing gd32f30x_timer.o(i.timer_master_slave_mode_config), (26 bytes).
    Removing gd32f30x_timer.o(i.timer_output_value_selection_config), (34 bytes).
    Removing gd32f30x_timer.o(i.timer_prescaler_config), (14 bytes).
    Removing gd32f30x_timer.o(i.timer_prescaler_read), (10 bytes).
    Removing gd32f30x_timer.o(i.timer_primary_output_config), (24 bytes).
    Removing gd32f30x_timer.o(i.timer_quadrature_decoder_mode_config), (64 bytes).
    Removing gd32f30x_timer.o(i.timer_repetition_value_config), (4 bytes).
    Removing gd32f30x_timer.o(i.timer_single_pulse_mode_config), (26 bytes).
    Removing gd32f30x_timer.o(i.timer_slave_mode_select), (16 bytes).
    Removing gd32f30x_timer.o(i.timer_struct_para_init), (22 bytes).
    Removing gd32f30x_timer.o(i.timer_update_event_disable), (10 bytes).
    Removing gd32f30x_timer.o(i.timer_update_event_enable), (10 bytes).
    Removing gd32f30x_timer.o(i.timer_update_source_config), (26 bytes).
    Removing gd32f30x_timer.o(i.timer_write_chxval_register_config), (34 bytes).
    Removing gd32f30x_usart.o(.rev16_text), (4 bytes).
    Removing gd32f30x_usart.o(.revsh_text), (4 bytes).
    Removing gd32f30x_usart.o(i.usart_address_config), (20 bytes).
    Removing gd32f30x_usart.o(i.usart_block_length_config), (28 bytes).
    Removing gd32f30x_usart.o(i.usart_data_first_config), (20 bytes).
    Removing gd32f30x_usart.o(i.usart_disable), (10 bytes).
    Removing gd32f30x_usart.o(i.usart_dma_receive_config), (16 bytes).
    Removing gd32f30x_usart.o(i.usart_dma_transmit_config), (16 bytes).
    Removing gd32f30x_usart.o(i.usart_flag_clear), (26 bytes).
    Removing gd32f30x_usart.o(i.usart_guard_time_config), (24 bytes).
    Removing gd32f30x_usart.o(i.usart_halfduplex_disable), (10 bytes).
    Removing gd32f30x_usart.o(i.usart_halfduplex_enable), (10 bytes).
    Removing gd32f30x_usart.o(i.usart_hardware_flow_cts_config), (16 bytes).
    Removing gd32f30x_usart.o(i.usart_hardware_flow_rts_config), (16 bytes).
    Removing gd32f30x_usart.o(i.usart_interrupt_disable), (26 bytes).
    Removing gd32f30x_usart.o(i.usart_interrupt_flag_clear), (26 bytes).
    Removing gd32f30x_usart.o(i.usart_invert_config), (104 bytes).
    Removing gd32f30x_usart.o(i.usart_irda_lowpower_config), (20 bytes).
    Removing gd32f30x_usart.o(i.usart_irda_mode_disable), (10 bytes).
    Removing gd32f30x_usart.o(i.usart_irda_mode_enable), (10 bytes).
    Removing gd32f30x_usart.o(i.usart_lin_break_detection_length_config), (20 bytes).
    Removing gd32f30x_usart.o(i.usart_lin_mode_disable), (10 bytes).
    Removing gd32f30x_usart.o(i.usart_lin_mode_enable), (10 bytes).
    Removing gd32f30x_usart.o(i.usart_mute_mode_disable), (10 bytes).
    Removing gd32f30x_usart.o(i.usart_mute_mode_enable), (10 bytes).
    Removing gd32f30x_usart.o(i.usart_mute_mode_wakeup_config), (16 bytes).
    Removing gd32f30x_usart.o(i.usart_parity_config), (16 bytes).
    Removing gd32f30x_usart.o(i.usart_prescaler_config), (16 bytes).
    Removing gd32f30x_usart.o(i.usart_receiver_timeout_disable), (14 bytes).
    Removing gd32f30x_usart.o(i.usart_receiver_timeout_enable), (14 bytes).
    Removing gd32f30x_usart.o(i.usart_receiver_timeout_threshold_config), (20 bytes).
    Removing gd32f30x_usart.o(i.usart_send_break), (10 bytes).
    Removing gd32f30x_usart.o(i.usart_smartcard_autoretry_config), (26 bytes).
    Removing gd32f30x_usart.o(i.usart_smartcard_mode_disable), (10 bytes).
    Removing gd32f30x_usart.o(i.usart_smartcard_mode_enable), (10 bytes).
    Removing gd32f30x_usart.o(i.usart_smartcard_mode_nack_disable), (10 bytes).
    Removing gd32f30x_usart.o(i.usart_smartcard_mode_nack_enable), (10 bytes).
    Removing gd32f30x_usart.o(i.usart_stop_bit_set), (16 bytes).
    Removing gd32f30x_usart.o(i.usart_synchronous_clock_config), (34 bytes).
    Removing gd32f30x_usart.o(i.usart_synchronous_clock_disable), (10 bytes).
    Removing gd32f30x_usart.o(i.usart_synchronous_clock_enable), (10 bytes).
    Removing gd32f30x_usart.o(i.usart_word_length_set), (16 bytes).
    Removing gd32f30x_wwdgt.o(.rev16_text), (4 bytes).
    Removing gd32f30x_wwdgt.o(.revsh_text), (4 bytes).
    Removing gd32f30x_wwdgt.o(i.wwdgt_config), (56 bytes).
    Removing gd32f30x_wwdgt.o(i.wwdgt_counter_update), (28 bytes).
    Removing gd32f30x_wwdgt.o(i.wwdgt_deinit), (20 bytes).
    Removing gd32f30x_wwdgt.o(i.wwdgt_enable), (20 bytes).
    Removing gd32f30x_wwdgt.o(i.wwdgt_flag_clear), (20 bytes).
    Removing gd32f30x_wwdgt.o(i.wwdgt_flag_get), (24 bytes).
    Removing gd32f30x_wwdgt.o(i.wwdgt_interrupt_enable), (20 bytes).

639 unused section(s) (total 24196 bytes) removed from the image.

==============================================================================

Image Symbol Table

    Local Symbols

    Symbol Name                              Value     Ov Type        Size  Object(Section)

    ../clib/microlib/division.c              0x00000000   Number         0  uidiv.o ABSOLUTE
    ../clib/microlib/division.c              0x00000000   Number         0  uldiv.o ABSOLUTE
    ../clib/microlib/init/entry.s            0x00000000   Number         0  entry11b.o ABSOLUTE
    ../clib/microlib/init/entry.s            0x00000000   Number         0  entry11a.o ABSOLUTE
    ../clib/microlib/init/entry.s            0x00000000   Number         0  entry10b.o ABSOLUTE
    ../clib/microlib/init/entry.s            0x00000000   Number         0  entry10a.o ABSOLUTE
    ../clib/microlib/init/entry.s            0x00000000   Number         0  entry9b.o ABSOLUTE
    ../clib/microlib/init/entry.s            0x00000000   Number         0  entry9a.o ABSOLUTE
    ../clib/microlib/init/entry.s            0x00000000   Number         0  entry8b.o ABSOLUTE
    ../clib/microlib/init/entry.s            0x00000000   Number         0  entry8a.o ABSOLUTE
    ../clib/microlib/init/entry.s            0x00000000   Number         0  entry7b.o ABSOLUTE
    ../clib/microlib/init/entry.s            0x00000000   Number         0  entry7a.o ABSOLUTE
    ../clib/microlib/init/entry.s            0x00000000   Number         0  entry.o ABSOLUTE
    ../clib/microlib/init/entry.s            0x00000000   Number         0  entry5.o ABSOLUTE
    ../clib/microlib/init/entry.s            0x00000000   Number         0  entry2.o ABSOLUTE
    ../clib/microlib/longlong.c              0x00000000   Number         0  llsshr.o ABSOLUTE
    ../clib/microlib/longlong.c              0x00000000   Number         0  llshl.o ABSOLUTE
    ../clib/microlib/longlong.c              0x00000000   Number         0  llushr.o ABSOLUTE
    ../clib/microlib/printf/printf.c         0x00000000   Number         0  printfa.o ABSOLUTE
    ../clib/microlib/stdio/fputc.c           0x00000000   Number         0  fputc.o ABSOLUTE
    ../clib/microlib/stdio/semi.s            0x00000000   Number         0  semi.o ABSOLUTE
    ../clib/microlib/stdio/streams.c         0x00000000   Number         0  stdout.o ABSOLUTE
    ../clib/microlib/string/memcpy.c         0x00000000   Number         0  memcpyb.o ABSOLUTE
    ../clib/microlib/string/memcpy.c         0x00000000   Number         0  memcpya.o ABSOLUTE
    ../clib/microlib/string/memset.c         0x00000000   Number         0  memseta.o ABSOLUTE
    ../clib/microlib/stubs.s                 0x00000000   Number         0  iusesemip.o ABSOLUTE
    ../clib/microlib/stubs.s                 0x00000000   Number         0  iusefp.o ABSOLUTE
    ../fplib/microlib/fpadd.c                0x00000000   Number         0  dadd.o ABSOLUTE
    ../fplib/microlib/fpdiv.c                0x00000000   Number         0  ddiv.o ABSOLUTE
    ../fplib/microlib/fpepilogue.c           0x00000000   Number         0  depilogue.o ABSOLUTE
    ../fplib/microlib/fpfix.c                0x00000000   Number         0  dfixul.o ABSOLUTE
    ../fplib/microlib/fpmul.c                0x00000000   Number         0  dmul.o ABSOLUTE
    ..\\test\\libraries\\src\\gd32f30x_adc.c 0x00000000   Number         0  gd32f30x_adc.o ABSOLUTE
    ..\\test\\libraries\\src\\gd32f30x_bkp.c 0x00000000   Number         0  gd32f30x_bkp.o ABSOLUTE
    ..\\test\\libraries\\src\\gd32f30x_can.c 0x00000000   Number         0  gd32f30x_can.o ABSOLUTE
    ..\\test\\libraries\\src\\gd32f30x_crc.c 0x00000000   Number         0  gd32f30x_crc.o ABSOLUTE
    ..\\test\\libraries\\src\\gd32f30x_ctc.c 0x00000000   Number         0  gd32f30x_ctc.o ABSOLUTE
    ..\\test\\libraries\\src\\gd32f30x_dac.c 0x00000000   Number         0  gd32f30x_dac.o ABSOLUTE
    ..\\test\\libraries\\src\\gd32f30x_dbg.c 0x00000000   Number         0  gd32f30x_dbg.o ABSOLUTE
    ..\\test\\libraries\\src\\gd32f30x_dma.c 0x00000000   Number         0  gd32f30x_dma.o ABSOLUTE
    ..\\test\\libraries\\src\\gd32f30x_enet.c 0x00000000   Number         0  gd32f30x_enet.o ABSOLUTE
    ..\\test\\libraries\\src\\gd32f30x_exmc.c 0x00000000   Number         0  gd32f30x_exmc.o ABSOLUTE
    ..\\test\\libraries\\src\\gd32f30x_exti.c 0x00000000   Number         0  gd32f30x_exti.o ABSOLUTE
    ..\\test\\libraries\\src\\gd32f30x_fmc.c 0x00000000   Number         0  gd32f30x_fmc.o ABSOLUTE
    ..\\test\\libraries\\src\\gd32f30x_fwdgt.c 0x00000000   Number         0  gd32f30x_fwdgt.o ABSOLUTE
    ..\\test\\libraries\\src\\gd32f30x_gpio.c 0x00000000   Number         0  gd32f30x_gpio.o ABSOLUTE
    ..\\test\\libraries\\src\\gd32f30x_i2c.c 0x00000000   Number         0  gd32f30x_i2c.o ABSOLUTE
    ..\\test\\libraries\\src\\gd32f30x_misc.c 0x00000000   Number         0  gd32f30x_misc.o ABSOLUTE
    ..\\test\\libraries\\src\\gd32f30x_pmu.c 0x00000000   Number         0  gd32f30x_pmu.o ABSOLUTE
    ..\\test\\libraries\\src\\gd32f30x_rcu.c 0x00000000   Number         0  gd32f30x_rcu.o ABSOLUTE
    ..\\test\\libraries\\src\\gd32f30x_rtc.c 0x00000000   Number         0  gd32f30x_rtc.o ABSOLUTE
    ..\\test\\libraries\\src\\gd32f30x_sdio.c 0x00000000   Number         0  gd32f30x_sdio.o ABSOLUTE
    ..\\test\\libraries\\src\\gd32f30x_spi.c 0x00000000   Number         0  gd32f30x_spi.o ABSOLUTE
    ..\\test\\libraries\\src\\gd32f30x_timer.c 0x00000000   Number         0  gd32f30x_timer.o ABSOLUTE
    ..\\test\\libraries\\src\\gd32f30x_usart.c 0x00000000   Number         0  gd32f30x_usart.o ABSOLUTE
    ..\\test\\libraries\\src\\gd32f30x_wwdgt.c 0x00000000   Number         0  gd32f30x_wwdgt.o ABSOLUTE
    ..\\test\\src\\source\\log.c             0x00000000   Number         0  log.o ABSOLUTE
    ..\\test\\src\\source\\message_pool.c    0x00000000   Number         0  message_pool.o ABSOLUTE
    ..\\test\\src\\source\\usart.c           0x00000000   Number         0  usart.o ABSOLUTE
    ..\\test\\src\\test.c                    0x00000000   Number         0  test.o ABSOLUTE
    ..\\test\\system\\system_gd32f30x.c      0x00000000   Number         0  system_gd32f30x.o ABSOLUTE
    ..\test\core\startup_gd32f30x_xd.s       0x00000000   Number         0  startup_gd32f30x_xd.o ABSOLUTE
    ..\test\libraries\src\gd32f30x_adc.c     0x00000000   Number         0  gd32f30x_adc.o ABSOLUTE
    ..\test\libraries\src\gd32f30x_bkp.c     0x00000000   Number         0  gd32f30x_bkp.o ABSOLUTE
    ..\test\libraries\src\gd32f30x_can.c     0x00000000   Number         0  gd32f30x_can.o ABSOLUTE
    ..\test\libraries\src\gd32f30x_crc.c     0x00000000   Number         0  gd32f30x_crc.o ABSOLUTE
    ..\test\libraries\src\gd32f30x_ctc.c     0x00000000   Number         0  gd32f30x_ctc.o ABSOLUTE
    ..\test\libraries\src\gd32f30x_dac.c     0x00000000   Number         0  gd32f30x_dac.o ABSOLUTE
    ..\test\libraries\src\gd32f30x_dbg.c     0x00000000   Number         0  gd32f30x_dbg.o ABSOLUTE
    ..\test\libraries\src\gd32f30x_dma.c     0x00000000   Number         0  gd32f30x_dma.o ABSOLUTE
    ..\test\libraries\src\gd32f30x_enet.c    0x00000000   Number         0  gd32f30x_enet.o ABSOLUTE
    ..\test\libraries\src\gd32f30x_exmc.c    0x00000000   Number         0  gd32f30x_exmc.o ABSOLUTE
    ..\test\libraries\src\gd32f30x_exti.c    0x00000000   Number         0  gd32f30x_exti.o ABSOLUTE
    ..\test\libraries\src\gd32f30x_fmc.c     0x00000000   Number         0  gd32f30x_fmc.o ABSOLUTE
    ..\test\libraries\src\gd32f30x_fwdgt.c   0x00000000   Number         0  gd32f30x_fwdgt.o ABSOLUTE
    ..\test\libraries\src\gd32f30x_gpio.c    0x00000000   Number         0  gd32f30x_gpio.o ABSOLUTE
    ..\test\libraries\src\gd32f30x_i2c.c     0x00000000   Number         0  gd32f30x_i2c.o ABSOLUTE
    ..\test\libraries\src\gd32f30x_misc.c    0x00000000   Number         0  gd32f30x_misc.o ABSOLUTE
    ..\test\libraries\src\gd32f30x_pmu.c     0x00000000   Number         0  gd32f30x_pmu.o ABSOLUTE
    ..\test\libraries\src\gd32f30x_rcu.c     0x00000000   Number         0  gd32f30x_rcu.o ABSOLUTE
    ..\test\libraries\src\gd32f30x_rtc.c     0x00000000   Number         0  gd32f30x_rtc.o ABSOLUTE
    ..\test\libraries\src\gd32f30x_sdio.c    0x00000000   Number         0  gd32f30x_sdio.o ABSOLUTE
    ..\test\libraries\src\gd32f30x_spi.c     0x00000000   Number         0  gd32f30x_spi.o ABSOLUTE
    ..\test\libraries\src\gd32f30x_timer.c   0x00000000   Number         0  gd32f30x_timer.o ABSOLUTE
    ..\test\libraries\src\gd32f30x_usart.c   0x00000000   Number         0  gd32f30x_usart.o ABSOLUTE
    ..\test\libraries\src\gd32f30x_wwdgt.c   0x00000000   Number         0  gd32f30x_wwdgt.o ABSOLUTE
    ..\test\src\source\log.c                 0x00000000   Number         0  log.o ABSOLUTE
    ..\test\src\source\message_pool.c        0x00000000   Number         0  message_pool.o ABSOLUTE
    ..\test\src\source\time.c                0x00000000   Number         0  time.o ABSOLUTE
    ..\test\src\source\usart.c               0x00000000   Number         0  usart.o ABSOLUTE
    ..\test\src\test.c                       0x00000000   Number         0  test.o ABSOLUTE
    ..\test\system\system_gd32f30x.c         0x00000000   Number         0  system_gd32f30x.o ABSOLUTE
    cdrcmple.s                               0x00000000   Number         0  cdrcmple.o ABSOLUTE
    dc.s                                     0x00000000   Number         0  dc.o ABSOLUTE
    handlers.s                               0x00000000   Number         0  handlers.o ABSOLUTE
    init.s                                   0x00000000   Number         0  init.o ABSOLUTE
    RESET                                    0x08000000   Section      304  startup_gd32f30x_xd.o(RESET)
    .ARM.Collect$$$$00000000                 0x08000130   Section        0  entry.o(.ARM.Collect$$$$00000000)
    .ARM.Collect$$$$00000001                 0x08000130   Section        4  entry2.o(.ARM.Collect$$$$00000001)
    .ARM.Collect$$$$00000004                 0x08000134   Section        4  entry5.o(.ARM.Collect$$$$00000004)
    .ARM.Collect$$$$00000008                 0x08000138   Section        0  entry7b.o(.ARM.Collect$$$$00000008)
    .ARM.Collect$$$$0000000A                 0x08000138   Section        0  entry8b.o(.ARM.Collect$$$$0000000A)
    .ARM.Collect$$$$0000000B                 0x08000138   Section        8  entry9a.o(.ARM.Collect$$$$0000000B)
    .ARM.Collect$$$$0000000D                 0x08000140   Section        0  entry10a.o(.ARM.Collect$$$$0000000D)
    .ARM.Collect$$$$0000000F                 0x08000140   Section        0  entry11a.o(.ARM.Collect$$$$0000000F)
    .ARM.Collect$$$$00002712                 0x08000140   Section        4  entry2.o(.ARM.Collect$$$$00002712)
    __lit__00000000                          0x08000140   Data           4  entry2.o(.ARM.Collect$$$$00002712)
    .text                                    0x08000144   Section       36  startup_gd32f30x_xd.o(.text)
    $v0                                      0x08000144   Number         0  startup_gd32f30x_xd.o(.text)
    .text                                    0x08000168   Section        0  uidiv.o(.text)
    .text                                    0x08000194   Section        0  uldiv.o(.text)
    .text                                    0x080001f6   Section        0  dadd.o(.text)
    .text                                    0x080001f6   Section        0  iusefp.o(.text)
    .text                                    0x08000344   Section        0  dmul.o(.text)
    .text                                    0x08000428   Section        0  ddiv.o(.text)
    .text                                    0x08000506   Section        0  dfixul.o(.text)
    .text                                    0x08000538   Section       48  cdrcmple.o(.text)
    .text                                    0x08000568   Section       36  init.o(.text)
    .text                                    0x0800058c   Section        0  llshl.o(.text)
    .text                                    0x080005aa   Section        0  llushr.o(.text)
    .text                                    0x080005ca   Section        0  llsshr.o(.text)
    .text                                    0x080005ee   Section        0  depilogue.o(.text)
    i.SystemInit                             0x080006a8   Section        0  system_gd32f30x.o(i.SystemInit)
    i.USART0_IRQHandler                      0x08000718   Section        0  usart.o(i.USART0_IRQHandler)
    i.__0vsprintf                            0x08000790   Section        0  printfa.o(i.__0vsprintf)
    i.__scatterload_copy                     0x080007b4   Section       14  handlers.o(i.__scatterload_copy)
    i.__scatterload_null                     0x080007c2   Section        2  handlers.o(i.__scatterload_null)
    i.__scatterload_zeroinit                 0x080007c4   Section       14  handlers.o(i.__scatterload_zeroinit)
    i._fp_digits                             0x080007d4   Section        0  printfa.o(i._fp_digits)
    _fp_digits                               0x080007d5   Thumb Code   366  printfa.o(i._fp_digits)
    i._printf_core                           0x08000958   Section        0  printfa.o(i._printf_core)
    _printf_core                             0x08000959   Thumb Code  1744  printfa.o(i._printf_core)
    i._printf_post_padding                   0x08001034   Section        0  printfa.o(i._printf_post_padding)
    _printf_post_padding                     0x08001035   Thumb Code    36  printfa.o(i._printf_post_padding)
    i._printf_pre_padding                    0x08001058   Section        0  printfa.o(i._printf_pre_padding)
    _printf_pre_padding                      0x08001059   Thumb Code    46  printfa.o(i._printf_pre_padding)
    i._sputc                                 0x08001086   Section        0  printfa.o(i._sputc)
    _sputc                                   0x08001087   Thumb Code    10  printfa.o(i._sputc)
    i.gpio_init                              0x08001090   Section        0  gd32f30x_gpio.o(i.gpio_init)
    i.gpio_pin_remap_config                  0x0800114c   Section        0  gd32f30x_gpio.o(i.gpio_pin_remap_config)
    i.input_pool                             0x080011dc   Section        0  message_pool.o(i.input_pool)
    i.main                                   0x0800124c   Section        0  test.o(i.main)
    i.nvic_irq_enable                        0x080012b0   Section        0  gd32f30x_misc.o(i.nvic_irq_enable)
    i.nvic_priority_group_set                0x08001374   Section        0  gd32f30x_misc.o(i.nvic_priority_group_set)
    i.pool_full                              0x08001388   Section        0  message_pool.o(i.pool_full)
    i.rcu_clock_freq_get                     0x080013a8   Section        0  gd32f30x_rcu.o(i.rcu_clock_freq_get)
    i.rcu_periph_clock_enable                0x08001508   Section        0  gd32f30x_rcu.o(i.rcu_periph_clock_enable)
    i.rcu_periph_reset_disable               0x08001528   Section        0  gd32f30x_rcu.o(i.rcu_periph_reset_disable)
    i.rcu_periph_reset_enable                0x08001548   Section        0  gd32f30x_rcu.o(i.rcu_periph_reset_enable)
    i.remap_gpio_init                        0x08001568   Section        0  test.o(i.remap_gpio_init)
    i.sleep_ms                               0x08001580   Section        0  time.o(i.sleep_ms)
    i.system_clock_120m_irc8m                0x08001598   Section        0  system_gd32f30x.o(i.system_clock_120m_irc8m)
    system_clock_120m_irc8m                  0x08001599   Thumb Code   236  system_gd32f30x.o(i.system_clock_120m_irc8m)
    i.system_clock_config                    0x08001694   Section        0  system_gd32f30x.o(i.system_clock_config)
    system_clock_config                      0x08001695   Thumb Code     8  system_gd32f30x.o(i.system_clock_config)
    i.test_gpio_init                         0x0800169c   Section        0  test.o(i.test_gpio_init)
    i.usart_baudrate_set                     0x080016bc   Section        0  gd32f30x_usart.o(i.usart_baudrate_set)
    i.usart_data_receive                     0x0800174c   Section        0  gd32f30x_usart.o(i.usart_data_receive)
    i.usart_data_transmit                    0x08001756   Section        0  gd32f30x_usart.o(i.usart_data_transmit)
    i.usart_deinit                           0x08001760   Section        0  gd32f30x_usart.o(i.usart_deinit)
    i.usart_enable                           0x080017f0   Section        0  gd32f30x_usart.o(i.usart_enable)
    i.usart_flag_get                         0x080017fa   Section        0  gd32f30x_usart.o(i.usart_flag_get)
    i.usart_gpio_init                        0x08001818   Section        0  usart.o(i.usart_gpio_init)
    i.usart_init                             0x08001860   Section        0  usart.o(i.usart_init)
    i.usart_interrupt_enable                 0x080018b0   Section        0  gd32f30x_usart.o(i.usart_interrupt_enable)
    i.usart_interrupt_flag_get               0x080018ca   Section        0  gd32f30x_usart.o(i.usart_interrupt_flag_get)
    i.usart_receive_config                   0x08001902   Section        0  gd32f30x_usart.o(i.usart_receive_config)
    i.usart_send_byte                        0x08001914   Section        0  usart.o(i.usart_send_byte)
    i.usart_send_fmt_string                  0x08001934   Section        0  usart.o(i.usart_send_fmt_string)
    i.usart_send_string                      0x08001958   Section        0  usart.o(i.usart_send_string)
    i.usart_transmit_config                  0x08001972   Section        0  gd32f30x_usart.o(i.usart_transmit_config)
    .constdata                               0x08001982   Section        5  test.o(.constdata)
    __FUNCTION__                             0x08001982   Data           5  test.o(.constdata)
    .data                                    0x20000000   Section        4  usart.o(.data)
    .bss                                     0x20000004   Section     1090  message_pool.o(.bss)
    .bss                                     0x20000446   Section       64  usart.o(.bss)
    STACK                                    0x20000488   Section     1024  startup_gd32f30x_xd.o(STACK)

    Global Symbols

    Symbol Name                              Value     Ov Type        Size  Object(Section)

    BuildAttributes$$THM_ISAv4$E$P$D$K$B$S$7EM$VFPi3$EXTD16$VFPS$VFMA$PE$A:L22UL41UL21$X:L11$S22US41US21$IEEE1$IW$USESV6$~STKCKD$USESV7$~SHL$OSPACE$ROPI$EBA8$MICROLIB$REQ8$PRES8$EABIv2 0x00000000   Number         0  anon$$obj.o ABSOLUTE
    __ARM_use_no_argv                        0x00000000   Number         0  test.o ABSOLUTE
    __cpp_initialize__aeabi_                  - Undefined Weak Reference
    __cxa_finalize                            - Undefined Weak Reference
    __decompress                              - Undefined Weak Reference
    _clock_init                               - Undefined Weak Reference
    _microlib_exit                            - Undefined Weak Reference
    __Vectors_Size                           0x00000130   Number         0  startup_gd32f30x_xd.o ABSOLUTE
    __Vectors                                0x08000000   Data           4  startup_gd32f30x_xd.o(RESET)
    __Vectors_End                            0x08000130   Data           0  startup_gd32f30x_xd.o(RESET)
    __main                                   0x08000131   Thumb Code     0  entry.o(.ARM.Collect$$$$00000000)
    _main_stk                                0x08000131   Thumb Code     0  entry2.o(.ARM.Collect$$$$00000001)
    _main_scatterload                        0x08000135   Thumb Code     0  entry5.o(.ARM.Collect$$$$00000004)
    __main_after_scatterload                 0x08000139   Thumb Code     0  entry5.o(.ARM.Collect$$$$00000004)
    _main_clock                              0x08000139   Thumb Code     0  entry7b.o(.ARM.Collect$$$$00000008)
    _main_cpp_init                           0x08000139   Thumb Code     0  entry8b.o(.ARM.Collect$$$$0000000A)
    _main_init                               0x08000139   Thumb Code     0  entry9a.o(.ARM.Collect$$$$0000000B)
    __rt_final_cpp                           0x08000141   Thumb Code     0  entry10a.o(.ARM.Collect$$$$0000000D)
    __rt_final_exit                          0x08000141   Thumb Code     0  entry11a.o(.ARM.Collect$$$$0000000F)
    Reset_Handler                            0x08000145   Thumb Code     8  startup_gd32f30x_xd.o(.text)
    NMI_Handler                              0x0800014d   Thumb Code     2  startup_gd32f30x_xd.o(.text)
    HardFault_Handler                        0x0800014f   Thumb Code     2  startup_gd32f30x_xd.o(.text)
    MemManage_Handler                        0x08000151   Thumb Code     2  startup_gd32f30x_xd.o(.text)
    BusFault_Handler                         0x08000153   Thumb Code     2  startup_gd32f30x_xd.o(.text)
    UsageFault_Handler                       0x08000155   Thumb Code     2  startup_gd32f30x_xd.o(.text)
    SVC_Handler                              0x08000157   Thumb Code     2  startup_gd32f30x_xd.o(.text)
    DebugMon_Handler                         0x08000159   Thumb Code     2  startup_gd32f30x_xd.o(.text)
    PendSV_Handler                           0x0800015b   Thumb Code     2  startup_gd32f30x_xd.o(.text)
    SysTick_Handler                          0x0800015d   Thumb Code     2  startup_gd32f30x_xd.o(.text)
    ADC0_1_IRQHandler                        0x0800015f   Thumb Code     0  startup_gd32f30x_xd.o(.text)
    ADC2_IRQHandler                          0x0800015f   Thumb Code     0  startup_gd32f30x_xd.o(.text)
    CAN0_EWMC_IRQHandler                     0x0800015f   Thumb Code     0  startup_gd32f30x_xd.o(.text)
    CAN0_RX1_IRQHandler                      0x0800015f   Thumb Code     0  startup_gd32f30x_xd.o(.text)
    DMA0_Channel0_IRQHandler                 0x0800015f   Thumb Code     0  startup_gd32f30x_xd.o(.text)
    DMA0_Channel1_IRQHandler                 0x0800015f   Thumb Code     0  startup_gd32f30x_xd.o(.text)
    DMA0_Channel2_IRQHandler                 0x0800015f   Thumb Code     0  startup_gd32f30x_xd.o(.text)
    DMA0_Channel3_IRQHandler                 0x0800015f   Thumb Code     0  startup_gd32f30x_xd.o(.text)
    DMA0_Channel4_IRQHandler                 0x0800015f   Thumb Code     0  startup_gd32f30x_xd.o(.text)
    DMA0_Channel5_IRQHandler                 0x0800015f   Thumb Code     0  startup_gd32f30x_xd.o(.text)
    DMA0_Channel6_IRQHandler                 0x0800015f   Thumb Code     0  startup_gd32f30x_xd.o(.text)
    DMA1_Channel0_IRQHandler                 0x0800015f   Thumb Code     0  startup_gd32f30x_xd.o(.text)
    DMA1_Channel1_IRQHandler                 0x0800015f   Thumb Code     0  startup_gd32f30x_xd.o(.text)
    DMA1_Channel2_IRQHandler                 0x0800015f   Thumb Code     0  startup_gd32f30x_xd.o(.text)
    DMA1_Channel3_4_IRQHandler               0x0800015f   Thumb Code     0  startup_gd32f30x_xd.o(.text)
    EXMC_IRQHandler                          0x0800015f   Thumb Code     0  startup_gd32f30x_xd.o(.text)
    EXTI0_IRQHandler                         0x0800015f   Thumb Code     0  startup_gd32f30x_xd.o(.text)
    EXTI10_15_IRQHandler                     0x0800015f   Thumb Code     0  startup_gd32f30x_xd.o(.text)
    EXTI1_IRQHandler                         0x0800015f   Thumb Code     0  startup_gd32f30x_xd.o(.text)
    EXTI2_IRQHandler                         0x0800015f   Thumb Code     0  startup_gd32f30x_xd.o(.text)
    EXTI3_IRQHandler                         0x0800015f   Thumb Code     0  startup_gd32f30x_xd.o(.text)
    EXTI4_IRQHandler                         0x0800015f   Thumb Code     0  startup_gd32f30x_xd.o(.text)
    EXTI5_9_IRQHandler                       0x0800015f   Thumb Code     0  startup_gd32f30x_xd.o(.text)
    FMC_IRQHandler                           0x0800015f   Thumb Code     0  startup_gd32f30x_xd.o(.text)
    I2C0_ER_IRQHandler                       0x0800015f   Thumb Code     0  startup_gd32f30x_xd.o(.text)
    I2C0_EV_IRQHandler                       0x0800015f   Thumb Code     0  startup_gd32f30x_xd.o(.text)
    I2C1_ER_IRQHandler                       0x0800015f   Thumb Code     0  startup_gd32f30x_xd.o(.text)
    I2C1_EV_IRQHandler                       0x0800015f   Thumb Code     0  startup_gd32f30x_xd.o(.text)
    LVD_IRQHandler                           0x0800015f   Thumb Code     0  startup_gd32f30x_xd.o(.text)
    RCU_CTC_IRQHandler                       0x0800015f   Thumb Code     0  startup_gd32f30x_xd.o(.text)
    RTC_Alarm_IRQHandler                     0x0800015f   Thumb Code     0  startup_gd32f30x_xd.o(.text)
    RTC_IRQHandler                           0x0800015f   Thumb Code     0  startup_gd32f30x_xd.o(.text)
    SDIO_IRQHandler                          0x0800015f   Thumb Code     0  startup_gd32f30x_xd.o(.text)
    SPI0_IRQHandler                          0x0800015f   Thumb Code     0  startup_gd32f30x_xd.o(.text)
    SPI1_IRQHandler                          0x0800015f   Thumb Code     0  startup_gd32f30x_xd.o(.text)
    SPI2_IRQHandler                          0x0800015f   Thumb Code     0  startup_gd32f30x_xd.o(.text)
    TAMPER_IRQHandler                        0x0800015f   Thumb Code     0  startup_gd32f30x_xd.o(.text)
    TIMER0_BRK_TIMER8_IRQHandler             0x0800015f   Thumb Code     0  startup_gd32f30x_xd.o(.text)
    TIMER0_Channel_IRQHandler                0x0800015f   Thumb Code     0  startup_gd32f30x_xd.o(.text)
    TIMER0_TRG_CMT_TIMER10_IRQHandler        0x0800015f   Thumb Code     0  startup_gd32f30x_xd.o(.text)
    TIMER0_UP_TIMER9_IRQHandler              0x0800015f   Thumb Code     0  startup_gd32f30x_xd.o(.text)
    TIMER1_IRQHandler                        0x0800015f   Thumb Code     0  startup_gd32f30x_xd.o(.text)
    TIMER2_IRQHandler                        0x0800015f   Thumb Code     0  startup_gd32f30x_xd.o(.text)
    TIMER3_IRQHandler                        0x0800015f   Thumb Code     0  startup_gd32f30x_xd.o(.text)
    TIMER4_IRQHandler                        0x0800015f   Thumb Code     0  startup_gd32f30x_xd.o(.text)
    TIMER5_IRQHandler                        0x0800015f   Thumb Code     0  startup_gd32f30x_xd.o(.text)
    TIMER6_IRQHandler                        0x0800015f   Thumb Code     0  startup_gd32f30x_xd.o(.text)
    TIMER7_BRK_TIMER11_IRQHandler            0x0800015f   Thumb Code     0  startup_gd32f30x_xd.o(.text)
    TIMER7_Channel_IRQHandler                0x0800015f   Thumb Code     0  startup_gd32f30x_xd.o(.text)
    TIMER7_TRG_CMT_TIMER13_IRQHandler        0x0800015f   Thumb Code     0  startup_gd32f30x_xd.o(.text)
    TIMER7_UP_TIMER12_IRQHandler             0x0800015f   Thumb Code     0  startup_gd32f30x_xd.o(.text)
    UART3_IRQHandler                         0x0800015f   Thumb Code     0  startup_gd32f30x_xd.o(.text)
    UART4_IRQHandler                         0x0800015f   Thumb Code     0  startup_gd32f30x_xd.o(.text)
    USART1_IRQHandler                        0x0800015f   Thumb Code     0  startup_gd32f30x_xd.o(.text)
    USART2_IRQHandler                        0x0800015f   Thumb Code     0  startup_gd32f30x_xd.o(.text)
    USBD_HP_CAN0_TX_IRQHandler               0x0800015f   Thumb Code     0  startup_gd32f30x_xd.o(.text)
    USBD_LP_CAN0_RX0_IRQHandler              0x0800015f   Thumb Code     0  startup_gd32f30x_xd.o(.text)
    USBD_WKUP_IRQHandler                     0x0800015f   Thumb Code     0  startup_gd32f30x_xd.o(.text)
    WWDGT_IRQHandler                         0x0800015f   Thumb Code     0  startup_gd32f30x_xd.o(.text)
    __aeabi_uidiv                            0x08000169   Thumb Code     0  uidiv.o(.text)
    __aeabi_uidivmod                         0x08000169   Thumb Code    44  uidiv.o(.text)
    __aeabi_uldivmod                         0x08000195   Thumb Code    98  uldiv.o(.text)
    __I$use$fp                               0x080001f7   Thumb Code     0  iusefp.o(.text)
    __aeabi_dadd                             0x080001f7   Thumb Code   322  dadd.o(.text)
    __aeabi_dsub                             0x08000339   Thumb Code     6  dadd.o(.text)
    __aeabi_drsub                            0x0800033f   Thumb Code     6  dadd.o(.text)
    __aeabi_dmul                             0x08000345   Thumb Code   228  dmul.o(.text)
    __aeabi_ddiv                             0x08000429   Thumb Code   222  ddiv.o(.text)
    __aeabi_d2ulz                            0x08000507   Thumb Code    48  dfixul.o(.text)
    __aeabi_cdrcmple                         0x08000539   Thumb Code    48  cdrcmple.o(.text)
    __scatterload                            0x08000569   Thumb Code    28  init.o(.text)
    __scatterload_rt2                        0x08000569   Thumb Code     0  init.o(.text)
    __aeabi_llsl                             0x0800058d   Thumb Code    30  llshl.o(.text)
    _ll_shift_l                              0x0800058d   Thumb Code     0  llshl.o(.text)
    __aeabi_llsr                             0x080005ab   Thumb Code    32  llushr.o(.text)
    _ll_ushift_r                             0x080005ab   Thumb Code     0  llushr.o(.text)
    __aeabi_lasr                             0x080005cb   Thumb Code    36  llsshr.o(.text)
    _ll_sshift_r                             0x080005cb   Thumb Code     0  llsshr.o(.text)
    _double_round                            0x080005ef   Thumb Code    30  depilogue.o(.text)
    _double_epilogue                         0x0800060d   Thumb Code   156  depilogue.o(.text)
    SystemInit                               0x080006a9   Thumb Code   100  system_gd32f30x.o(i.SystemInit)
    USART0_IRQHandler                        0x08000719   Thumb Code    98  usart.o(i.USART0_IRQHandler)
    __0vsprintf                              0x08000791   Thumb Code    30  printfa.o(i.__0vsprintf)
    __1vsprintf                              0x08000791   Thumb Code     0  printfa.o(i.__0vsprintf)
    __2vsprintf                              0x08000791   Thumb Code     0  printfa.o(i.__0vsprintf)
    __c89vsprintf                            0x08000791   Thumb Code     0  printfa.o(i.__0vsprintf)
    vsprintf                                 0x08000791   Thumb Code     0  printfa.o(i.__0vsprintf)
    __scatterload_copy                       0x080007b5   Thumb Code    14  handlers.o(i.__scatterload_copy)
    __scatterload_null                       0x080007c3   Thumb Code     2  handlers.o(i.__scatterload_null)
    __scatterload_zeroinit                   0x080007c5   Thumb Code    14  handlers.o(i.__scatterload_zeroinit)
    gpio_init                                0x08001091   Thumb Code   188  gd32f30x_gpio.o(i.gpio_init)
    gpio_pin_remap_config                    0x0800114d   Thumb Code   138  gd32f30x_gpio.o(i.gpio_pin_remap_config)
    input_pool                               0x080011dd   Thumb Code   110  message_pool.o(i.input_pool)
    main                                     0x0800124d   Thumb Code    40  test.o(i.main)
    nvic_irq_enable                          0x080012b1   Thumb Code   186  gd32f30x_misc.o(i.nvic_irq_enable)
    nvic_priority_group_set                  0x08001375   Thumb Code    10  gd32f30x_misc.o(i.nvic_priority_group_set)
    pool_full                                0x08001389   Thumb Code    32  message_pool.o(i.pool_full)
    rcu_clock_freq_get                       0x080013a9   Thumb Code   310  gd32f30x_rcu.o(i.rcu_clock_freq_get)
    rcu_periph_clock_enable                  0x08001509   Thumb Code    28  gd32f30x_rcu.o(i.rcu_periph_clock_enable)
    rcu_periph_reset_disable                 0x08001529   Thumb Code    28  gd32f30x_rcu.o(i.rcu_periph_reset_disable)
    rcu_periph_reset_enable                  0x08001549   Thumb Code    28  gd32f30x_rcu.o(i.rcu_periph_reset_enable)
    remap_gpio_init                          0x08001569   Thumb Code    20  test.o(i.remap_gpio_init)
    sleep_ms                                 0x08001581   Thumb Code    22  time.o(i.sleep_ms)
    test_gpio_init                           0x0800169d   Thumb Code    26  test.o(i.test_gpio_init)
    usart_baudrate_set                       0x080016bd   Thumb Code   136  gd32f30x_usart.o(i.usart_baudrate_set)
    usart_data_receive                       0x0800174d   Thumb Code    10  gd32f30x_usart.o(i.usart_data_receive)
    usart_data_transmit                      0x08001757   Thumb Code     8  gd32f30x_usart.o(i.usart_data_transmit)
    usart_deinit                             0x08001761   Thumb Code   136  gd32f30x_usart.o(i.usart_deinit)
    usart_enable                             0x080017f1   Thumb Code    10  gd32f30x_usart.o(i.usart_enable)
    usart_flag_get                           0x080017fb   Thumb Code    30  gd32f30x_usart.o(i.usart_flag_get)
    usart_gpio_init                          0x08001819   Thumb Code    64  usart.o(i.usart_gpio_init)
    usart_init                               0x08001861   Thumb Code    74  usart.o(i.usart_init)
    usart_interrupt_enable                   0x080018b1   Thumb Code    26  gd32f30x_usart.o(i.usart_interrupt_enable)
    usart_interrupt_flag_get                 0x080018cb   Thumb Code    56  gd32f30x_usart.o(i.usart_interrupt_flag_get)
    usart_receive_config                     0x08001903   Thumb Code    16  gd32f30x_usart.o(i.usart_receive_config)
    usart_send_byte                          0x08001915   Thumb Code    28  usart.o(i.usart_send_byte)
    usart_send_fmt_string                    0x08001935   Thumb Code    36  usart.o(i.usart_send_fmt_string)
    usart_send_string                        0x08001959   Thumb Code    26  usart.o(i.usart_send_string)
    usart_transmit_config                    0x08001973   Thumb Code    16  gd32f30x_usart.o(i.usart_transmit_config)
    Region$$Table$$Base                      0x08001988   Number         0  anon$$obj.o(Region$$Table)
    Region$$Table$$Limit                     0x080019a8   Number         0  anon$$obj.o(Region$$Table)
    receive_index                            0x20000000   Data           4  usart.o(.data)
    message_pool                             0x20000004   Data        1090  message_pool.o(.bss)
    receive_data                             0x20000446   Data          64  usart.o(.bss)
    __initial_sp                             0x20000888   Data           0  startup_gd32f30x_xd.o(STACK)



==============================================================================

Memory Map of the image

  Image Entry point : 0x08000131

  Load Region LR_IROM1 (Base: 0x08000000, Size: 0x000019ac, Max: 0x00040000, ABSOLUTE)

    Execution Region ER_IROM1 (Exec base: 0x08000000, Load base: 0x08000000, Size: 0x000019a8, Max: 0x00040000, ABSOLUTE)

    Exec Addr    Load Addr    Size         Type   Attr      Idx    E Section Name        Object

    0x08000000   0x08000000   0x00000130   Data   RO          316    RESET               startup_gd32f30x_xd.o
    0x08000130   0x08000130   0x00000000   Code   RO         4256  * .ARM.Collect$$$$00000000  mc_w.l(entry.o)
    0x08000130   0x08000130   0x00000004   Code   RO         4293    .ARM.Collect$$$$00000001  mc_w.l(entry2.o)
    0x08000134   0x08000134   0x00000004   Code   RO         4296    .ARM.Collect$$$$00000004  mc_w.l(entry5.o)
    0x08000138   0x08000138   0x00000000   Code   RO         4298    .ARM.Collect$$$$00000008  mc_w.l(entry7b.o)
    0x08000138   0x08000138   0x00000000   Code   RO         4300    .ARM.Collect$$$$0000000A  mc_w.l(entry8b.o)
    0x08000138   0x08000138   0x00000008   Code   RO         4301    .ARM.Collect$$$$0000000B  mc_w.l(entry9a.o)
    0x08000140   0x08000140   0x00000000   Code   RO         4303    .ARM.Collect$$$$0000000D  mc_w.l(entry10a.o)
    0x08000140   0x08000140   0x00000000   Code   RO         4305    .ARM.Collect$$$$0000000F  mc_w.l(entry11a.o)
    0x08000140   0x08000140   0x00000004   Code   RO         4294    .ARM.Collect$$$$00002712  mc_w.l(entry2.o)
    0x08000144   0x08000144   0x00000024   Code   RO          317    .text               startup_gd32f30x_xd.o
    0x08000168   0x08000168   0x0000002c   Code   RO         4310    .text               mc_w.l(uidiv.o)
    0x08000194   0x08000194   0x00000062   Code   RO         4312    .text               mc_w.l(uldiv.o)
    0x080001f6   0x080001f6   0x00000000   Code   RO         4314    .text               mc_w.l(iusefp.o)
    0x080001f6   0x080001f6   0x0000014e   Code   RO         4315    .text               mf_w.l(dadd.o)
    0x08000344   0x08000344   0x000000e4   Code   RO         4317    .text               mf_w.l(dmul.o)
    0x08000428   0x08000428   0x000000de   Code   RO         4319    .text               mf_w.l(ddiv.o)
    0x08000506   0x08000506   0x00000030   Code   RO         4321    .text               mf_w.l(dfixul.o)
    0x08000536   0x08000536   0x00000002   PAD
    0x08000538   0x08000538   0x00000030   Code   RO         4323    .text               mf_w.l(cdrcmple.o)
    0x08000568   0x08000568   0x00000024   Code   RO         4325    .text               mc_w.l(init.o)
    0x0800058c   0x0800058c   0x0000001e   Code   RO         4328    .text               mc_w.l(llshl.o)
    0x080005aa   0x080005aa   0x00000020   Code   RO         4330    .text               mc_w.l(llushr.o)
    0x080005ca   0x080005ca   0x00000024   Code   RO         4332    .text               mc_w.l(llsshr.o)
    0x080005ee   0x080005ee   0x000000ba   Code   RO         4335    .text               mf_w.l(depilogue.o)
    0x080006a8   0x080006a8   0x00000070   Code   RO          324    i.SystemInit        system_gd32f30x.o
    0x08000718   0x08000718   0x00000078   Code   RO          252    i.USART0_IRQHandler  usart.o
    0x08000790   0x08000790   0x00000024   Code   RO         4272    i.__0vsprintf       mc_w.l(printfa.o)
    0x080007b4   0x080007b4   0x0000000e   Code   RO         4339    i.__scatterload_copy  mc_w.l(handlers.o)
    0x080007c2   0x080007c2   0x00000002   Code   RO         4340    i.__scatterload_null  mc_w.l(handlers.o)
    0x080007c4   0x080007c4   0x0000000e   Code   RO         4341    i.__scatterload_zeroinit  mc_w.l(handlers.o)
    0x080007d2   0x080007d2   0x00000002   PAD
    0x080007d4   0x080007d4   0x00000184   Code   RO         4273    i._fp_digits        mc_w.l(printfa.o)
    0x08000958   0x08000958   0x000006dc   Code   RO         4274    i._printf_core      mc_w.l(printfa.o)
    0x08001034   0x08001034   0x00000024   Code   RO         4275    i._printf_post_padding  mc_w.l(printfa.o)
    0x08001058   0x08001058   0x0000002e   Code   RO         4276    i._printf_pre_padding  mc_w.l(printfa.o)
    0x08001086   0x08001086   0x0000000a   Code   RO         4278    i._sputc            mc_w.l(printfa.o)
    0x08001090   0x08001090   0x000000bc   Code   RO         2057    i.gpio_init         gd32f30x_gpio.o
    0x0800114c   0x0800114c   0x00000090   Code   RO         2063    i.gpio_pin_remap_config  gd32f30x_gpio.o
    0x080011dc   0x080011dc   0x0000006e   Code   RO          184    i.input_pool        message_pool.o
    0x0800124a   0x0800124a   0x00000002   PAD
    0x0800124c   0x0800124c   0x00000064   Code   RO            3    i.main              test.o
    0x080012b0   0x080012b0   0x000000c4   Code   RO         2375    i.nvic_irq_enable   gd32f30x_misc.o
    0x08001374   0x08001374   0x00000014   Code   RO         2376    i.nvic_priority_group_set  gd32f30x_misc.o
    0x08001388   0x08001388   0x00000020   Code   RO          187    i.pool_full         message_pool.o
    0x080013a8   0x080013a8   0x00000160   Code   RO         2573    i.rcu_clock_freq_get  gd32f30x_rcu.o
    0x08001508   0x08001508   0x00000020   Code   RO         2591    i.rcu_periph_clock_enable  gd32f30x_rcu.o
    0x08001528   0x08001528   0x00000020   Code   RO         2594    i.rcu_periph_reset_disable  gd32f30x_rcu.o
    0x08001548   0x08001548   0x00000020   Code   RO         2595    i.rcu_periph_reset_enable  gd32f30x_rcu.o
    0x08001568   0x08001568   0x00000018   Code   RO            4    i.remap_gpio_init   test.o
    0x08001580   0x08001580   0x00000016   Code   RO          232    i.sleep_ms          time.o
    0x08001596   0x08001596   0x00000002   PAD
    0x08001598   0x08001598   0x000000fc   Code   RO          325    i.system_clock_120m_irc8m  system_gd32f30x.o
    0x08001694   0x08001694   0x00000008   Code   RO          326    i.system_clock_config  system_gd32f30x.o
    0x0800169c   0x0800169c   0x00000020   Code   RO            5    i.test_gpio_init    test.o
    0x080016bc   0x080016bc   0x00000090   Code   RO         3889    i.usart_baudrate_set  gd32f30x_usart.o
    0x0800174c   0x0800174c   0x0000000a   Code   RO         3892    i.usart_data_receive  gd32f30x_usart.o
    0x08001756   0x08001756   0x00000008   Code   RO         3893    i.usart_data_transmit  gd32f30x_usart.o
    0x0800175e   0x0800175e   0x00000002   PAD
    0x08001760   0x08001760   0x00000090   Code   RO         3894    i.usart_deinit      gd32f30x_usart.o
    0x080017f0   0x080017f0   0x0000000a   Code   RO         3898    i.usart_enable      gd32f30x_usart.o
    0x080017fa   0x080017fa   0x0000001e   Code   RO         3900    i.usart_flag_get    gd32f30x_usart.o
    0x08001818   0x08001818   0x00000048   Code   RO          253    i.usart_gpio_init   usart.o
    0x08001860   0x08001860   0x00000050   Code   RO          254    i.usart_init        usart.o
    0x080018b0   0x080018b0   0x0000001a   Code   RO         3907    i.usart_interrupt_enable  gd32f30x_usart.o
    0x080018ca   0x080018ca   0x00000038   Code   RO         3909    i.usart_interrupt_flag_get  gd32f30x_usart.o
    0x08001902   0x08001902   0x00000010   Code   RO         3922    i.usart_receive_config  gd32f30x_usart.o
    0x08001912   0x08001912   0x00000002   PAD
    0x08001914   0x08001914   0x00000020   Code   RO          255    i.usart_send_byte   usart.o
    0x08001934   0x08001934   0x00000024   Code   RO          256    i.usart_send_fmt_string  usart.o
    0x08001958   0x08001958   0x0000001a   Code   RO          257    i.usart_send_string  usart.o
    0x08001972   0x08001972   0x00000010   Code   RO         3936    i.usart_transmit_config  gd32f30x_usart.o
    0x08001982   0x08001982   0x00000005   Data   RO            6    .constdata          test.o
    0x08001987   0x08001987   0x00000001   PAD
    0x08001988   0x08001988   0x00000020   Data   RO         4337    Region$$Table       anon$$obj.o


    Execution Region RW_IRAM1 (Exec base: 0x20000000, Load base: 0x080019a8, Size: 0x00000888, Max: 0x0000c000, ABSOLUTE)

    Exec Addr    Load Addr    Size         Type   Attr      Idx    E Section Name        Object

    0x20000000   0x080019a8   0x00000004   Data   RW          259    .data               usart.o
    0x20000004        -       0x00000442   Zero   RW          189    .bss                message_pool.o
    0x20000446        -       0x00000040   Zero   RW          258    .bss                usart.o
    0x20000486   0x080019ac   0x00000002   PAD
    0x20000488        -       0x00000400   Zero   RW          314    STACK               startup_gd32f30x_xd.o


==============================================================================

Image component sizes


      Code (inc. data)   RO Data    RW Data    ZI Data      Debug   Object Name

       332          6          0          0          0       1732   gd32f30x_gpio.o
       216         20          0          0          0       1392   gd32f30x_misc.o
       448         54          0          0          0       2896   gd32f30x_rcu.o
       460         16          0          0          0       6322   gd32f30x_usart.o
       142          0          0          0       1090       2476   message_pool.o
        36          8        304          0       1024        828   startup_gd32f30x_xd.o
       372         28          0          0          0       2189   system_gd32f30x.o
       156         70          5          0          0      33442   test.o
        22          0          0          0          0        527   time.o
       366         40          0          4         64       4570   usart.o

    ----------------------------------------------------------------------
      2558        242        342          4       2180      56374   Object Totals
         0          0         32          0          0          0   (incl. Generated)
         8          0          1          0          2          0   (incl. Padding)

    ----------------------------------------------------------------------

      Code (inc. data)   RO Data    RW Data    ZI Data      Debug   Library Member Name

         0          0          0          0          0          0   entry.o
         0          0          0          0          0          0   entry10a.o
         0          0          0          0          0          0   entry11a.o
         8          4          0          0          0          0   entry2.o
         4          0          0          0          0          0   entry5.o
         0          0          0          0          0          0   entry7b.o
         0          0          0          0          0          0   entry8b.o
         8          4          0          0          0          0   entry9a.o
        30          0          0          0          0          0   handlers.o
        36          8          0          0          0         68   init.o
         0          0          0          0          0          0   iusefp.o
        30          0          0          0          0         68   llshl.o
        36          0          0          0          0         68   llsshr.o
        32          0          0          0          0         68   llushr.o
      2272         86          0          0          0        516   printfa.o
        44          0          0          0          0         80   uidiv.o
        98          0          0          0          0         92   uldiv.o
        48          0          0          0          0         68   cdrcmple.o
       334          0          0          0          0        148   dadd.o
       222          0          0          0          0        100   ddiv.o
       186          0          0          0          0        176   depilogue.o
        48          0          0          0          0         68   dfixul.o
       228          0          0          0          0         96   dmul.o

    ----------------------------------------------------------------------
      3668        102          0          0          0       1616   Library Totals
         4          0          0          0          0          0   (incl. Padding)

    ----------------------------------------------------------------------

      Code (inc. data)   RO Data    RW Data    ZI Data      Debug   Library Name

      2598        102          0          0          0        960   mc_w.l
      1066          0          0          0          0        656   mf_w.l

    ----------------------------------------------------------------------
      3668        102          0          0          0       1616   Library Totals

    ----------------------------------------------------------------------

==============================================================================


      Code (inc. data)   RO Data    RW Data    ZI Data      Debug   

      6226        344        342          4       2180      54462   Grand Totals
      6226        344        342          4       2180      54462   ELF Image Totals
      6226        344        342          4          0          0   ROM Totals

==============================================================================

    Total RO  Size (Code + RO Data)                 6568 (   6.41kB)
    Total RW  Size (RW Data + ZI Data)              2184 (   2.13kB)
    Total ROM Size (Code + RO Data + RW Data)       6572 (   6.42kB)

==============================================================================

